Rosenborg og Sundsvall barka i hop i treningskampen på laurdag.
Tilhengjarar og fotballbøller barka i hop i nokre av dei verste fotballopptøyane i Egypts historie.
Antimatter, ei anti-pedofiligruppe som ved fleire høve også har barka i hop med politiet.
Det gjekk hardt for seg då Svendsen og språkdirektør Åse *Wetås barka i hop.
Hammarby og Malmö barkar i hop i Stockholm.
Det viste seg å vere to gjengar som hadde barka i hop.
20 høgreekstremistar og 30 motdemonstrantar gjekk laus på kvarandre med flasker og rakettar.
Reformivrige politikarar går laus på skattesystemet.
Vi fekk melding frå utestaden om to menn som gjekk laus på ein mann og sparka han medan han låg nede.
Utvalet har hoppa bukk over hovudproblemet og i staden gått laus på dei kommunale skatteordningane.
Romanen som leier an når salet brakar laus, er Edvard Hoems «Liv andre har levd»
Før alvoret brakar laus.
Før Slottsfjellfestivalen brakar laus frå onsdag.
Altså før finanskrisa braka laus.
Der knaka og braka det inne ved stammen, og greina sokk meir og meir.
Heile det søraustlege Kina syd og koker, knakar og brakar av vekst.
Lyset blinka og tora braka.
Tora braka og regnet fløymde ned.
Det har falle mange tungt for brystet at han tillét debatten.
Nettopp denne *backstop-løsningen har falle mange brexit-tilhengjarar tungt for brystet.
Mange vart sende til legevakt etter brannen.
Flyktningane vart sende til land i Libyas hovudstad.
Dei hardast skadde vart sende til sjukehus i Kandahar.
Tre forskarar som blir sende til den avsidesliggjande øya.
Flyktningane som har vore innkvarterte i leirar på øyar i Stillehavet sidan 2013, blir sende til Australia.
Mange skadde og omkomne skal sendast til land.
*Oguna seier 57 elevar er sende til sjukehus.
Ein bilførar er send til sjukehus.
Vaktene vart lettare skadde i basketaket og måtte sendast til legevakta for å få sydd eit par sting.
Kisten med Mugabe skal først sendast til Mugabes private bustad Blue *Roof.
Dermed må dei andre tre sikta hentast frå arresten på politihuset i Oslo til Oslo tingrett.
Lasteskipet *Tide *Carrier skal sendast til Tyrkia for endeleg å bli hogge opp og resirkulert.
Flyktningane blir sende til Australia.
Tysdag skal dei sendast over den egyptiske grensa.
Røde Kors i Noreg vil no finansiere seks ambulansar som så snart som mogleg skal hentast frå Vestbreidda til Gaza.
I dag avslører vi endå eit hemmeleg kjernefysisk anlegg som vart eksponert i arkiva som vi bringa frå Teheran.
Fire barn var henta frå flyktningleiren der dei var, til konsulatet i Arbil i Irak.
Laurdag kveld vart han henta frå sjukehus til eit fengslingsmøte i ein domstol i Moskva.
Tre av dei sikta skal hentast frå arresten til tinghuset i Oslo.
Stort sett strålande veke i vente i sør, er gladmeldinga NTB kan formidle frå vakthavande meteorolog på Blindern.
Dei største norske avisene har signalisert at dei vil formidle frå 12 til 36 sider med OL-stoff kvar dag.
Uvêret førte med seg kraftig vind.
Då *Dorian trefte kysten i Nord-Carolina, førte han med seg kraftig vind.
Sommaren førte med seg både rekordvarme og uvanleg kalde dagar.
Ofte er utfallet akkurat det motsette, då pengar ofte fører med seg masse som slett ikkje er sportsleg utviklande.
Det har ikkje ført med seg noko godt.
Skipsfart og koloniherrar har ført med seg mange invaderande artar.
Fløyelsrevolusjonen, som i 1989 førte med seg demokratiske endringar i den tidlegare kommuniststaten.
Det brennande ønsket vårt om å føre Manchester United tilbake til toppen.
Etter å ha betalt menneskesmuglarar for å føre dei til Europa.
*Ocean Viking fekk tysdag instruksar om å føre migrantane og flyktningane til hamnebyen *Zawiyah i Libya.
Bygget blir ein kunnskapspark og ein samlingsstad som skal skape synergiar på tvers for å føre bransjen framover.
Det gjer at ho har gode føresetnader for å lykkast med den oppgåva ho har framfor seg, å føre Norsk Ukeblad inn i ei ny tid.
Dronninga var svært interessert i kva vi dreiv på med, og kva som har ført oss hit til Chile.
Dette er spelarane som har ført laget til sluttspelet.
Det var meir spørsmåla enn svara som førte Heyerdahl fram i lyset.
*FlightPark hentar og fører bilen din til terminalen.
Den fører tankane til alt frå Dickens, *Lemony *Snicket, Roald Dahl og Jules Verne.
Det er framleis uklart kvifor lokomotivet som førte arbeidarane inn i tunnelen, byrja å brenne.
Å arbeide utrøytteleg for å bringe fred til folket.
Vi er kvinner, vi er mødrer, la oss stanse lastebilane som bringar død til barna våre.
Ein humanitær hjelpekanal som kan bringe mat og medisinar til dei som treng det mest.
Verdssamfunnet treng eit klarsignal til å bringe hjelp inn til 1 million menneske.
Kurt har ei fri rolle, men hjelper til med å bringe klede og drikke til lagkameratane.
Alliansen har bringa fred og økonomisk framgang i regionen.
Å leite fram gode prosjekt som bringar musikk inn i scenerommet.
Blant dei som bringa gåver til sjefen, var landbruksminister Lars Sponheim (V)
Eg håpar å kunne bringe fleire positive ting til spelet til Molde.
Eit fly som skulle bringe fleire hundre nordmenn heim frå Mallorca tysdag, er kansellert.
Toppe meiner uklarleikane vil bringe mange spørsmål opp før behandlinga i Stortinget.
EU har bidrege til å bringe gamle fiendar saman.
Vi kjem til å lykkast med å gi håp utan korrupsjon og ekstremisme.
La lauslatinga mi gi håp på vegen mot ein rettsstat og demokrati.
Dette burde få oss til å gjere vårt ytste for å gi håp til folket.
OL-elden gav håp og vennskap til London.
Styresmaktene har fengsla *Titiev berre for å få Memorial til å teie.
USA godtek ikkje slike handlingar for å få ein journalist som Khashoggi til å teie.
Menneskerettsaktivistar meiner saka mot henne er eit forsøk på å få henne til å teie.
Eg ser dette som eit forsøk på å få folkevalde som høgt og tydeleg støttar menneskerettane, til å teie.
Menneskerettsgrupper har fleire gonger tidlegare skulda al-Sisi for å få både medlemmer av Den muslimske brorskapen og sekulære aktivistar til å teie.
Vi blir terroriserte og knebla.
Den frie pressa kan ikkje kneblast.
Fasting Torgersen skulle kneblast då han slapp ut etter soninga.
Verdssamfunnet står og ser på medan dei som kunne fortelje oss sanninga, blir knebla.
Ei politisk rettssak som tek sikte på å skremme folk til å teie.
Ein rapport som er meint å presse folk til å teie.
Ho var klar over ein kultur der kvinner vart pressa til å teie.
Frå *Douma blir det meldt at vitne og helsepersonell blir trua til å teie.
For kvar journalist som blir drepen, blir mange andre journalistar pressa til å teie.
Ifølgje menneskerettsorganisasjonen medfører det ei knebling av ytringsfridommen, der folk blir tvinga til å teie for å kunne bli lauslate.
Avisa skriv at barna vart trua til å teie.
Ingen blir tvinga til å teie her i landet, seier *Akdogan.
Heile anbodsordninga kan komme i vanry slik situasjonen har utvikla seg.
Det farlege med slike debattar er at den kristne tru kjem i vanry.
Denne saka er eit oppkok av påstandar som allereie er komne i vanry i ei sivil sak.
Men det var først i 2011 at Strauss-Kahn for alvor kom i vanry.
Aktor *Frederic Van *Leeuw ventar at rettssaka i Brussel vil avdekkje nye opplysningar om terrorcella.
Nokre av sakene som er avdekt, har opphavet sitt så langt tilbake som i 1922.
Ian *Halperin vil avdekkje den sanne historia bak forholdet til det kjende filmparet.
Arkeologane trur utgravinga vil avdekkje beinrestar som viser at denne skipsreiarfamilien for det meste åt dyre lammelår.
Ei ransaking av leilegheita til mannen avdekte eit regelrett arsenal av våpen.
I botnen viser det seg å liggje nokre krigsopplevingar som også blir avdekte.
Ved analyse kan dei avdekkjast.
Sanninga vil komme for dagen.
*Floberghagen er glad for at Skarvøys versjon av saka endeleg har komme for dagen.
Lekkasjen kjem for dagen idet statsminister Theresa May førebur seg på ein tre dagars reise til Kina.
Skandalen som kom for dagen tidlegare i år, er ein mørk flekk på Trudeaus renomme.
Ein lang og spennande valkveld vart send til ende då valvinnaren endeleg viste seg.
Viss begge kandidatane rettar seg etter pålegget frå sentralstyret og nominasjonsmøtet, er ein svært spesiell nominasjonsstrid sendt til ende.
Alle er tente med at saka blir send til ende så raskt som mogleg.
Samtidig har det vore eit komplisert prosjekt, som eg er svært fornøgd med å ha sendt til ende.
Skjern lét seg ikkje distrahere.
Ho lét seg ikkje distrahere då arrangøren spelte feil musikk for henne i frittståande.
Det har han vist i Kiel, der han også har vist at han kan skape suksess under vanskelege forhold og ikkje lèt seg distrahere.
Uthaling av tid og andre ting som kan få motstandaren ut av fatning.
*Lucky Luke bytte ut rullingsneipane sine med strå, så tobakksmangelen får også han ut av fatning.
Mexico var vippa av pinnen, og Argentina kunne ta ein klar 3-1-siger.
Billy *Crystal vart vippa av pinnen nyleg under suksessframsyninga si «700 *Sundays» i New York.
Eg fryktar ikkje at han vil bli vippa av pinnen, seier Pettersen.
Nordmenn er forvirra og vippa av pinnen etter Donald Trumps uttale.
Under rettssaka forklarte ho at ho var vippa av pinnen av forholdet til ein venn av familien.
England treng ikkje bruke tid på å prøve å få han ut av fatning eller på å få han utvist.
Caroline fekk motstandaren ut av fatning ved å krangle med hovuddommaren.
Frå første minutt viste bergensarane at dei ikkje ville la seg bli spelte ut av fatning på bortebane.
Etter det NTB har klart å finne ut.
Etter det NTB har funne ut, har det berre skjedd éin gong.
Avisa har også funne ut at paret har pussa opp.
Eg har ved nærare studiar av gjestelista funne ut at denne middagen ikkje er meint som ei feiring.
Etter forumet legg han ut på ei rundreise i USA for å drøfte korleis økonomien kan bringast på fote igjen.
Norsk hoppsport skal bringast på fote igjen i løpet av to år.
For meg handlar det veldig mykje om kva vedkommande fører til torgs.
Det er fleire spørsmål partiet ønskjer svar på enn det som har vorte ført til torgs under all turbulensen.
Ho er spent på kva Wara vil føre til torgs.
Kravet om tilgang til fjernsynet og gjenopning av stengde aviser har vore eit av dei viktigaste ankepunkta opposisjonen har ført til torgs.
Bønder og andre produsentar vil gjerne føre varene sine til torgs.
Men ingen veit kva som kan hende, svarte ein kryptisk Messi.
Ingen veit kva som kan hende, men det vil heilt sikkert skje strukturendringar i det norske bankvesenet i åra framover.
Vi får sjå korleis det skal gå.
Vi får berre sjå korleis det skal gå.
Eg meiner vi no skal gle oss over at vi tek desse grepa, så får vi sjå korleis det skal gå.
Vi får sjå kva framtida vil bringe, men eg ser absolutt fram til ein ny sesong med Celtic.
Torres røper ikkje nokon detaljar om framtidsplanane.
Eg har fått mange tilbod, men eg har ikkje teke noka endeleg avgjerd, sa Bjørndalen sjølv om korleis det skal gå.
Fleire detaljar ville ho ikkje røpe om framtidsplanane.
Landslagsspelar Heidi Løke er i tvil om framtidsplanane etter at Larvik Håndballklubb måndag stilte fri alle spelarane på grunn av økonomiske problem.
Eg skal stille opp på det eg kan vere med på, men har elles inga aning om framtidsplanane.
Nettavisen har mellom anna teke ein prat med Joshua King om framtidsplanane.
Karoline Bjerkeli *Grøvdal er usikker på framtida.
Eg er spent på framtida.
Det er betre å vere audmjuk med tanke på framtida enn å vere for skråsikker.
Det er vanskeleg å sjå korleis det skal gå, seier *Meringen.
Deltakarane har vorte meir usikre på framtida.
Ho gler seg til å sjå korleis det skal gå for Emil.
Korleis det skal gå fotballmessig, er det ingen som førebels veit.
Men korleis det skal gå, veit vi jo ikkje.
Så får vi sjå kva som skjer i morgon.
Falla seier at ho alltid gir sitt beste fordi ho aldri veit kva som skjer i morgon.
Lang og god diskusjon, kor mange deltok, så får vi sjå kva som skjer i morgon.
Ein veit ikkje kva som skjer i morgon.
Viss vi ikkje anerkjenner det, gjer vi ein stor feil, som gjer oss mindre førebudd på kva som skjer i morgon.
Men frykta for natta, for kva som skjer i morgon, er likevel lik.
Kven veit kva som skjer i morgon?
Det var på ein måte dei som bringa det på banen òg.
Ohi blir ivrig når Noregs historisk dårlege plassering på FIFA-rankinga blir bringa på bane.
Det er eit betimeleg initiativ, og det bringar på bane verdifulle forslag.
Mange får enno frysningar på ryggen når Cuba-krisa blir bringa på bane.
Ei klarheit må bringast på bane dei neste dagane.
Då hadde han allereie bringa på bane at han kunne komme til å gi seg som toppalpinist.
NFF-toppen er ikkje stolt når Ajer-tabben blir bringa på bane.
Det pirrar å bringe klarheit i kor fort ho kan springe ein 10.000 meter.
Å bringe klarheit i dødsårsaka.
Dei ventar på betalinga til det er bringa klarheit i kven som er rett betalingsmottakar.
Det må bli bringa klarheit i kva som eigentleg skjedde.
Politiet har ikkje klart å få på det reine om det skal ha vore fleire i leilegheita.
På generelt grunnlag vil etterforsking av ulykker handle om å få på det reine om det har funnest menneskeleg eller teknisk svikt.
Etter det NTB har fått på det reine, kontakta Hareide sjølv Ropstad.
Det vi har fått på det reine, er at det er ein menneskeleg feil.
Politiet har fått på det reine at det ikkje var nokon heime.
Vi må få på det reine kva som er skjedd.
Vi har fått på det reine at Stortinget har vorte feilinformert.
Vi vil forholdsvis snart få på det reine kva for ein eventuell effekt som ligg i den nye tilnærminga til politidistriktet.
Då UNE i 2013 fekk på det reine at familien hadde loge om bakgrunnen, vart dei raskt sende til Jordan.
Politiet gjekk ut med ei etterlysing på Twitter og fekk etter kort tid fått på det reine at det var eit barn som hadde sykla på kvinna.
Det er på det reine at fregatten ikkje hadde på det automatiske identifikasjonssystemet AIS.
Så snart det var på det reine at det verkeleg var *Shalit som kom, kunne utleveringa av palestinarar byrje.
Det er gitt avslag fordi det ikkje har vore på det reine om ulven er ein såkalla genetisk viktig ulv.
Korleis hoggormane hamna i den første leilegheita, skal ikkje vere på det reine.
Dette vart avklart i dag.
Først då vil det bli avklart om mannen var rusa.
Er det éin ting som har vorte avklart, så er det at Cohen er fullstendig utan truverd.
Kven som vinn i 2013, blir avklart i Hollywood søndag.
Han ønskjer at rettsvesenet skal få utføre arbeidet sitt, og at sanninga om kva som faktisk har skjedd i Clearstream-affæren, blir avklart.
Dette er ein påstand frå sudanske styresmakter som må klarleggjast.
Det er noko av det etterforskinga må klarleggje.
Eksperimenta gjekk føre seg i tre kvarter og skulle klarleggje om generatoren kunne levere energi til kraftverket.
Britiske styresmakter vil klarleggje dei nøyaktige omstenda.
Årsaksforholdet skal og bør klarleggjast.
Eg er heilt svimmel over at *Eleanor Flood skal vekkjast til live av Julia Roberts.
På nytt blir det dokker som blir vekte til live.
I regien hans vil denne spesielle tida i historia vår bli vekt til live igjen.
Han er redd for at det skal bringe ulykke viss han tippar korleis det heile endar.
I Napoli, der overtrua framleis er sterk, har saka bringa ulykke over byen.
Eigaren av ein tilfluktsstad ved vulkanen seier fotturistar vart henta ned frå høgda for å fraktast i tryggleik.
*Bombemanen visste at politiet ville storme til staden for å få folk i trygg forvaring.
I det tenkte landet *Beachland skal 30 flyktningar frå ein etnisk minoritet eskorterast om bord i hurtigruteskipet Polarlys for å fraktast i tryggleik.
Norske styresmakter gjer alt for at desse kan komme i trygg forvaring.
Tilsette i dyrehagen kom deretter til og heldt ved hjelp av brannsløkkingsapparat dei to dyra på avstand slik at guten kunne komme i trygg forvaring.
Framleis er ni nordmenn ikkje i tryggleik, og norske styresmakter gjer alt for at desse kan komme i trygg forvaring.
Mannskapet har forlate fartøyet og er i trygg forvaring.
Han visste at kona var i trygg forvaring.
Få timar seinare var diktatoren i trygg forvaring i Wien.
Han er i trygg forvaring og blir vareteken av kyndig medisinsk personell.
Guri Solberg i UD seier til NTB at vedkommande er i trygg forvaring.
Alle dei fire bebuarane i eit hus som vart omringa av *Fortundalselva i Skjolden i Sogn og Fjordane, er i trygg forvaring.
Rundt 35.000 skal vere teke hand om etter styrtregnet.
Over 360 menneske er tekne hand om sidan torsdag kveld.
*Vucic er teke hand om etter at eit arsenal av våpen skal ha bli funne i nærleiken av heimen hans.
Ein skadd person blir teken hand om etter ein av bombeaksjonane i Istanbul torsdag.
Eleven vart teken hand om etter å ha lege levande gravlagt i 80 timar.
Flyktningane vart tekne hand om på skipet *Aquarius.
Flyktningane som overlevde då ein fiskebåt kantra utanfor Libyas kyst onsdag, vart tekne hand om på Sicilia i Italia.
Alle 16 vart omsider tekne hand om på sjukehuset i Santiago.
24-åringen vart teken hand om, og politiet tok så opp jakta på gjerningsmannen.
Personen som sat i bilen, vart teken hand om, og tunnelen vart gjennomsøkt.
Visepresidentkandidaten var inne i bygningen då angrepet starta, men vart teke hand om og slapp frå hendinga utan alvorlege skadar.
Elevane vart berga inn i andre skulebygg.
Han vart berga inn i bomberommet på statsministerbustaden.
Dei som blir redda opp av skipet, vil bli berga inn i hamnene på Italias fastland og på Sicilia.
Det blir opp til vedkommande å avgjere kvar han skal førast i land.
I EU blir det i dag spylt like mykje fisk på sjøen som det blir ført i land.
Mannskapet har vorte nekta å føre i land varene.
Før ein fangst blir ført i land, må hamnestaten varslast om innhaldet i fangsten.
Verdiane som blir førte i land frå havet.
Han peikar på at kryssarrakettane som kan bli brukt, har ei rekkjevidd på opptil 2.500 kilometer og ikkje må plasserast ut nær Syria.
For første gong på fleire tiår er soldatar frå den libanesiske hæren plassert ut langs den blå linja.
Vi er framleis på det stadiet der vi vil sikre oss at *Hizbollah ikkje blir plasserte ut langs den nordlege grensa vår.
Sidan desse handlingane er brotsverk, må dei leggjast fram for dei rette organa.
Det er heilt openbert at den slags informasjonen må leggjast fram for domstolen.
Eit lån som ikkje er lagt fram for generalforsamlinga i Aker.
Då saka vart lagd fram for Høgsterett, vart denne lovtolkinga avvist.
Situasjonen i landet må snarast komme under kontroll.
Asylstraumen i nord skal komme under kontroll.
Både dyre- og plantelivet må kartleggjast og komme under kontroll.
Ein elefant som  dei siste månadene har trampa i hel 15 personar i det austlege India, kan bli skoten og drepen viss han ikkje kjem under kontroll.
Det må ryddast opp i.
Formalitetane rundt dette er no rydda opp i.
Kulturdepartementet har sagt nei til vidare tilskot viss ikkje økonomien blir rydda opp i.
Vi vil så snart som mogleg sende over dokumentasjon på at desse er rydda opp i.
Retten måtte då ta pause i 20 minutt for at saka skulle ryddast opp i.
Stortingsrepresentant Geir Pollestad (Sp) tek til orde for å få ei lov om god handelsskikk på plass for å få orden i daglegvarebransjen.
Vi vart pålagde av meklingsmannen i 2006 å få orden i dette.
Hjelpemannskapa prøver å få orden i kaoset.
Det er grovt rekna tre forhold som står att å få orden i før kvaleksporten kan starte.
Med dialog reknar vi med å få orden i dette.
Dette har ført oss vidare.
Eg er lei meg for det eg har gjort og alle handlingane som har ført oss hit i dag.
Oppdaginga fører oss nærare svaret på om jorda er unik.
Du kan få impulsar som fører deg vidare.
Dagens beskjed har ført oss nærare eit nyval.
Viss regimet tenkjer å halde fram radikaliseringa av ein prosess som har ført oss til denne tragedien.
Det fører oss til ein annan britisk studie.
Om vi deler ideane hans og kva han kjempa for eller ikkje, kan vi alle kjenne oss igjen i denne mannen som førte oss saman, sa Macron.
Dette fører meg til mitt andre punkt, nemleg fridom.
Den *provestlige folkeoppstanden som førte han til makta.
Det har vore ei uendeleg reise, men Gud har ført oss hit.
Eg reknar med at vi vil halde i morgon fram, og så får vi sjå om dette har ført oss vidare.
Deira felles kamp fører til at fleire blir barka i hop frå dei to landa.
Det var NRK som barka i hop Stella *Mwangi og Alexandra *Rotan for å gjere denne låten.
Gjenforeininga av Tyskland barka i hop to separerte delar av ein nasjon.
Om vi deler ideane hans og kva han kjempa for eller ikkje, kan vi alle kjenne oss igjen i denne mannen som førte oss saman.
Ifølgje Rouhani tek planen sikte på å bringe saman landa rundt Persiabukta.
Det reflekterer kosmopolitten London, som bringar saman folk frå heile verda.
Formålet med møtet er å bringe saman politiske leiarar som er svært motiverte for å gjennomføre Parisavtalen.
The *Emile Awards skal delast ut for første gong i år -- i håp om å bringe saman heile animasjonsbransjen i Europa.
Festivalen bringar saman folk frå heile verda i fine og pittoreske omgivnader.
Det er uklart korleis dette kan skje, sidan USA ikkje er medlem og derfor heller ikkje kan leggje saker fram for domstolen.
Saka vart lagt fram for FN-domstolen i Hamburg av styresmaktene i Ukraina.
Den kinesiske utanriksministeren Li *Zhaoxing sa under eit besøk i Iran laurdag at saka helst ikkje bør leggjast fram for Tryggingsrådet.
Eyvind Smith seier til NTB at dommen i seg sjølv ikkje kan leggjast fram for EMD fordi han er for gammal.
Dersom forbunda ikkje vil ta tak i sakene, vil dei bli lagt fram for Den internasjonale valdgiftsretten for sport (*CAS)
Israel seier praksisen er nødvendig fordi nokre tilfelle ikkje kan leggjast fram for retten.
Saka vart deretter lagt fram for EMDs storkammer.
Alle drap er forferdelege, men dette fører det til nye høgder.
Ei grøn bølgje fører MDG og særleg Senterpartiet til nye høgder i høvesvis by og bygd.
Menneska om bord blir bringa tilbake til interneringsleirane.
Migrantane som vart redda, er bringa tilbake til Libya.
Alle vart bringa tilbake til interneringsleirar.
Familiane skulle derfor eigentleg vore bringa tilbake til Sverige.
Han vart teken hand om av frivillige mannskap frå Røde Kors Hjelpekorps og vil bli bringa tilbake til turkameratane sine.
Kisten med Zimbabwes ekspresident Robert Mugabe er bringa tilbake til heimlandet for å bli gravlagd.
Noreg ønskjer å bidra til at stolne kulturgjenstandar blir bringa tilbake til opphavslandet.
Det er det som skal føre oss framover, minte han om, før han sette seg på flyet heim.
Eit grønare budsjett kan føre oss framover, seier Gro Harlem Brundtland.
Bit for bit har dei ført saka framover, seier Dørum.
Skal fredsprosessen bringast framover, er det heilt nødvendig at PLO held fast ved forhandlingslinja si.
Fredsprosessen, som for alvor vart bringa framover då det norske diplomatiet tredde aktivt inn.
Vi er verkeleg optimistiske over at situasjonen no kan bringast framover.
RiksTV bringar tilbake gamle heltar på radioen.
I samband med Riksteatrets 60-årsjubileum har ho bringa tilbake ein av dei første barneframsyningane til teateret.
Dette prosjektet skal bringe tilbake verktøya og gjere dei tilgjengeleg for ein ny generasjon kunstnarar.
Krisa bringar tilbake tidlegare traume og er ein direkte trussel mot den mentale helsa til barna og utvikling.
Det bringa tilbake appetitten min på fotball, seier Rose.
Duetten vi gjorde, bringa tilbake den gamle scene-kjemien og magien.
Ein nordisk fotballiga vil bringe tilbake det nordiske idrettssamarbeidet.
Mange unge brasilianarar fryktar at Bolsonaro kan bringe tilbake eit autoritært regime i landet.
Ein ryddeaksjon i BBCs arkiv har bringa tilbake eit Beatles-lydopptak frå 1963.
At det å snakke om han ikkje berre bringar tilbake eit sakn, men mest av alt kjærleik og stoltheit.
Polaroid slepper eit omvendt kamera - og Coca-cola bringar tilbake sin omdiskuterte New *Coke.
Vi har allereie starta å evaluere kva for nokre andre filmtypar vi kan bringe tilbake.
Eg vil gjerne sjå at det er nokon som har spelt der og som kan bringe tilbake noko av den mentaliteten som sir Alex (Ferguson) stod for.
Han har i valkampen snakka i generelle ordelag om å bringe tilbake folkeskikken i politikken.
Regimet har stelt i stand eit militærkupp for å bringe tilbake dei same personane.
Her lykkast spelet i å bringe tilbake den gode kjensla frå høgdepunktet i serien.
Når vi i år feirar 10-årsjubileum for festivalen, ønskjer vi å bringe tilbake ein del av dei største artistane som har vore på *Márkomeannu.
*Mnangagwa ønskjer å bringe tilbake utanlandske investorar for å redusere massearbeidsløysa i landet.
Målet er å bringe tilbake prøver.
Ei heller burde han ha vorte bringa tilbake til rettssalen to dagar etter undersøkinga.
Dei krev at ho blir bringa tilbake til der ho vart stansa.
Den andre måtte skytast med *bedøvelsespil før han kunne bringast tilbake til buret.
Det var det første objektet som var bringa tilbake frå verdsrommet.
Det braut ut fullstendig kaos då kista vart bringa tilbake frå Egypt.
Verdsbanken har gitt pengar til tekniske studiar av korleis overflata i Dødehavet kan bringast tilbake frå dagens 410 meter under overflata i havet til det historisk normale 395 meter.
Jentene må bringast tilbake til familiane sine.
Flyktningar som prøver å ta seg til Europa i båtar, skal stansast i libysk farvatn og bringast tilbake til Libya.
Ho understrekar at det ikkje betyr at at IS-foreldre som blir bringa tilbake til Noreg, skal unngå straff.
Det bringa tilbake minne.
Det vil også kunne bringe tilbake vonde minne for nordirar.
Drapet på den engelske politikaren Jo Cox bringar tilbake minna om drapet på Anna Lindh.
Gjensynet bringar tilbake gamle minne, og eventyret i fortida.
Kampen kalla fram minne frå Mike *Tysons berømte og berykta bit.
Det viser kor langt Greta er villig å gå for å bringe fram bodskapen sin.
Ein avtale som gjer det mogleg for India å bringe varer fram til Sentral-Asia.
Regn og flaum har ført til problem med å få bringa fram forsyningar.
Eg har ei kjensle av at dei to har bringa fram andre typar musikalske tilløp frå meg.
Desse tre journalistane bringar fram viktig informasjon.
Rapporten kan bringe fram nye opplysningar om saka.
Eit strålande førebilete som bringar fram det beste i idretten.
Han fortener å bli bringa fram i lyset.
Gode idear skal bringast fram til realisering.
Fortida blir bringa fram og blir avslørt.
Utvalet skal gå gjennom alle forhold som er bringa fram i Riksrevisjonens rapport frå juni.
Men det er kanskje andre moment som må bringast fram i denne debatten.
Saka vart bringa fram i søkjelyset av rivalen hans på ytre høgre.
Det er ein sjanger som eg trur vil få ut mykje rart i alle deltakarane.
Det ville derfor vere lett for butikkane å få varene ut til mange kundar på ein gong.
VM-kampar har ein tendens til å få ut det beste i folk.
Eg merkar at det får ut det beste i meg.
Det var ikkje tid eller krefter til å finne og få ut døde.
Det kom også fram at gruppa sjølv fekk velje kven som skulle bringast ut først, sidan alle var i relativt god form.
*Eg trur det kan komme til å ende med at posten blir bringa ut vekefast.
Dei døde menneska må hentast ut av havarerte «*Rocknes» på ein respektfull måte.
Personen vart henta ut av grotta på båre.
Frode Berg vart raskt henta ut av rettssalen.
Den colombianske syklisten Juan Mauricio Soler er i ferd med å hentast ut av kunstig koma.
Ho måtte hentast ut av flyet i rullestol.
Den beste strategien er å prøve å forhindre at plast og avfall blir bringa ut i havet i første omgang.
135 menneske er så langt bringa ut i live frå ruinane.
Detaljar frå avhøyra vil bli bringa ut i offentlegheita.
Gaddafis lekam vart bringa ut i ørkenen og gravlagt ved *morgengry.
Ho vart send ut på båre.
Pharma-delen kjem til å satse på medisinar som det tek rask tid å utvikle og sende ut på marknaden.
Ho vart slått ut i semifinalen, men vart sendt ut på scena til stor applaus.
Dei beslaglagde eksemplara av romanen kunne dermed bringast ut til bokhandlarane igjen.
No skal Hans *Børli og Vidar Sandbeck blir bringa ut til eit ungt publikum.
Hub meiner at forsking må populariserast og bringast ut til folk.
Så snart den komne til posten til Kristiania og Bergen var ferdig sortert, skulle alle alminnelege brev bringast ut til adressatane.
Så skal dette sive nedover til lêrutdanninga på Kalvskinnet og bringast ut til dei oppveksande.
Også Røde Kors er på staden for å sørgje for at varene blir bringa ut til folket.
Blir tøysekken tilsølt på utsida med infisert materiale, skal den *dobbeltemballeres med ny tøysekk før ho blir bringa ut til ureint lagar.
Dei skal bringast ut til den internasjonale romstasjonen ISS.
Det skal ifølgje *Guardian ha vore Daniel Craig sjølv som bad om at Phoebe Waller-bridge skulle bringast inn i «Bond 25»
Boka bringa inn 9,4 millionar dollar.
Medan dei får det, må vi bringe inn dei beste, anten dei er kvinner eller menn.
Asylsituasjonen i 2015 hadde ikkje ei slik hastegrad at ho ikkje kunne førebuast og bringast inn til behandling i Stortinget.
Då han presenterte VM-troppen, skrytte Sjögren av den unike energien Sandviken-spelaren bringar inn i gruppa.
No skal vi bringe inn andre uttrykk og språk òg.
Sidan har James selt 150 millionar bøker og bidrege til tre filmar som har bringa inn svimlande ein milliard dollar.
Forhåpentleg kan eg bringe inn nokre nye saker.
Han håpar konserten hans vil bringe inn 100 millionar dollar til nødhjelp til Venezuela.
I april 2017 vart Remøy bringa inn etter at Russland fann ein feil ved lisensen til båten.
Huawei er i fleire land mistenkt for å bringe vidare opplysningar til den kinesiske staten.
Fortrulege opplysningar som den sikta har gitt til ein medhjelpar under føresetnad om at dei ikkje måtte bringast vidare, kan dermed brukast som bevis i saka.
Desse utsegnene blir bringa vidare av nyheitsbyrået *Tasnim.
Saka vart bringa vidare til EU-domstolen då EU-parlamentet nekta dei innsyn i dokumenta.
Eg prøver å bringe vidare erfaringane mine frå Noreg og utlandet om kva som verkar og ikkje verkar.
Dei skal omgåande bringast vidare til andre europeiske land.
Eg trur nok dessverre at sjansen er større for at dei blir terroristar om dei ikkje blir henta heim.
For Obama held det truleg å vinne i Wisconsin og Iowa eller Nevada i tillegg til Ohio for å hente sigeren heim.
Trump og administrasjonen hans forsterkar tiltak for å kunne hente heim alle amerikanarar som sit urettferdig fanga i utlandet.
I dag minnest vi våre døde, vi takkar dei som henta dei heim.
Meininga er at dei deretter skal hentast heim og få hjelp til å byggje opp livet sitt igjen.
Maud vart i august i fjor henta heim til Vollen i Asker.
Juncker er henta heim til Luxembourg, der galleblæra skal fjernast.
Vi ønskjer å uttrykkje den djupe takksemda vår for at dei har henta oss heim.
No er han likevel henta heim til bustaden sin i forstaden Houghton utanfor Johannesburg.
Eg har aldri vore med på leiarsamlingar, sa Ingebrigtsen, som også avviste at dette spørsmålet hadde vorte teke opp av nokon i styret.
I tillegg vart ein forretningsidé (eksklusive solbriller) teke opp av eit par av spelarane.
Jensen har fått kritikk for at ho bringa opp orda snikislamisering.
Elleve kvinner, tre menn og eitt barn vart teke opp av jordmassane.
20 omkomne er henta opp av vatnet.
Minst 84 menneske er henta opp av vatnet i live.
Ved 9.30-tida var alle tre henta opp frå tanken.
Tidlegare har det også vore meldt at to radarar er tekne opp av djupet.
Det vart først lagt fram til avstemming på IWC-møtet i 2001.
Dette er andre gong saka blir lagd fram til behandling i forliksrådet.
Det er historia om at Barcelona berre har éin måte å spele fotball på og ikkje har ein plan B når resultata buttar imot, som no er lagt fram til diskusjon.
Dei peikar på at Hjort-rapporten avdekte at tenestetilbodet i Luxembourg-filialen ikkje på noko tidspunkt vart bringa opp til konsernsjefen.
Eg må nok seie at det er kritikkverdig at denne varslinga ikkje vart bringa opp til *Baksaas og styret.
Rapporten frå advokatfirmaet Hjort konkluderer med at informasjon om tenestetilbodet knytt til skatteparadis ikkje på noko tidspunkt vart bringa opp til tidlegare eller noverande konsernsjef eller konsernstyra.
Hovudstyret skriv i grunngivinga si at renta etter kvart og då gradvis kan løftast opp til eit meir normalt nivå.
Det kan aldri løftast opp til ein tryggingsmessig standard som svarer til vestlege normer.
I Australia finst eit viktig stykke norsk sjøfartshistorie som no blir henta opp til overflata.
Dei overlevande festa då ein lapp til borehovudet, og denne lappen vart henta opp til overflata.
Dei omkomne vart henta opp til vasspegelen.
Ferdsskrivaren frå det egyptiske flyet som styrta i Raudehavet 3. januar, vart laurdag henta opp til overflata.
Budsjettunderskotet blir auka til 148,5 milliardar kroner.
Raudt vil annullere kontrakten med Babcock dersom ikkje tilgjengelegheita på ambulanseflybasane omgåande blir auka til 98,4 prosent.
