Ny iPhone slit.
iPhone og iPhone slit.
KrF og KrF slit.
KrF.
Her er Dei franske Alpane.
Her er Dei franske Alpane.
Her er Dei franske Alpane.
Her er Dei franske Alpane.
HER ER DEI FRANSKE ALPANE.
Her er den magnetiske sørpolen.
Her er den magnetiske sørpolen.
Her er den magnetiske sørpolen.
Her er den magnetiske sørpolen.
HER ER DEN MAGNETISKE SØRPOLEN.
Den kinesiske målvakta *Peng *Shimeng kasta seg forgjeves.
Det var i den vesle BYEN.
Dette er påstanden til Miami-talsmannen.
Dette er ein TERRORORGANISASJON, sa han.
Han vil opne ei pandoreske.
Det var den flygande hollendaren.
Det var den magnetiske sørpolen.
Det var gallarkrigen.
Det var døparen Johannes.
Det var døparen Johannes.
Det var vandrehallen.
Åtte personar til er funne.
Men åtte personar til er funne.
 Dei to døgna det gjekk føre seg hende ting.
Kampen til VM-laget er slutt.
Distrikts-NRK er slutt.
Det seier Black Lives Matter-rørsla.
Valsiger for Dei grøne.
I MINUSMAs hovudkvarter skjer ting.
71 år gamle Tua *Forsström er finsk.
Resolusjonar i FNs hovudforsamling er ikkje bindande.
Det var KILs tredje siger på rad.
Men ETTER at uvêret hadde gitt seg gjekk det bra.
Serien er basert på boka Skitten Snø.
Han jobbar som NY Rangers-kommentator.
Han blir kalla Jean VI.
– Grensekontrollen til politiet blir bemanna.
Han leier driftseininga til politiet i Sogn og Fjordane.
Det seier amerikanske General Electric.
FLEIRBRUKSOLJE.
Det seier dei til Flysmart24.no.
Fiskesprellporteføljen er ferdig.
Det er på Sørlandssjukehuset det skjer.
Målvakta fekk ei bot på éi vekelønn og vart droppa frå førsteellevaren i den følgjande 2-0-sigeren over Tottenham.
Ho skal jobbe med styresmaktskontakt og særleg med spørsmål knytt til EØS-avtalen.
Han var i den følgjande 2-0-sigeren over Tottenham.
Persontoga snur på Arna stasjon, og Vy organiserer bussar mellom Arna og Bergen.
– Det kan reknast med at dei etter få minutt vart så nedkjølte at dei ikkje klarte å halde seg på overflata på grunn av luft- og vasstemperatur og sjøgang, skriv havarikommisjonen.
Då må alle dei andre EU-medlemmene gå.
20.45-kampen på måndag vart spelt på *Stadio San *Paolo.
Delfinalen i kveld var den første av totalt fem.
FA-cupomkampen på onsdag gjekk bort.
Den går frå Aust-Sibir til Kina.
(NTB-Ritzau-TT).
Det er forskjellar i Pedagogisk-psykologisk teneste, som skal hjelpe skulen.
