Gå dit!
Stå der!
Gjer det!
Ta den!
Dette er ein spade, og bruk den!
Slå den, den som kan!

Så blir det den.
Då bruker vi den.
Derfor køyrer vi den.
Når vi treng ein pause, bruker vi den.
Til slutt fann han den.
Så las han den.
Mursteinen, kallar vi den, til minne om murane vi bygde for Farao.

Du er den du er.
Eg er den eg er.
Den du var.
Den du er.
Den du har vore.
Den du vil vere.
Dette vil hindre meg i å vere den eg er.

Det skal jo vere lov å kunne vere med den ein vil utan å høyre at det er noko feil med deg.
I neste situasjon kan det vere deg eller den du er glad i som ikkje får den hjelpa dei treng, åtvarar han.
Kven som helst kan søkje på inntektene til andre, formue og betalt skatt, men søket blir synleg for den ein søkjer på.
I mars endra PST Bertheussens status i alle sakene, bortsett frå den ho allereie var sikta for.

Då sat eg den, sa målskåraren etter kampen.

Det er ungdommar som søkjer tryggleik i ein annan del av verda enn den dei kjem frå.
Det er den som best varetek oss.
Mange av landa som har nekta å signere pakta, har reagert på det sistnemnde punktet og hevda at den truar sjølvråderetten og suvereniteten i landa.
Dei overvakte satellitten etter at den hadde forlate den franske.
Orkanen Maria forårsaka store øydeleggingar då han slo over det amerikanske øyterritoriet.

Også den har fått nytt opplag.

I dag er døra stengd for den som fullfører tre år studiespesialisering.

– Den har vi alle!
Og den meiner han er klart bondefiendtleg.

Det gjeld heile den norske befolkninga.

Men saka er den at vi ikkje gidd.
