nno-nob	67ee667312af9ea14c9114968806a7d766a2bb4d
AP_SRC1	c88c65dc8bc8830f4df21e40f1135e37005ef658
AP_SRC2	6cc1c7c398cacb3146f6507abede4c2e37b48322
Fiskeriministeren meiner at talet er altfor høgt.
Vi er overvelda av talet på skadde.
