Dei gøymde den hardt skadde kvinna i skogen og forbatt skadane med sine eigne klede.
dei tok av meg dei våte *ytterklærne, sørgde for å halde meg varm og forbatt såra for å stoppe blødingane.
Medan eg prøvde å forbinde såret og halde han vaken, ringde eg politiet og nødnummeret igjen og igjen.
*Jazykov følgde det 13-trinnets oppskrifta på korleis han skulle skjere i olbogen med ein skalpell, tappe betennelsen og forbinde såret.
Hovland hjelpte han med å forbinde skotsåra i beina.
Eg tok av meg ein topp for å forbinde skaden.
eg fekk ei anna jente til å ta av seg singleten for å forbinde låret.
162.000 kilometer veg er under bygging for å knyte saman Kinas 100 millionbyar.
Toget skulle etter planen knyte saman Los Angeles og San Francisco.
Eldre kjenner det er utrygt å bere rundt på for mykje kontantar.
Det er alltid svært utrygt å leggje arrangementa utandørs.
Det er i praksis umogleg for ein soldat å bevise på staden at det er utrygt å utføre ein ordre.
Det var utrygt å vere kunstnar.
Det har i tillegg vore svært utrygt å investere i landet.
Då han starta opp i Bergen for 21 år sidan, var det knytt til stor uvisse å starte opp.
utsiktene er svært uvisse.
Tala er svært uvisse.
Talet på norske sakna er svært uvisse.
Statsråden sa at engasjement i oljebransjen alltid vil vere svært uvisst.
Desse to sakene er nært knytt saman, sa Kleppe i retten.
Tre europeiske forskarar får den største hjerneforskingsprisen i verda for å oppdage at påskjønning og læring er tett knytt saman.
Vi er ei næringskjede som er veldig tett knytt saman og heilt gjensidig avhengig av kvarandre.
Kulturlivet i Europa er tett knytt til turismen.
Trass alt er namnet hans nært forbundet med prosjektet.
Personleg liker eg korleis dei tilfører ein europeisk dimensjon, sidan sjørøvinga er så nært knytt til dei gamle kolonistatane.
Alle involverte i gjennomføringa av ein kamp skal halde seg heime ved symptom som kan knytast til covid-19-sjukdom.
*Mischas team ønskte ikkje at ho skulle knytast til partyjente-scena.
Daisy *Ridley er klar over at ho alltid vil knytast til Star Wars.
eg ønskte aldri å bli knytt til *Blexit.
eg er lei av å bli knytt til Karl Ove og gjennom det sjukdommen min.
Tom Jones såg likevel på det som «heilt klart eit stort kompliment» i det heile å bli knytt til den berømte filmagenten.
mange av landa som ofte blir knytte til innvandring til Noreg, er ikkje eingong på topp-ti-lista.
Samtidig har besøksforbodet vorte knytt til fleire problem.
mobbing blir ofte knytt til ei kjensle av at det er eit eller anna galt med ein sjølv.
Då vil frontmannen vere den som blir knytt til musikken.
sentralt styre vart knytt til *francoisme.
Trøye nummer 11 er spesiell i dei fleste klubbar, og i United-samanheng blir ho kanskje først og fremst knytt til Ryan Giggs.
det er eit symptom mange knyter til prostatakreft.
E6, vegen som knyter heile Nord-Noreg til resten av landet.
den nye tunnelen ein del av ein visjon for å knyte hamnebyane Rotterdam i Nederland og Antwerpen i Belgia til italienske Genova.
etter eit par vekers trening hadde alle dei 23 hestane lærte å peike på symbola og knyte dei til dekken.
å knyte den generelle relativitetsteorien til kvantemekanikken.
vi har sendt han tilbake til ein stad han knyter til noko vondt.
Som samfunn knyter vi eit høgt intellektuelt nivå til menn meir enn kvinner.
Mange knyter òg bruk av offentlege tenester og nettbank til høg risiko.
Han er særleg kjent for arbeida sine om svarte hol og for å knyte den generelle relativitetsteorien til kvantemekanikken.
I femårsalderen hadde barna, både gutar og jenter, ein tendens til å knyte det å vere smart til sitt eige kjønn.
aviser, radio og TV har eit betydeleg ansvar for at eit *Google-søk alltid kjem til å knyte 22-åringen til terrorplanlegging.
dei prøvde å plukke artistar med hjartet, finne dei som hadde ei personleg historie som knytte dei til faren.
Mange knyter han òg til den mørke galgenhumoren i filmen «The Death *of Stalin».
folk knytte bilopphoggeri til *Olsenbanden og Dynamitt-Harry.
eit stort fleirtal knytte NSB ikkje berre til tog, men til all jernbane i Noreg.
Lårhalsen knyter låret til hofta.
mange knyter skaden til menneske som sit i rullestol.
