kor mange, mykje, lite.
kor lykkeleg, sliten, blå.
Men det skjer same kor vanskeleg det er.

Akkurat kor i verda dette skjedde, seier ikkje studien noko om.
Det er uavhengig av kor i EØS dei er.

Filmen prøver å plassere ansvaret der det eigentleg høyrer heime.

Der kan soppen blir sjekka digitalt, og ein kan få informasjon om kvar det er etablert fysiske soppkontrollar.
Det var aldri tvil om kvar sigeren på *tempoen skulle ende.
Falske kontoar og sider på Facebook og Instagram har vorte sletta fordi dei villeidde personar om kvar dei var, og kva dei gjorde.
Han vil opplyse om kvar vegen går vidare i starten av neste veke.

At vi har informasjon og internett tilgjengeleg når som helst, same kvar vi er, er lite søvnvennleg.
Same kvar han eller ho kjem frå.
Sjølv om bilrattet er rundt, er det ikkje likegyldig kvar ein plasserer hendene.
det er det same kvar eg bur i verda.
Vi meiner det er viktig at ingen forstyrrar desse GPS-signala, same kvar det er.

Altså kvar går grensa for ytringane?
og kvar ligg dei traktene?
Kvar vart det av deg i alt mylderet?
Kvar er Tyrkia på veg?.

Men eg ønskjer ikkje å seie noko om kven og kvar dei er frå.
Det er ikkje kjent kva foreldreparet er sikta for, eller kvar dei høyrer heime.
Til så lenge har dei ikkje sett ein dato for når bryllaupet skal stå, eller kvar det skal finne stad.
Veit ikkje om Hagen framleis er i live eller kvar ho er.
Kva nordmenn meiner om religionshumor – og kvar grensa går.
Men kvar ber det vidare?.
Det er ikkje kjent kva foreldreparet er sikta for eller kvar dei høyrer heime.
Men kvar går bryllaupsreisa?.

Kvar nokon har opplevd vald, overgrep eller andre krenkingar, eller der det er fare for dette.
I denne saka finst det videoopptaket av det, men der det er uklart kva som skjedde.
På Papua Ny-Guinea, der det er lite inngrep frå styresmaktene.
Nokre gonger har ein ein dag der det blir stong ut.
Ein lang og grundig dom, der det er to domfellingar.
I Sandnes, der det var 20–25 russebilar og ein russebuss.
I Sunndal i Møre og Romsdal, der det vart målt 211,8 millimeter nedbør.

Vi veit ikkje kven mannen er, eller kvar det har vorte av han.
Det er ikkje kjent noko som oppdrag helikopteret var ute på, eller kvar det var på veg.

Det kan oppstå nokre utfordringar der alle flya skal bytast samtidig og der *Babcock overtek 91 av dei.
Eg håpar vi kan byggje ein ny verdsorden som respekterer folkeretten, og der FN kan spele ei fredsbevarande rolle.
Også i Missouri, som ikkje er avgjorde, men kvar Trump førebels leiar.
Ei rekkje sketsjar kvar dei parodierte ulike autoritetane.
Ho la sjølv ut bilete på Instagram der ho hinka ut frå legevakta på krykkjer.
Vi har to stasjonar der vi skal observere utover kvelden.
Eg er her på grunn av avgjerder teke på europeiske møte der Merkel manipulerer deltakarane.
Mange hytteeigarar er meir knytt til hyttekommunen sin enn til kommunen der dei bur akkurat no.

No vil dei vite kvar ho var under konserten.
Kanskje ville dei som kom sørover, skjule kvar dei kom frå?

Det er eit godt parameter på kvar ein ligg.
Det er viktig at vi held fokus på kvar vi skal og på det som kjem.
utan at det er funne noka kjelde til kvar viruset kjem frå.
tidspunkt kan variere med kvar ein er.
Dette har mange teke til seg som ei stadfesting på kvar hoppsporten er på veg.

Kvar denne turneringa tek oss framover, veit vi ikkje.


