Ein svært god sjanse.
Dei svært høge syrenivåa.
Prognosen er ofte svært god.
Eit glas for mykje.
Regjeringa har lova så mykje meir enn dei kan halde.
Det er svært mykje.
Det er svært mykje.
Han reiste svært heile livet.
Det er godt mogleg at det var han eg så.
Etter kvart nærmar vi oss kanskje 1.000 menneske som er ramma, og godt mogleg fleire.
I framtida er det godt mogleg.
– Godt mogleg, det er noko vi skal sjå på no.
Han fekk Meget i sløyd.
