Nokon middel mot mygg verkar hemmande på kolinestaras.
Kjemiske middel mot skadelege organismar.
*Breistøl hadde vorte stoppa med ulovlege middel i feltet.
Han hadde juksa med ulovlege middel.
Sterling vart lagd i bakken med ulovlege middel.
(NB: her kan det handle både om ulike typar middel og om kvitvasking og anna, men *oftare det første enn det siste)
Mikkel Maigaard brukte ulovlege middel då han dytta *Alseth i forkant.
*Fujimori leidde eit kriminelt nettverk som har kvitvaska ulovlege midlar.
Dette var ulovlege midlar, forklarte Mahmoud.
Bruke / bruk av ulovlege middel.
*Baldauf vart avslørt for bruk av ulovlege middel.
Eg trur ingen våger å bruke nokre ulovlege middel under VM.
Han aldri har brukt ulovlege middel.
Idrettsutøvarane set sine liv i fare ved å innta illegale middel.
Dei meir tradisjonelle illegale midla.
(med) alle (moglege) midlar.
Johnson vil svare med alle moglege middel på alle rettsavgjerder.
Norske styresmakter tek no i bruk alle middel.
Og ber dei libyske styresmaktene bruke alle middel for å finne ut kven som står bak.
Finne betre midlar til å behandle smerte.
Mange av dei som har vorte avhengig av *Oxycontin, *Vicodin og liknande midlar.
*Schistls prøve inneheldt spor av vassdrivande middel.
Vi har diplomatiske midlar til rådvelde.
(svært *sjeldan nytta i *eintal, og der er og forvekslingspotensialet mindre, *særleg i bunden form: middelen.
(*nokre *vanlege sms og *kombinasjonar:)
Handlingsplanen må følgjast opp med midlar i statsbudsjettet.
Formålet med midlane er å gi næringslivet eit konkurransefortrinn.
Mange har også pensjonskapitalbevis frå tidlegare arbeidsforhold med midlar som bør plasserast på ein klok måte.
Mellom anna bidreg Noreg med midlar til Verdsbanken.
Fleire ønskjer svar på om Trump har prøvd å bruke midlane til å presse Ukraina til å setje i verk ei Biden-etterforsking.
Ho fortalde korleis Skiforbundet bruker midlar på klubbane og breiddeidretten.
Korleis politiet bruker midlane sine framover.
Forskingsprosjekt kan søkje midlar når Medietilsynet skal fordele cirka fire millionar kroner.
Ein sentral pott som kommunar kan søkje midlar frå.
Blir det ikkje budsjettstøtte, må stiftinga derfor søkje midlar på anna vis.
Då fristen for å søkje om midlar til å førebyggje kyrkjebrann i Noreg gjekk ut.
Midlar (som er) øyremerkte.
Ekstraordinære midlar som er øyremerkte.
(tildeling av, unndraging av, *setje av *midlar o.l.)
Statsministeren støttar tildelinga av midlar til Black Box.
Komiteen har granska tildeling av midlar til selskapet.
Vi hadde vår første utlysing og tildeling av midlar i fjor.
Tre postar som knyter seg til unndraging av midlar frå selskap.
I statsbudsjettet for 2020 set regjeringa av midlar til elektrifisering av Meråkerbanen og Trønderbanen.
Det aller meste av midlar må vi skaffe sjølv.
Regjeringa har ikkje sett av midlar i det førre statsbudsjettet.
Kollegaene stal midlar som skulle gått til teateroppsetjingar.
At nokon er så desperate at dei vil stele midlar vi skulle bruke til noko positivt.
Ingen fleire bilar inn til byane (nullvekstmålet) er ein føresetnad for å løyve midlar til bomreduksjon.
(heilt unntaksvis om ulike former for middel)
*Animalia har fått midlar til å undersøkje CO2-gassing som bedøvingsmetode ved griseslakting.
Vi håpar på midlar til medieteknologisk utstyr.
Ho donerer midlar til 160 klasseromsprosjekt i Dayton, El Paso og *Gilroy.
Det er også løyvd særskilde midlar til dette.
Rektor ved høgskulen er ifølgje *Khrono raskt ute med å understreke behovet for nok midlar.
Regjeringa har ikkje sett av nok midlar til å heve teiknspråkkompetansen.
Fritt Ord har vedteke å tildele midlar til 42 søkjarar.
Kongehuset vil gå i dialog med Kommunal- og moderniseringsdepartementet om bruken av tildelte midlar.
Det blir derfor løyvd midlar over statsbudsjettet til fylkesvegar.
Frie midlar over kommuneramma.
Vi er opptekne av å flytte midlar over til omstilling.
EU, Storbritannia og Tyskland har lova å setje midlar inn i fondet.
Sajid Javid sprøytar ekstra midlar inn i britisk økonomi.
Det skal pumpast midlar inn i ein ny stor meisterskap.
Eit sal av målvakta vil gi klubben nødvendige midlar i form av vidaresalsprosent.
Å få tak i nødvendige midlar.
Saml inn nødvendige midlar til offera.
Leiinga i Norske Skog *Saugbrugs seier at dei er veldig fornøgd med dei nødvendige midlane.
Det skal gi nødvendige midlar til fotballen, som slit i økonomisk motbakke.
Filmen skaffa det kriseramma filmselskapet nødvendige midlar.
(denne er òg *utfordrande og kan *vere både det *eine og det andre. då får vi heller lande på "andre middel" og rette manuelt så lenge)
Kommunane må dekkje 20 prosent av alle nye bypakkar med andre middel enn bompengar.
Vi såg ingen andre middel enn å bruke lockout-verktøyet.
