Det var ei dyngje.
Det var ei rekkje.
Det var ein snikjar.
Det var ein trikkesnikjar.
Det var ein tømmermerkjar.
Det var ein merkjar.
Det var eit byggjeri.
Det var eit bryggjeri.
Det var eit røykjeri.
Det var eit bleikjeri.
Det var ein løpar på brettet.
Det var ein døv ting.
Det var ein mør ting.
Det var ein skjør ting.
Det var ein *dødeleg.
Det var eit strø.
Det var eit pek.
Det var ein lest.
Det var eit smau.
Morgonen hadde sin raude.
Ein møllar var her.
Han høyrer med øyret.
Ha dekning på konto.
Ha dekning for det du seier.
Det var stor breidd på bilen.
Dei tok fleire lengdehopp.
Dei tok ein tur på ei fjellvidde.
Dei tok ein tur på fjell og vidde.
Nær – nærare – nærast.
Høy – høgare – høgast.
Lav – lågare – lågast.
Grov – grovare – grovast.
Det kan gå gale.
Det kan gå gale.
Det kan gå gale.
Det er heilt fæle.
Det var eit nøye planlagt angrep.
Jansen bomma på ope mål frå tre meter.
*Lydsporet var ganske slunke.
Ho følgde årvake med på spelet.
Det var heilt vale.
Det var heilt vissent.
Å gå varsamt fram.
Vi tek ein forsiktig framgangsmåte.
Ulike former for vald.
Han har kasta bilen.
Han har segla bilen.
Dei vart sist sett i går.
Dei vart slått av gjestelaget.
Han skal fremje noko.
Han har dømt dei.
Han rømde frå dei.
Han har bestemt det.
Han stemde på dei.
Flasset låg på benken.
Han er ein kitlen gut.
Det var det doble.
Syndromet har tre særdrag.
det var opprive og omskrive.
