dødsaugneblink.
gjerningsaugneblink.
kollisjonsaugneblink.
dødsaugneblink.
augneblinksbilete.
dette vil bli eit avgjerande vendepunkt for Macron.
etterpå kalla Macron handtrykket eit avgjerande vendepunkt.
våpenkvila som etter planen skal tre i kraft i Jemen ved midnatt natt til måndag, er eit avgjerande vendepunkt, meiner Flyktninghjelpens generalsekretær Jan Egeland.
vi er no i eit avgjerande vendepunkt.
derfor har skjebnedagen komme for Storbritannia.
vi kan beklage koplinga, men på andre måtar har skjebnedagen komne.
skjebnedagen kjem 5. juni.
dette er ein skjebnedag for oss.
dette er ein skjebnedag for Europa.
ein skjebnedag for Stefan Löfven.
ein skjebnedag for spanske bankar.
skjebnedag.
akkurat no har Demokratane fleirtal i Huset.
vi jobbar akkurat no med å filtrere ut tunge kjernar for å kunne få eit klarare bilete av kvar dei kosmiske strålane kjem frå.
Magdeburg ligg akkurat no på fjerdeplass.
vi ser fram til å spele mot England, som eg meiner er det sterkaste landslaget i verda akkurat no.
han fekk med tre mål på to kampar og er akkurat no den heitaste målskåraren til landslaget.
 akkurat no ligg det an til loddtrekking.
*regjeringshæren og tryggingsstyrkar har akkurat no nådd den mellombelse hovudstaden.
vi er alle her akkurat no, sa *Kylie *Minogue.
akkurat no svarer Israel kraftfullt på denne overlagde aggresjonen.
akkurat no endrar vi Noreg.
i rette augneblinken slo ho ballen rett ut til Reiten.
Bennett la seg på hjul med *Groenewegens opptrekkjar Mike *Teunissen og slo til i rette augneblinken.
blått og kvitt avlyste i siste liten.
vi har nokre problem i siste liten, men vi ordnar det.
avgjerda vart utsett i siste liten.
sjølve semja kom på plass i siste liten seint måndag kveld.
eg prøver berre å leve i noet og gjere mitt beste.
på "*Feelosophy" syng Elg om å leve i noet.
*Janis levde i noet.
kjærasten hans skal føde kvar stund.
han var redd medan barnet hang etter armane frå balkongen og såg ut til å kunne falle ned kvar stund.
vi kunngjer at vi har titals mål i Emirata, blant dei Abu Dhabi og Dubai, og at dei kvar stund kan bli skyteskive.
kvart einaste ord, kvar rørsle og kvar stund under talen er nøye gjennomtenkt og innøvd på førehand.
la oss ta vare på kvarandre og saman gjere det beste ut av kvar stund.
for kort tid sidan slo fleire rakettar ned i Israel.
for kort tid sidan snorkla vi saman med skjelpaddene nede i den turkise lagunen på øya.
for kort tid sidan møtte eg generalguvernøren og bad henne om å oppløyse nasjonalforsamlinga.
umerkande klarte han å stikke av frå bilen.
barn kan umerkande ta ein slurk av tennvæske eller smake på freistande, *velduftende plantar og bær.
Rudolf stakk av frå innhegninga i *Ludwigshöhe umerkande.
dei heldt kvarandre i handa i det dei trudde var ei løynleg stund på filmfestistivalen.
har ein berre dette klart for seg, er det fort gjort å rekne ut om du får plass til bilen i luka.
eg vil heller omfamne kvar stund.
eg skal nyte kvar stund.
eg elska kvar stund av det.
du må berre finne den rette augneblinken.
eg kjende meg ikkje spesielt sterk i dag, men eg venta på den rette augneblinken og greidde å nå fram.
men du snur ikkje alt på ein blunk.
fotballen er slik at du på ein blunk kan gå frå tindane til lykka til avgrunnane til fortvilinga.
på ein blunk nærma stridsvogna seg fortauet.
han seier i eit glimt av sjølverkjenning at.
ho meiner at vanlege menneske i eit glimt av spontanitet «kan vise heilt spesielt mot og lidenskap».
Cuba går gjennom ei stund av djupt sjokk.
eg vil skape ei stund av nostalgi for nokre andre.
ei kort stund så vart alt svart.
det som ei kort stund var elleville jubelscener blant over 6400 Storhamar-supporterar, vart til full frustrasjon.
… sa Adele i eit opptrinn som vart fanga på sosiale medium.
… sa ho i eit opptrinn som ifølgje *People vart svært kjensleladd.
undersøkingar viste at lokomotivføraren i toget frå Perth hadde oversett fleire varselsignal like før kollisjonen.
dei hadde vore saman med like før massakren.
president Bush tek lesarane med inn i Det kvite hus like før krigen mot Irak vart sett i verk.
"Rising Sun" handlar om å vere skamlaust forelska og spenninga like før ein gir etter for ho.
dette er eit tidspunkt der leiarar må vise maksimal *tilbakeholdenhet.
det var eit tidspunkt der ute kvar eg fekk ein gjenstand mellom bremsen og hjula.
dette er eit tidspunkt der framtida til presidentskapet står på spel.
dette er eit tidspunkt der vi må stå saman, sa han.
han hadde vore «borte» ein augneblink etter samanstøyten.
det var ein augneblink med galskap.
slepp oppi blåskjelmusklane, som berre skal varme seg ein augneblink saman med soppen.
den skåringa er ein augneblink eg vil hugse resten av livet.
ein augneblink eg vil hugse for alltid, seier brytaren Bullen.
eg trur ikkje det grann på at Siv Jensen trur at det går føre seg ei snikislamisering i Noreg.
eg trur ikkje det grann på at dei klarer å gjennomføre dette løftet heller.
Solheim trur ikkje det grann på at årets val i Burma blir fritt og rettferdig.
*eg trudde ikkje det grann på at ønskt mitt skulle materialisere seg.
det kjem an på augneblinken.
ein burde undervist meir i musikkhistorie i skulane, såg dei unge ikkje berre tenkjer på augneblinken.
arbeidet mitt er å stole på augneblinken og gjere det evig.
at dei skal ta vare på augneblinken og nyte mest mogleg av dagen.
Stokkan forklarte at han ei kort stund heldt ein tavleklut mot munnen til den tolv år gamle eleven.
to av Madonnas dansarar viste det israelske og palestinske flagget ei kort stund.
*Manzi mista ei kort stund balansen.
like etter pause såg det ei lita stund ut til at Liverpool skulle punktere kampen.
dei norske spelarane såg ut til å miste konsentrasjonen ei lita stund.
omtrent i same augneblinken blir det meld om artilleriangrep mot Ras *al-Ain.
til slutt fekk han øye på ein hjelpande fot, og i same augneblinken frigjorde han ein svensk fotballsuksess som kjem til å gi ekko i all æve.
vedtaket frå USA kjem i ein kritisk fase i handelssamtalane.
i ein vanskeleg fase som dette bør samfunnet vise solidaritet.
vi er i ein kritisk fase i Afghanistans historie.
Savonas avgang kjem i ein vanskeleg fase for *Ciampi.
ei ugløymeleg stund inne i hallen.
for meg er dette ein unik augneblink, ei ugløymeleg stund.
vi har hatt nokre fantastiske stunder dei siste fem og eit halvt åra.
dermed byr òg neste år på store stunder for Bokassa.
denne avgjerda var ekstra vanskeleg på grunn av dei mange minneverdige stundene vi har hatt.
eit glimt av magi.
det var eit glimt av galskap.
trusselen måtte reknast sett fram i eit glimt av opphissing.
heimepublikum vart skaka av eit glimt av fortviling då *Tamires sette ballen i mål i det 86. minuttet.
desse augneblinkane kor offentlege profilar gjer seg sårbare, er kjempefascinerande.
alle desse augneblinkane vil gå tapt i tida.
vi visste at vi hadde dei augneblinkane og korleis vi spelte.
«*SNL» har ifølgje avisa prøvd å parodiere alle augneblinkane i Trumps første veke som nyvald president .
eg er lykkeleg over alle augneblinkane *Phantasm *Soa har gitt meg.
det finst openbert mange fleire augneblinkar å ta av.
.