Den sikta vart send til lege etter arrestasjonen, men vart klarert for arrest.
Om dette er årsaka til ulykka, er ikkje avklart.
Bilen skal ha skrensa og køyrd i ein bergvegg, opplyser politiet.
Det var under FIS' pågåande kalenderkonferanse i kroatiske Dubrovnik at forslaget vart drøfta og vedteke.
Mannen hadde vore på julebord og drukke mykje den aktuelle natta.
Få veker seinare vart Anne Paust skoten og drepen.
