Alle dei dømde anka.
Vipers har vunne alle dei åtte seriekampane sine.
Alle dei ti mest omsette selskapa på hovudindeksen auka i verdi.
*Orbans mindretalsregjering fekk alle dei 240 stemmene.
Aftenposten og VG har gått gjennom alle dei 48 dommane som riksadvokaten har trekt fram.
Alle dei dømde spelarane anka dommen på staden.
Russland hadde alle dei seks løparane i finalen for menn.
Dersom det var gjennomført ei ny oppteljing av alle dei forkasta stemmene i Florida, kunne *Gore ha sikra seg ein hårfin siger.
*Caverion ønskjer granskinga velkommen og har sjølv starta ei undersøking av lønnsforholda til alle dei 69 arbeidarane som har vore i Noreg.
Leicester pressa Arsenal i alle dei 90 minutta.
Først på torsdag reknar han med å ha alle dei 23 spelarane på trening samtidig.
NVE har kartlagt behova for flaum- og skredsikring i alle dei norske kommunane.
Alle kampar skal gå i den saudiarabiske byen Jeddah.
Han stadfestar at alle tenestemennene som avfyrte skot, no er avhøyrde.
Alle tap kom mot dei tre andre semifinalistane.
Alle tog i området vart innstilt.
Politiet har mistanke om at det er snakk om høg fart, mellom anna fordi alle kollisjonsputene i bilen var utløyst.
Overlege Arnt Johannessen meiner på si side at når alle sjukehusa i Troms og Finnmark skal kjempe om løyvingar frå den same potten, så kjem det til å bli ein kamp alle mot alle.
Det siste året har alle medlemslanda i EU offentleggjort utkast til nasjonale klimaplanar.
Lars Lagerbäck hadde alle spelarane i trening på Ullevaal stadion måndag.
I skuleåret *2017--2018 har alle klassane ved Kuben jobba med fordjupingsprosjekt.
Han hadde alle landsløparane bak seg på resultatlista.
Ho deltok i tre år på alle styremøta.
Hovudet av lundefuglen og dessutan valørtalet er brukt som vassmerke på alle setelvalørane.
Alle i den norske femmilskvartetten er solide kapasitetsløparar.
Alle er under 30 år.
Dermed har alle 95 fått søknadene sine avvist.
Universitetet har avlyst alle forelesingar resten av semesteret.
Han kunne opplyse at Vålerenga stilte med seks spelarar, og at dei spelte alle parti.
Det må brukast meir midlar på helse, og dette gjeld alle veljargrupper.
Dette gjeld alle dopingkontrollørar.
Talet omfattar alle selskap der staten er inne på eigarsida.
I februar stilte fri Larvik alle spelarar og tilsette.
Advokaten stadfestar at han har tilgang på alle bilag og dokument i saka.
