Også personellsituasjonen blir teken opp i innstillinga.
Eg trivst i Frankrike og håpar det blir teke ei rettferdig avgjerd.
Dette er veldig viktig for norsk fotball og eit sterkt signal om at kvinnefotballen blir teken på alvor.
Då korrupsjonstiltalte Benjamin Netanyahus nye samlingsregjering vart teken i eid i Israel, lova han å innfri løftet om å annektere store delar av Vestbreidda.
Det har vorte teke *EKG av pasientane.
Vassprøver har vorte tekne ved reinseanlegga *Henriksdals og Bromma.
Ingen skal vere tekne.
Ingenting tyder på at nokre personar vart tekne av raset.
No skal avgjerda vere teken.
Ho vil ikkje svare på om det er teke ei avgjerd.
Tre politifolk er tekne til fange av opprørarane.
Det er ingen mistanke om at nokon er tekne.
Ingen var tekne av skredet.
To soldatar vart tekne til fange.
Årsaka kan vere at e-konsultasjonar har vore tekne meir i bruk i større kommune.
Flyselskapa er fritekne for lufthamnavgifter fram til 1. juli.
Den austerrikske fotballklubben LASK er fråteken seks poeng.
Etter å ha medgitt lureriet er han fråteken 3.-plassen.
Det vart gjennomgåande godt mottekne.
Akkurat no er vi opptekne av å fullføre denne sesongen.
Norske bedrifter er opptekne av å bruke moglegheitene.
Han vart motteken med tornande jubel og hurrarop.
Uansett må det vere eit naturleg forhold, så det ikkje blir påteke.
Kriser kan få oss til å bli sjølvopptekne.
Breivik er sjølvoppteken og *dyssosial.
Det er ein myte at ungdommen er sjølvoppteken.
Barn under seks år er halde unna regelen.
I midten av mars vart alle EU-landa bortsett frå Irland samde.
Laurdag vart han utteken til Skitour 2020.
Elevar med enkeltvedtak om spesialundervisning eller særskild språkopplæring blir friteken frå dei nasjonale prøvene.
Ofte kan dei sjå litt medtekne ut.
Islamistgruppa *GSIM har teke på seg ansvaret.
Luftforsvaret har så langt motteke 18 fly til Noreg.
Ein av kandidatane meiner partiet i dag verkar uklart og påteke aggressivt.
Den hissige, sjølvopptekne presidenten.
I oktober kom ikkje ein utteken Ajer på samling med landslaget.
Kripos er ikkje kjent med opplysningar som skulle bety at den mottekne informasjonen ikkje kunne nyttast som grunnlag.
Eg tippar det vil gå lang tid før NORMAL blir ein godteken del av norsk narkotikadebatt.
Luftkvaliteten vil halde seg innan den godtekne standarden.
Han snakkar med det motstandarane påstår er ein påteken tysk aksent.
Han søkte om å bli teken opp som medlem.
Den nye israelske regjeringa skulle eigentleg vore teke i eid onsdag.
I 1978 kom Kramers roman «*Faggots», som vart teke ut av hyllene i New Yorks einaste bokhandel for homofile.
Det er VG som skriv om avgjerda, som vart teken tysdag.
Det forklarte han med at jenta ikkje fortente å bli teken livet av med ein rusten kniv.
Bilistar som er åleine i køyretøya sine, er halde unna påbodet.
Dei tre norske alpinistane som er utteke til helgas kombinasjons- og super-G-renn.
Utteke er òg Marte Monsen (Aron), Andrine *Mårstøl (Haugen) …
Klubbens forslag om smittevern er godteke av lokale styresmakter.
På spørsmål om han vil snakke om tema han er oppteken av, svarte han nei.
Det er ikkje nok tid igjen til å få den vedteke i Parlamentet i London og i EU-parlamentet.
Politiet held fram tysdag søket etter mannen i 50-åra som er grunn til å tru omkomme etter raset i Jølster.
Orklas kvartalsresultat, som viste ein oppgang på 2,1 prosent, vart godt motteke, og aksjen steig med 5,2 prosent.
Ein mann i 50-åra er stadfesta omkommen etter å ha vorte teken av eit snøskred ved *Brunstadhornet i Sunnmørsalpane laurdag ettermiddag.
Frå Statkraft blir det lagt opp til eit utbytte på 8,44 milliardar kroner i revidert nasjonalbudsjett, opp frå 7,36 milliardar i saldert budsjett.
Det var nedgang i alle regionar bortsett frå Europa.
Då nyheita sprakk om at barn vart skilde frå foreldra sine, sat i bur i leirar ved grensa eller sendt til fosterfamiliar heilt andre stader i USA, vart Trump-administrasjonen tvinga til å avgrense praksisen.
To politivakter og ei vakt frå eit privat vaktselskap vart drepen under skytinga.
I tillegg har fleire tankskip vorte utsette for eksplosjonar i Omanbukta.
Partiet foreslo derfor å utsetje behandling og inngåing av klimaavtalen med EU «inntil alle konsekvensar knytt til norsk skog- og jordbruk er klarlagt».
Rundt 1.000 politifolk, inkludert opprørspoliti, var utkommandert for å sperre av ruta som marsjen følgde gjennom byen.
I tillegg er tog mellom byar og fleire store vegar vorte stengde.
Ei rekkje afghanske politifolk og soldatar er òg drepne i feilbombing dei siste åra, mellom anna i Helmand-provinsen der 17 politifolk vart drepne i eit slikt angrep i 2017.
Organisasjonen *SOS-barnebyer seier at 12.000 barn vart drepne eller såra i 2018.
