Piloten har gode sjansar til å overleve.
Ifølgje dei tilsette er ein ny eigar og ny satsing einaste sjanse til å overleve.
Å ta dei opp på land.
. Dronninga er her.
Frivilligheita bidreg til stor verdiskaping.
Det er ikkje berre berre.
Eit føredøme.
Ho trekker fram Sør-Korea som eit føredøme.
Med vitende og vilje.
Med vitende og vilje.
Bustadhuset til ein to etasje.
Vi har hengt opp informasjon.
Fuglekassa er hengt opp av menneske.
Tilbodet i marknaden for brukte bustader har gått markant ned.
Noreg vil bidra med over 5 milliardar kroner til kamp mot fattigdom.
Auka tilgang til rein energi er eit tiltak for kamp mot fattigdom.
God handelsskikk skal vere basert på ærlegdom, føreseielege forhold og lojalitet.
Målet er å avdekkje og føre fram for retten organisatorar i Spania.
Han vart utlevert frå Marokko for å kunne førast fram for retten i New Mexico.
Piloten har gode sjansar til å overleve.
Ifølgje dei tilsette er ein ny eigar og ny satsing einaste sjanse til å overleve.
Økokrim har samtidig lagt bort ei rekkje punkt i siktinga.
Eit viktig signal om risiko for å bli oppdaga.
Det *ovale kontor / det *ovale kontor.
Der skal det hoppast to nye individuelle renn og dessutan lagkonkurranse.
Ifølgje han skal det gå.
