Valdtektstiltalt rømling arrestert.
Ho er sikta for to overlagde drap.
François Fillon har vore tiltalt for underslag av offentlege midlar.
Han er også tiltalt for å ha oppbevart narkotika, våpen og ammunisjon ulovleg.
Den 36 år gamle mannen møtte nyleg i Oslo tingrett, tiltalt for drapsforsøk.
Den spiontiltalte nordmannen ber innstendig norske styresmakter om å ta ansvar.
Støre krev at den IS-sikta kvinna blir stilt til ansvar.
Politiet vil no gjennomføre ei vurdering av kven som vil få status som fornærma.

Totalt skal 36 personar innta vitneboksen, blant dei den tiltaltes to brør, bror til avdøde, og dessutan kriminalteknikarar.
Den sikta ikkje avhøyrt.
Den tiltalte og den fornærma har forklart seg samanfallande om kva som skjedde.
Overgrepet skjedde under ein fest då den tiltalte var 17 og den fornærma var 12 år gammal, sistnemnde var på besøk som venninne av søster til den tiltalte.
Ifølgje dommen er det formildande at den tiltalte var ung då overgrepet fann stad.
Samtidig blir det rekna som straffeskjerpande at den fornærma var svært ung.
Den fornærma seier veldig lite til politiet.

Situasjonen for den sikta er vanskeleg.
Dette er den einaste den tiltalte har gitt.
Advokat Tore Angen er forsvarar for den eldste sikta – ein mann i 40-åra.
Advokaten for den sikta Tore Angen er forsvarar.
Den valdstiltalte A$AP Rocky møtte i dress, ikkje grøne fengselsklede, fredag.
