– VM- I år Løype er veldig tøff, og han passar nok Edvald Boasson Hagen og Lars Petter Nordhaug best.
Dei første seks månadene i år fekk 11.800 personar innvilga uføretrygd.
TV-aksjonen i år blir arrangert søndag 20.
Frå første kvartal i år svarer det til ein auke på 0,5 prosent, ifølgje tal frå   Statistisk sentralbyrå.
Dei tørre prognosane i går kan dermed gå i gløymeboka.
Det gjer talet i går endå sterkare, fortel Birkeland.
Nøyaktig 16 år før hendinga i går, den 6.
Med oppgangen på 1,36 prosent i går og dagens opptur på 1,17 prosent er fallet frå måndag på 2,43 prosent innhenta og vel så det.
