I Mexico blir i dag gjenbruksvatn brukt i landbruket.
Det blir i dag brukt gjenbruksvatn i landbruket.

Slik lova blir tolka i dag, er det uproblematisk.
Lova blir tolka i dag.

Vi veit at det ikkje lenger blir brukt i dag.
Det blir brukt i dag.
Den blir publisert i dag.

Den blir i dag driven som jernbane.
Det blir i dag gitt poeng for dårleg åtferd.

Her blir det i dag spylt fisk.
Vi veit at det blir brukt bil i dag.
Vi veit at det i dag blir bil brukt.

Desse testane som blir brukte i dag blir kalla PCR.

I dag blir Gunnar Sønsteby tildelt denne dekorasjonen.
Derfor blir Gunnar Sønsteby i dag tildelt denne dekorasjonen.
I dag blir denne dekorasjonen tildelt Gunnar Sønsteby.
Denne dekorasjonen blir tildelt Gunnar Sønsteby.

Det er dette som blir kalla arkeologisk tre.

Boka blir ofte lesen.

# frie:
Minerala blir i dag nytta i elbilar.
# bundne:
Vinproduksjonen blir dytta nordover av klimaendringane.
Tvangsreturar blir sette på vent på grunn av koronavirusepidemien.
 Oppgjeret blir der spelt på grunn av norske restriksjonar.
 Dette er ei grein av fysikken som dreier seg om korleis dei ørsmå kvarkane blir bundne saman til proton og nøytron, som igjen dannar atomkjernar.
 Dei drøfta kva meir som kunne gjerast for å binde samfunnet saman og fjerne rasebarrierar, og *Olisa sa at dei kongelege er svært opptekne av at nasjonen blir bunden saman av dei same verdiane.
 Dermed blir dei siste to vekene av overgangsvindauget flytta, slik at dei blir lagde i forkant av den nye datoen for oppstart av serien.
 Oljekonfliktar blir sette på vent i budsjettsemje.
Bileta blir sletta straks ein er ferdig klarert.
Derfor blir normalen oppdatert veldig ofte.
Vi ventar at råda frå utvalet blir lytta til av regjeringa.
No blir det arbeidd vidare med å stramme opp løftekjettingane.
Meir enn 600 skular blir tysdag halde stengt i New South Wales.
Stortinget vil at rovdyrforliket blir følgt opp slik det er vedteke.
