Hansen tok dei fire barna sine med på kino.
Han er vår beste spelar.
Det er til vår fordel.
Men vi for vår del vil unngå det.
Det er nok februar som er mest aktuelt for vår del, seier Salsten.
Han fekk sin del.
Dei fekk deira del av utbyttet.
Dei bur på kvar sin kant.
Det er mi klare og urikkelege overtyding.
Det er folket sin favoritt.
Det er staten sitt ansvar.
Det er Pers store mål for sesongen.
Han skal aldri setje sine bein her.
Mannen såg far sin.
Mannen såg far sin.
Mannen såg far sin.
Mannen såg mor mi.
Mannen såg son hans.
Mannen såg søster si.
Det er vanskeleg å skjønne dets formål.
Det er dens skrøpelege tilstand som øydelegg saka.
Men i mine auge må det bli sånn.
Han elska av alt sitt hjarte.
Det var deira feil.
Det er slik etter mitt syn.
Våre tankar går til nokon.
Vi skal vise vår støtte.
Støtta deira går til Flyktninghjelpen.
Det kan du høyre for ditt indre øyre.
Du må vaske øyra dine.
Det var vår aller siste dag.
Det er vår del av saka.
Det er vår del av pengane.
Det er vår halvdel av saka.
Dette er vårt felt.
Skomakar, bli ved din lest.
Det skjedde på vår kant av byen.
Han lånte sitt øyre til nokon.
Dette er klubben i mitt hjarte.
Eg likevel open for å knyte kontaktar med veldig mange andre eg møte på min veg.
Kor mange i hennar generasjon ville finne seg i ordninga med å innhente pappas løyve for å kunne inngå ekteskap, undrar skribenten.
Ein slags «kvartlivskrise» som nok treffer mange i min alder.
Ei fantastisk sterk tid for hans aldersklasse.
Vi var interesserte i eit møte for å høyre om utstyret hadde gjort si nytte.
Min storfavoritt heiter Dalton Grant.
Han sjølv har vore utsett for seksuelle overgrep i sin barndom og oppvekst.
I hennar stad spelte Røas Kristine Leine i midtforsvaret.
Eg skal kjempe for min plass på Stortinget.
Eg har ein *feel-good-boks, og eg har ein boks med bilete frå hytta mi, ei lita seterbu, som er min kjæraste stad på jord.
Libanon har ein spesiell plass i våre hjarte, seier Parly.
Det er ein svært personleg, delvis trist, delvis sint og på sine stader også morosam roman.
Også helseminister Bent Høie (H) sender sine tankar og medkjensle til dei pårørande.
Våre tankar og vår medkjensle går til dei pårørande.
Eg kjenner mange i min situasjon.
Det er langt mellom folk av hans kaliber.
Eller er di meining om meg ikkje mitt ansvar?
Trump har hausta sterk kritikk for sin manglande vilje til å ta klar avstand frå høgreekstreme grupper.
Vi skal gå gjennom lisensdokumentet og vil gjere oss opp vår meining om den før vi gir vår aksept.
Har du vorte gjort til romanfigur mot din vilje, vil du erfare at det blir så å seie umogleg å forsvare seg.
Det vart vår misjon.
Men eg har noko viktig å formidle, så programmet har sin misjon.
Alle lag har sine gode og dårlege sider.
Ho vil hugse 2014-leikane for sine triste og gode stunder.
For å vise vår gode vilje, har vi bestemt ikkje å angripe politistyrkane.
No har André hatt sine grunnar til at han ikkje har satsa tidlegare.
Det var hans dag i dag, seier Ruud.
Morgan Freeman er tiltenkt rolla som Mandela på hans eldre dagar.
Dette er akkurat hennar type vêr.
Han vart assistert av sin landsmann *Matthías *Vilhjálmsson då han skåra.
I mellomtida skal altså hans landsmenn ut i åttedelsfinale.
Britane vil ha full kontroll over kven som fiskar i deira farvatn.
Eg blir sterkare for kvar dag og takkar Gud for hans nåde i kampen mot denne forferdelege sjukdommen.
Den klart beste spelaren i min generasjon.
Hans død fører til djup sorg i heile Frankrike.
Dei gamle setlane har med andre ord ikkje mista sin verdi sjølv om dei ikkje lenger sirkulerer som betalingsmiddel.
Alternativ A er mi tilråding.
Eg har ein samansett bakgrunn, som formar mi frykt, interessene mine og mine meiningar.
Måndag innførte regjeringa tiltak som gir guvernørar og ordførarar rett til å innføre portforbod i deira område.
Obama blir hylla for sin evne og vilje til forpliktande samarbeid.
Tre andre biskopar støttar Rosemarie Köhn i hennar aksept av homofile.
Det er ikkje første gong den erfarne forhandlaren og meklaren tilbyr si hjelp i spørsmålet om Nord-Korea.
Vi ønskjer av heile vårt hjarte at samlinga kan gi støtte til dykk som ber den største sorga.
Det var hans kveld.
No må kvar einaste borgar ta sitt ansvar, understreka han.
Vi treng verkeleg å kjenne jula, sjølv om vi ikkje kan vere saman med våre kjære.
Ti songar som alle tek opp i seg det at dei er skrive under vår tids pest.
I heile hans vaksne liv har idretten teke nesten all fritid.
*Chappelle blir rekna som innverknadsrik på sitt felt.
Kinas romfartsprogram er framleis i sin spede barndom.
Du har vore ein inspirasjon for meg gjennom heile min ungdom.
Det er i interessa vår å forsvare våre felles verdiar.
Vi må sørgje for at alle som kan, faktisk jobbar heimanfrå, og at arbeidsgivarane tek sitt ansvar.
Det var status *quo i heile hennar periode.
Mange har stor familie med dine, mine og våre barn.
Sjeføkonom Elisabeth Holvik i *Sparebank1 slår fast at utviklinga i Kina kan få direkte følgjer for di og mi lommebok.
Dersom det var di eller mi mor som låg døyande i den tunnelen, ville vi ønskje å sjå scena kringkasta til heile landet?
Retten er ikkje i tvil om at fetteren såg det slik at han hadde fått samtykkje til å ha samleie med kusina si, og at både hans og hennar foreldre også forstod dette.
Trine – du er vår og min leiar.
Ved sida av Johnson vart også kona hans og dei to unge døtrene hans koronasmitta.
Ho oppheldt seg i huset til besteforeldra i bydelen Queens i New York, der onkelen hennar og dei fire søskena hans voks opp.
Kjærasten hans er livet hans og hans største kjærleik.
Far min spelte for Raufoss.
Ikkje så festleg når bestemor hennar sit der og held på å få hjartestans.
Ein av svirebrørne hans fann Baronens forteljingar så morosame at han fekk dei gitt ut.
Hans eigentlege mål er å finne bror sin.
Svigerdotter deira, Dagny Garborg, budde på staden heilt til ho nyleg døydde.
Nære, varme songar frå svunne tider, der både hans gamle far og sonen var å høyre på plata.
Ho visste jo ikkje at eg to månader tidlegare hadde vorte nekta rom på *Jarnvägshotellet i Kiruna fordi far og mor mi hadde samekufte på seg.
Ho grunngir søknaden sin med at ho er i slekt med Ari Behn - og hadde god kontakt med tippoldefar hans, som var hennar eigen bestefar.
Sistnemnde fullførte turneringa sjølv om svigerfar hennar døydde i helga.
Støttespelarar har hevda at rolla hans i drapet var relativt liten.
Ein introduksjon til avdelinga med samarbeidet mitt med Odd.
Åtvaringa til russarane kjem av at trenaren deira (Ambros Martín) helsa på den russiske handballpresidenten.
Vi vart samde om at forhandlarane våre straks skal møtast igjen.
Heller ikkje sambuaren hennar Tor Mikkel Wara var til stades i lokalet.
Alle desse landa, dei tek pengane våre og stemmer så mot oss.
Før han vart pågripen, hadde han vore i kontakt med psykolog på grunn av dragninga si mot små barn.
Maxwell arrangerte sexmøte for henne med prins Andrew i huset sitt i London.
Hennar bortgang sist fredag betyr at berre tre av dei åtte dommarane som er att er utnemnde av demokratiske presidentar.
Demokratiet i heimlandet hans Venezuela vart undergrave.
Der finst alle instrumenta mine.
Ei utvising av søskenparet etter 17 år i Noreg ville innebere eit brot på menneskerettane deira.
Eg vil helst gi andreplassen min på lista til han.
USA lovar å trekkje styrkane sine ut innan 14 månader.
Så tenkte eg å lage ei plate med vanlege songar og la favorittsongarane mine syngje dei.
Etter at alle har skapt og framført songane sine og kommentert dei andres bidrag, blir resultatet tilgjengeleg.
Departementet sitt alternative forslag om vidareføring av dagens rettsstader vart presentert som ein siger for distrikta.
Dei gjekk av på stasjonen ved *Rådmannsgatan, gjekk opp *Sveavägen og spaserte mot Grand kino, der dei møtte sonen Mårten og kjærasten hans.
Eg prøver å fokusere på arbeidet mitt og ikkje slite meg ut.
Dei landa som ikkje vil sende bidraga sine fysisk til finalen i Rotterdam, får dermed løyve til å spele heime.
I boka deler eg mine beste løyndommar og favorittoppskrifter.
Koronakrisa har sett lærarstanden på si vanskelegaste prøve i moderne tid.
Fagrørsla og heile venstresida i norsk politikk har pensjon frå første krone som eit av sine viktigaste krav.
I mi tid her er dette vår beste prestasjon.
Casper Ruud er rangert som nummer 30 i verda, hans høgaste plassering på rankinga.
*Altaire runda av veka med sin andre gode fangst for året.
Selskapet fekk inn sin første store ordre sidan flymodellen 737 Max vart sett på bakken.
Eg tenkjer spesielt på organisasjonar og institusjonar i vennleg innstilte land, kollegaene mine, familien min og mi kjære hustru Madeleine.
Om eg skal slå dei, må eg vere opp mot mitt beste.
Dette er vår mest sette kamp til no.
Men for å få fatt i dei måtte eg gi avkall på ein av mine aller kjæraste Elvis-eigedelar.
Vasskrafta er vår viktigaste og mest fleksible fornybarkjelde.
Taylor Swift seier til sine minst 200 millionar følgjarar på sosiale medium at Biden vil innleie ein heilingsprosess i USA.
Det var hans første store offentlege oppdrag og er ifølgje Store norske leksikon det einaste av dei større arbeida hans som avslører ein innverknad frå samtidig skulptur.
Dette er kanskje mitt siste store klubbyte i karrieren.
Det er ikkje lenge til vi presenterer vår neste store nyheit.
Eg vil formidle den fantastiske og tragiske historia hans.
Vi har fått ein heilt unik tilgang til Rick Kirkham, der han får fortelje den utrulege og heilt usensurerte historia si ein siste gong.
Lucky Bullets-vokalist Knud Kleppe (33) gliser muntert til den nye, gamle vennen sin.
Snus er endå meir populært enn vår kjære gode kanelbolle.
Derfor må dette vere Ernas siste budsjett.
Dette har utvikla seg til å bli NRKs flaggskip under tittelen «Texas på Landsskytterstevnet ».
I dag vart Facebooks Oslo-kontor offisielt opna.
Patrick MÅ vere Noregs hærførar i VM!
Alexander Skorpen var Noregs representant i spyd.
Dette arbeidet passar veldig godt inn i FNs år for urfolksspråk.
Her ligg det også nærare informasjon om Telenors tilbod.
At 2020 vart eit spesielt år blir ikkje minst reflektert i NRKs tradisjonsrike programpost «Årsrevyen».
Vi meiner passasjerane der bør få gle av sosiale rabattar på lik linje med NSBs kundar.
*Get og *Futurehome har lenge vore ein del av Googles utviklingsprogram.
Etter besøk på indre og ytre Helgeland tysdag, held Støre fram reisa si nordover onsdag.
Om ei veke opnar daglegvarekjeda sin første søndagsopne butikk.
I dag bruker NSB sine målingar på kundetilfredsheit internt til forbetringar.
I det sjette løpet tok Geir Vegard Gundersen sin andre siger for dagen.
Hadde eg kasta jernstenger eller ramponert staten sin eigedom, ville eg gått fri.
No har alle daglegvarekjedene sine fordelsprogram.
Eg syntest det var veldig fint å spele av bidraget til kollegaene mine på kjøkkenet mitt om morgonen.
Handskrifta til vennene mine er lett å kjenne igjen.
Trenarinteressa har auka hos 43-åringen etter at onkelen og trenaren hans, Roger Mayweather (59), døydde i mars.
Både mor og far hans var lærarar.
Han blir dømd for å ha misbrukt både stillinga og tillitsforholdet sitt.
Eg konsentrerte meg om mine eigne oppgåver.
Viggo Mortensen har lenge vilja regissere, men dei ulike forsøka hans har støytt på utfordringar.
Særleg forholdet til den fråverande far hans har gitt opphav til mange av bøkene.
Folk sat klistra til Tv-en for å høyre dei forvirrande forklaringane hans i Moskva.
Mol/Sørum viste god form gjennom turneringa og vann både den innleiande gruppa si og semifinalepuljen.
Visepresidenten endrar likevel ikkje den innhaldsrike reiseplanen sin i valinnspurten.
Utvendig følgjer den stilen til dei større SUV-søskena sine 3008 og 5008.
Det som var hans siste løp i Racing Point-laget.
Det er ikkje mitt lodd å involvere meg eller bruke mykje energi på det.
Eit bygg tilhøyrande justisministeren i landet vart tysdag skadd i Bamako.
Energiselskapet OMV sel sin 25 prosent store del av Wisting-feltet til Lundin Energy.
Med overkropp som ein låvevegg og årvakent blikk frå den to meter høge kroppen sin held han konstant oversikt.
Men hans tolv mil lange tur startar i Karasjok.
Vi har no gått gjennom dei elektroniske arkiva dine/dykkar som vi kopierte i samband med kontrollen.
Vi fann materiale som vi meiner har noko å seie for di/dykkar bokføring og/eller skatteplikt, og krev å få dette utlevert.
Ikkje overraskande har tre av fire ungdommar nettmedium som sitt viktigaste nyheitsmedium.
Nokon bruker grava til den dei mista som sin viktigaste merkestad.
Men han såg det ikkje som si oppgåve å finne ut kva det var.
Mange av medlemmene opplever det som si oppgåve å vere forsvararane til beitenæringa.
partiet presiserer at dei ikkje har sett det som si oppgåve å vurdere om det ligg brot føre på reglane i likestillingslova om seksuell trakassering.
Støre seier at han rekna det som si viktigaste oppgåve å vere ein del av regjeringsprosjektet.

at Framstegspartiets veljarar ikkje lenger reknar Siv Jensen som sin føretrekte statsministerkandidat.
Putin, som jo har som sitt opphavlege yrke å manipulere folk.
PKK, som har ein sjølvstendig kurdisk stat i Søraust-Anatolia som sitt politiske mål.
nærare 50 prosent reknar bilen som sitt ideelle transportmiddel.
Dei er godt i gang med utdanningsløpet med Joakim Kristensen som sin faglege rettleiar.

Statsministeren valde skule som debattema, medan Ap-leiaren ville debattere om arbeidsliv.
I éin tale omtalte han finanseliten som fiende og skilde seg dermed markant frå den konservative rivalen sin, president *Sarkozy.
Jane Owen, som fekk Oslo som start på karrieren som ambassadør.
CIA jobba for å kartleggje kven dei kunne rekne som støttespelarar i samband med at USA ønskte å utplassere nye atomrakettar.
KO har valt den 62 år gamle nestleiaren i nasjonalforsamlinga som kandidat til statsministerjobben.
ein sterk dollar er positivt for eit selskap som har dollaren som hovudvaluta.
Dei liker sin måte å kommunisere på.
Eg vedgår at ikkje alle liker måten far min kommuniserer på.
Eg vedgår at ikkje alle liker måten diktatoren min kommuniserer på.
Eg vedgår at ikkje alle liker måten diktatoren min blir tiltalt på.
Eg vedgår at ikkje alle liker måten far min blir tiltalt på.
Eg vedgår at ikkje alle liker måten dotter til diktatoren kommuniserer på.
Eg vedgår at ikkje alle liker måten lakeien til diktatoren kommuniserer på.
Eg vedgår at ikkje alle liker måten lakeien til diktatoren blir tiltalt.
tilliten næringslivet vårt har til dei rådande styresmaktene.
tilliten dei tilsette har til dei rådande styresmaktene.
Det fell saman med mine foreldres generasjons innkomst til Noreg.
Det var våre oldeforeldres og besteforeldres gleder.
Ho var mitt livs kjærleik, sa den tiltalte.
Dei må respektere vårt lands suverenitet og sjølvstende.
– President Trump vart stilt for riksrett med støtte frå *fleirtalet i det amerikanske folket, den første i vår nasjons historie.
Å bere ned frå fjellet ein slags vår tids steintavler med dei ti bodorda hans.
Riise kallar det sitt livs viktigaste og tyngste avgjerd.

å få bukt med vår tids slaveri.
Kven sa at ditt livs største eventyr skulle vere lett?
Det er ein katastrofe for vårt lands handel og økonomi.
Treng vi då ein roman om vår sivilisasjons kollaps?
Eg vil ikkje at min sons død skal bli underhaldning.
Det er snakk om våre medlemmers framtidige pensjon.
Det er snakk om å oppfylle sine borgarars grunnleggjande behov.
Han er ein av vår idretts desidert største profilar.

at det ikkje er hennar dotters rolle i TV 2-dokumentaren som er årsaka.
at våre medlemmers kompetanse blir bruken.
Eg syntest det var veldig fint å spele av mine kollegaers bidrag på kjøkkenet mitt om morgonen.
korleis hennar klients liv vart påverka.
Mine venners handskrift er lett å kjenne igjen.
Våre kollegaers åtferd er respektlaus.
I 2014 kjøpte eg meg inn i min manns bustad av veldig familiære årsaker.

Det er sju kuler i min sons rygg.
– Det er trist å fastslå, men våre landsfedrars visjon om ein republikk er trua av handlingar som går ut frå Det kvite hus.
– De veit kvar eg bur, de har kontaktopplysningane mine og min advokats kontaktopplysningar, og eg har jobba med velgjerd.
Inspirasjonen til «Sønnavind» fekk eg frå mi mors søster.

Han tenkjer på lykka og velværet til innbyggjarane sine.
Han tenkjer på velværet til innbyggjarane sine.
