Eg har ålar i luftputebåten min. Det er medvite. Vi kan søkje styresmaktene.
Mannen som eg såg.
Den gongen då.
Denne kan lese alle talet på mellomrom.
Mannen i meininga til gata.
Kristoffers katt.
Måten til den rare naboen å sykle.
Foreldra mine er skilde.
Toppens mange besøkjande.
ho nedkjempa ofte fiendar.
Alt for mange hengjer seg så opp i å tilfredstille publikum at musikk nesten blir ein andrerangs greie.
I dag blir dette ikkje rekna lenger som noko reelt mål.
BCG-vaksine.
Kråkene flaug skremde bort.
Skremd flaug kråkene bort.
Bort flaug kråkene skremde.
Han kallar dei verdskjend.
Verdskjent kallar han dei.
Ein gut og ei jente var stukke av vepsen.
Dei to kyrne skal ha vorte slått helselause.
Tomme blir mjølka kyrne.
På fredag blir nok kyrne selde.
Om vinteren blir nok kyrne selde.
Boka blir lesta.
Boka hans blir lesta.
for min del.
Kvar bur du?
Det er byen der eg er best kjend.
Vil du låne nokon pengar av meg?
Dama, viss hund heitte Bella, eigde ein villa.
Dama, *hvems hund heitte Bella, eigde ein villa.
Alle parti viss leiarar er representerte på Stortinget, er mot direktivet.
Leiinga liker dårleg fokuset på utøvarar som Tommy Ingebrigtsen.
Ein lærar lærer bort like mykje som elevane kan.
vis kva lenkjer.
det er eit ønske vi deler.
Båten som vi målar lekre.
Frå Wikipedia, det frie oppslagsverket.
Eg.
Eg vil gå ein tur.
Mannen som er her.
Eg syklar.
Eg sykla.
Eg har sykla.
Eg les dette.
Ho såg på bordet som katten låg på.
Lindgren sjølv meint.
Her finst mange fleire raude bilete.
mange kg.
den Haag.
ein mange.
all sivil.
to hakka mat.
ein m.a.
den vesle boka vår.
til anteken bils.
ein anteken bils.
Det er forbode å røykje her.
Det er forbode å røykje her.
raude its.
fire raudt partis.
Du vesle menneske.
Det var ein gong.
Vi set i gang arbeidet.
Dei har noko på gang.
Eg kviler.
Eg kvilte.
Eg har kvilt.
Eg åt maten.
Eg har ete maten.
Eg hadde ete maten.
Han svarte ikkje.
Eg snakka med han i går.
Boka hans blir lesen.
Boka kan lesast.
Boka må lesast.
Boka må ikkje lesast.
Boka blir lesen.
Boka blir ikkje lesen.
Boka blir heller ofte lesen.
Boka vart lesen.
Boka vart ofte lesen.
Boka vart heller ofte lesen.
Kyrne blir mjølka tomme.
Kyrne skal mjølkast.
Mjølkast skal dei.
Baldur er enno liten nok til å bli kalla ein kvalp.
Kva ein kan sjå.
Vi gav det til dykk.
Han slår han.
Han slår han.
Han slår seg.
Eg slo meg.
Du slo deg.
Vi slo oss.
Kva gjer Dei?
Eg sa det til Dei.
Sjølv om det dagen etter valet herskar politisk kaos i landet.
ein.
ei kvinne.
ein mann.
eit barn.
eigen bil.
eige hus.
eigne hus.
same år.
denne moglegheita.
Ho bruker sjølv ordet.
Ho bruker sjølve ordet.
Eg sa det til hunden Deira.
Ei høg kvinne.
Den høge kvinna.
Høge kvinner.
Ei kvinne er høg.
Kvinna er høg.
Kvinner er høge.
Dei høge kvinnene.
Kvinnene er høge.
eit ope hus.
fleire opne dører.
den opne døra.
Eit stort barn.
Eit barn er stort.
Det store barnet.
Barnet er stort.
Barn er store.
Dei store barna.
Store barn.
Barna er store.
eit heilt svart hus.
ein heilt svart katt.
den gamle.
den gamle vesle bilen.
den eldre mannen.
det beste vilkåret.
mange tvibrent.
administrerande direktør.
Barna vart funne ved godt mot.
Funnet ved godt mot vart barna.
Ved godt mot vart barna funne.
dei som prøver ein annan utveg er dekorerte.
Kvinna såg to månar som var tekne rett ut av boka.
med indisk IT-industri.
Ein svart katt.
Den svarte katten.
Den svarte katten min.
Den svarte boka mi.
Det svarte huset mitt.
Dei svarte kattane mine.
Den svarte teksten min.
Eg fekk katten frå mor mi.
ein viktig dag.
ein liten dag.
ei lita bok.
ei lita bok.
eit lite hus.
ho åt ei.
ei bok.
den 1 nye setninga i grunnlova.
den nye vesle Lamaens bil.
ein smart liten katts snute.
ein fin viktig dag.
jenta mi.
Himmelfredsplassen.
heile dagens region.
den nye Lamaens bil.
den førre Lamaens bil.
kvar ein Lamas bil.
ein 3 stjernes fargar.
førre hundreårs største filosofar.
Hans siste større prosess.
ei open dør.
ei open dør.
ei heilt open dør.
ein forfattarskap.
Katten hans.
Han et maten sin.
Han et maten hans.
Kapteinen på skipet.
Min gamle katts svarte snute.
Foreldra mine er skilde.
Foreldra mine er skilde.
Bilen til naboen.
Avisas sider.
Kva katts snute?
Snuten til katten min.
Kattens til naboen snute.
Min svarte katts snute.
Kattens til naboen gamle snute.
Ein svart katts snute.
Ein liten katts snute.
Ein katts gamle snute.
ein uavhengig Sjursons.
ein uavhengig Sjurson.
god lønns.
betre lønns.
ein mannleg guddoms.
Mannen i gata si meining.
Mannen sin bil.
Eit års tid.
300 meters djup.
Nokre års tid.
neste års konkurranse.
Det tek si tid.
*asdlj sin måte å referere på.
*asdlj sin ting.
Den raskaste 17-åringen i verda.
Den luraste katten i byen.
Kattane i byen.
Ei øys minste hund.
Dei mange hundane på toppen.
Måten eg syklar.
Måten du syklar.
Måten ho syklar.
Måten han syklar.
Måten det syklar.
Han ser på karpa og liker måten den syklar på.
Måten vi syklar.
Dei. Måten dei syklar.
De. Måten de syklar.
vil be om å endre Måten de syklar.
Måten naboen syklar.
det blir ikkje påkalla og ein kjøper aldri for mykje, ein tilrår heller ofte dette.
Eit dømt vitne.
Ein dømd mann.
forbode.
ein forboden.
ein forboden bil.
ei forboden bok.
kva mann.
kva kvinne.
kva ønske.
kva bilar.
kva for ein.
kva for eit.
desse viktige menneska.
desse menneska.
dei viktige menneska.
dei menneska.
viktige menneske.
lite menneske.
vesle menneske.
Den norske regjeringa.
DEN NORSKE REGJERINGA.
EG. Eg. eg. Eg. eg.
BCG-vaksine. BCG-vaksine. BCG-VAKSINE. BCG-vaksine.
MIDT-NOREG. Midt-Noreg.
Verknaden av BCG-vaksinen.
verknaden av BCG-vaksinen.
Kor stor er du?
Kor langt skal du gå?
Heime, der du er, vil eg vere.
han gjentok at han ikkje visste kor høg farten var.
han gjentok at han ikkje tilrådde kor høg farten skulle vere.
kor høg farten var.
Han ville ikkje seie kor stor styrken skal bli.
Dei fleste veit ikkje kor fine dei er.
kaffiyting karaffelkjærleik fartskake.
den gamle luktande fartskaka på kaffiytinga blir øydelagd av raud karaffelkjærleik.
Læraren sa eg hadde nokre gode poeng i oppgåva mi.
Sa læraren at eg hadde nokon gode poeng i oppgåva mi?
Eg hadde ikkje nokon gode poeng der.
å finne nokon han kan leike med.
Har du sett nokon studentar i dag?
Sjekk vêret der du bur.
Katten sat der, medan eg sat her.
eg såg den.
den store bilen.
Den store bilen.
De slo dykk.
den svarte katten min.
Ho planlegg å setje i gang arbeidet.
Ho sette i gang og arbeidde.
Dei vart henta i heimane sine midt på natta.
Les også:
LES OGSÅ:
Fall i elva.
og dei grunnleggjande fridommane.
dei grunnleggjande fridommane.
Sette ny rekord.
Sette ny rekord med talet pi.
Sette fyr på huset sitt.
men seier dei vil vente.
Av desse skal 50 leggjast ned.
For mange tilsette betyr det nye sjefar.
Båten, som vi målar, lek.
Per stod på stolen, men han knakk.
NRK Troms og Finnmark.
God morgon, Troms 06.03.
Alt for mange hengjer seg så opp i å rette feil.
Ho tok seg så nær av det.
Det måtte vere slik bukkane såg ut på dommedag.
Dei andre som kjøpte vaflar såg ut til å like seg.
Det var likevel fedrane barna så opp til.
Sjå, så søte.
då blir det uansett sånn, så det er ikkje tilrådd.
Han drog avstad, først Venezuela og så til USA.
Skal nå ungdommen.
Skal no ungdommen dette?
Det har i alle fall eg tru på.
glasa dine.
liten ca.
Det vi held på med kjem.
