[06COfTQrIv4w#0] ^folk<n><nt><pl><ind>/folk<n><nt><pl><ind>$ ^som<cnjsub>/som<cnjsub>$ ^komme<vblex><pres>/komme<vblex><pres>/påløpe<vblex><pres>$ ^frå<pr>/fra<pr>$ ^sjølv<det><emph><un><sp><def>/selv<det><emph><un><sp><def>$ ^Aure<n><m><sg><ind>/Ørret<n><m><sg><ind>$
[/06COfTQrIv4w]
[1EymuPDp1MTL#0] ^den<det><dem><m><sg>/den<det><dem><m><sg>$ ^viktig<adj><sint><pst><un><sp><def>/viktig<adj><sint><pst><un><sp><def>$^,<cm>/,<cm>$ ^liten<adj><sint><pst><un><sp><def>/liten<adj><sint><pst><un><sp><def>$ ^farge<n><m><sg><def>/farge<n><m><sg><def>$ ^raud<adj><sint><pst><mf><sg><ind>/rød<adj><sint><pst><mf><sg><ind>$
[/1EymuPDp1MTL]
[4Jg5edsvJJIe#0] ^ein<det><qnt><nt><sg>/en<det><qnt><nt><sg>$ ^kl<n><acr>/kl<n><acr>$
[/4Jg5edsvJJIe]
[59sMhfBTfW0X#0] ^kva<prn><itg>/hva<prn><itg>$ ^bil<n><m><pl><ind>/bil<n><m><pl><ind>$
[/59sMhfBTfW0X]
[6lRozpnwwcon#0] ^kvar<adv>/hvor<adv>$ ^bu<vblex><pres>/bo<vblex><pres>$ ^du<prn><pers><p2><mf><sg><nom>/du<prn><pers><p2><mf><sg><nom>$^?<sent><clb>/?<sent><clb>$
[/6lRozpnwwcon]
[7hsAD0rzJNe2#0] ^Ein<adv>/En<adv>$ ^gå<vblex><pres>/gå<vblex><pres>/løpe<vblex><pres>$ ^ofte<adv>/ofte<adv>$ ^ut<pr>/ut<pr>$ ^frå<pr>/fra<pr>$
[/7hsAD0rzJNe2]
[AUHtZpz-JOKm#0] ^no<adv>/nå<adv>$ ^vilje<vblex><pres>/ville<vblex><pres>$ ^dei<prn><pers><p3><un><pl><nom>/de<prn><pers><p3><un><pl><nom>$ ^kunne<vblex><inf>/kunne<vblex><inf>$ ^føre<vblex><inf>/føre<vblex><inf>$ ^inn<pr>/inn<pr>$ ^sin<det><pos><m><sg>/sin<det><pos><m><sg>$ ^eigen<det><emph><m><sg>/egen<det><emph><m><sg>$ ^drikk<n><m><sg><ind>/drikk<n><m><sg><ind>$ ^og<cnjcoo>/og<cnjcoo>$ ^selje<vblex><inf>/selge<vblex><inf>$ ^den<prn><pers><p3><mf><sg><acc>/den<prn><pers><p3><mf><sg><acc>$ ^i<pr>/i<pr>$ ^kopp<n><m><sg><ind>/kopp<n><m><sg><ind>$
[/AUHtZpz-JOKm]
[BTbwGdShYtM7#0] ^ein<det><qnt><nt><sg>/en<det><qnt><nt><sg>$ ^klede<n><nt><sg><ind>/klede<n><nt><sg><ind>$ ^med<pr>/med<pr>$
[/BTbwGdShYtM7]
[C4OA8RJafx_g#0] ^den<det><dem><m><sg>/den<det><dem><m><sg>$ ^trygg<adj><sint><pst><un><sp><def>/trygg<adj><sint><pst><un><sp><def>$ ^stad<n><m><sg><def>/sted<n><nt><sg><def>$
[/C4OA8RJafx_g]
[CATWsAp1dioY#0] ^og<cnjcoo>/og<cnjcoo>$ ^om<cnjsub>/om<cnjsub>$ ^den<prn><pers><p3><nt><sg><acc>/den<prn><pers><p3><nt><sg><acc>$ ^vere<vblex><pres>/være<vblex><pres>$ ^enkelt<adj><pst><nt><sg><ind>/enkelt<adj><pst><nt><sg><ind>$ ^tyde<vblex><pres>/tyde<vblex><pres>/bety<vblex><pres>$ ^ikkje<adv>/ikke<adv>$ ^den<prn><pers><p3><nt><sg><acc>/den<prn><pers><p3><nt><sg><acc>$ ^at<cnjsub>/at<cnjsub>$ ^den<prn><pers><p3><nt><sg><nom>/den<prn><pers><p3><nt><sg><nom>$ ^vere<vblex><pres>/være<vblex><pres>$ ^opplagd<adj><pst><nt><sg><ind>/opplagt<adj><pst><nt><sg><ind>$^.<sent><clb>/.<sent><clb>$
[/CATWsAp1dioY]
[CZ6mAjCAzZ3p#0] ^kva for<det><itg><nt><sg>/hvilken<det><itg><nt><sg>$ ^ønske<vblex><inf>/ønske<vblex><inf>/tilstrebe<vblex><inf>$
[/CZ6mAjCAzZ3p]
[EGWP4QROqmbJ#0] ^kva<prn><itg>/hva<prn><itg>$ ^jente<n><f><pl><ind>/jente<n><m><pl><ind>$
[/EGWP4QROqmbJ]
[EiA8OWdxchbi#0] ^minst<adv>/minst<adv>$ ^så<adv>/så<adv>$ ^høgt<adv>/høyt<adv>$ ^over<pr>/over<pr>$ ^golv<n><nt><sg><def>/gulv<n><nt><sg><def>$ ^som<pr>/som<pr>$ ^høgde<n><f><sg><def>/høyde<n><m><sg><def>$ ^på<pr>/på<pr>$ ^sjølv<det><emph><un><sp><def>/selv<det><emph><un><sp><def>$ ^dunk<n><m><sg><def>/dunk<n><m><sg><def>$
[/EiA8OWdxchbi]
[F5CpZXiG__Jc#0] ^same<det><dem><nt><sp><def>/samme<det><dem><nt><sp><def>$ ^bil<n><m><pl><ind>/bil<n><m><pl><ind>$
[/F5CpZXiG__Jc]
[FdBLrs5_yrCA#0] ^mange<adj><sint><comp><un><sp>/gjentatt<adj><pst><un><sp><def>$ ^open<adj><sint><pst><un><pl><ind>/åpen<adj><sint><pst><un><pl><ind>$ ^dør<n><f><pl><ind>/dør<n><m><pl><ind>$
[/FdBLrs5_yrCA]
[GakCFFiMThXb#0] ^ein<det><qnt><nt><sg>/en<det><qnt><nt><sg>$ ^open<adj><sint><pst><nt><sg><ind>/åpen<adj><sint><pst><nt><sg><ind>$ ^hus<n><nt><sg><ind>/hus<n><nt><sg><ind>$
[/GakCFFiMThXb]
[Gu01-ZxDXoOz#0] ^om<pr>/om<pr>$ ^den<prn><pers><p3><nt><sg><acc>/den<prn><pers><p3><nt><sg><acc>$ ^vere<vblex><pres>/være<vblex><pres>$ ^enkelt<adj><pst><nt><sg><ind>/enkelt<adj><pst><nt><sg><ind>$ ^tyde<vblex><pres>/tyde<vblex><pres>/bety<vblex><pres>$ ^ikkje<adv>/ikke<adv>$ ^den<prn><pers><p3><nt><sg><acc>/den<prn><pers><p3><nt><sg><acc>$ ^at<cnjsub>/at<cnjsub>$ ^den<prn><pers><p3><nt><sg><nom>/den<prn><pers><p3><nt><sg><nom>$ ^vere<vblex><pres>/være<vblex><pres>$ ^opplagd<adj><pst><nt><sg><ind>/opplagt<adj><pst><nt><sg><ind>$^.<sent><clb>/.<sent><clb>$
[/Gu01-ZxDXoOz]
[HkdBLhUb64qs#0] ^kva for<det><itg><m><sg>/hvilken<det><itg><m><sg>$ ^mann<n><m><sg><ind>/mann<n><m><sg><ind>$
[/HkdBLhUb64qs]
[Lu_iUy7Bcqc3#0] ^Særleg<adv>/Særlig<adv>$ ^utvandre<vblex><pret>/utvandre<vblex><pret>$ ^mange<adj><sint><pst><un><pl><ind>/mange<adj><sint><pst><un><pl><ind>$ ^til<pr>/til<pr>$ ^Amerika<np><top>/Amerika<np><top>$^,<cm>/,<cm>$ ^på<pr>/på<pr>$ ^den<det><dem><nt><sg>/den<det><dem><nt><sg>$ ^mykje<adj><sint><sup><un><sp><def>/mye<adj><sint><sup><un><sp><def>$ ^ca<n><acr>/ca<n><acr>$ ^450<det><qnt><un><pl>/450<det><qnt><un><pl>$ ^menneske<n><nt><pl><ind>/menneske<n><nt><pl><ind>$ ^på<pr>/på<pr>$ ^ein<det><qnt><nt><sg>/en<det><qnt><nt><sg>$ ^einaste<adv>/eneste<adv>$ ^år<n><nt><sg><ind>/år<n><nt><sg><ind>$^.<sent><clb>/.<sent><clb>$
[/Lu_iUy7Bcqc3]
[OptZeUYtPsMd#0] ^Lese<vblex><imp>/Lese<vblex><imp>$ ^òg<adv>/også<adv>$^:<sent><clb>/:<sent><clb>$
[/OptZeUYtPsMd]
[Q0bmQZ1nAdsm#0] ^den<det><dem><m><sg>/den<det><dem><m><sg>$ ^liten<adj><sint><pst><un><sp><def>/liten<adj><sint><pst><un><sp><def>$ ^kvinne<n><f><sg><def>/kvinne<n><m><sg><def>$
[/Q0bmQZ1nAdsm]
[RT4PQxYUYSAB#0] ^Tid<n><f><sg><def>/Tid<n><m><sg><def>$ ^for<pr>/for<pr>$ ^jødisk<adj><pst><mf><sg><ind>/jødisk<adj><pst><mf><sg><ind>$ ^filosofi<n><m><sg><ind>/filosofi<n><m><sg><ind>$ ^finne<vblex><pret>/finne<vblex><pret>$ ^stad<n><m><sg><ind>/sted<n><nt><sg><ind>$ ^i<pr>/i<pr>$ ^den<det><dem><nt><sg>/den<det><dem><nt><sg>$ ^noverande<adj><pst><nt><sg><ind>/nåværende<adj><pst><nt><sg><ind>$ ^Irak<np><top>/Irak<np><top>$
[/RT4PQxYUYSAB]
[SfBrAhai_Try#0] ^kva<det><itg><f><sg>/hvilken<det><itg><m><sg>$ ^tyding<n><f><sg><ind>/tyding<n><m><sg><ind>/betydning<n><m><sg><ind>$ ^uttrykke<vblex><pres>/uttrykke<vblex><pres>$ ^den<det><dem><nt><sg>/den<det><dem><nt><sg>$ ^grammatisk<adj><pst><un><sp><def>/grammatisk<adj><pst><un><sp><def>$ ^trekk<n><nt><sg><def>/trekk<n><nt><sg><def>$ ^imperativ<n><m><sg><ind>/imperativ<n><m><sg><ind>$^?<sent><clb>/?<sent><clb>$
[/SfBrAhai_Try]
[Sx4y25A-pSNz#0] ^Han<prn><pers><p3><m><sg><nom>/Han<prn><pers><p3><m><sg><nom>$ ^gje<vblex><pret>/gi<vblex><pret>/avgi<vblex><pret>$ ^den<prn><pers><p3><nt><sg><acc>/den<prn><pers><p3><nt><sg><acc>$ ^til<pr>/til<pr>$ ^eg<prn><pers><p1><mf><sg><acc>/jeg<prn><pers><p1><mf><sg><acc>$
[/Sx4y25A-pSNz]
[TBpbTD57VlE2#0] ^Bok<n><f><sg><def>/Bok<n><m><sg><def>$ ^bli<vblex><pres>/bli<vblex><pres>$ ^ikkje<adv>/ikke<adv>$ ^alltid<adv>/alltid<adv>$ ^lese<vblex><pp>/lese<vblex><pp>$
[/TBpbTD57VlE2]
[TL1ZWfw5bs-s#0] ^noko<det><qnt><nt><sg>/noe<det><qnt><nt><sg>$ ^spesiell<adj><pst><nt><sg><ind>/spesiell<adj><pst><nt><sg><ind>$ ^Noreg<np><top>/Norge<np><top>$ ^nyte<vblex><pres>/nyte<vblex><pres>$ ^godt<adv>/godt<adv>$ ^av<pr>/av<pr>$
[/TL1ZWfw5bs-s]
[TkeW8Yab1hVK#0] ^Kva<det><itg><f><sg>/Hvilken<det><itg><m><sg>$ ^tyding<n><f><sg><ind>/tyding<n><m><sg><ind>/betydning<n><m><sg><ind>$ ^uttrykke<vblex><pres>/uttrykke<vblex><pres>$ ^den<det><dem><nt><sg>/den<det><dem><nt><sg>$ ^grammatisk<adj><pst><un><sp><def>/grammatisk<adj><pst><un><sp><def>$ ^trekk<n><nt><sg><def>/trekk<n><nt><sg><def>$ ^imperativ<n><m><sg><ind>/imperativ<n><m><sg><ind>$^?<sent><clb>/?<sent><clb>$
[/TkeW8Yab1hVK]
[Vf-VMkPqEwiN#0] ^Kvar<adv>/Hvor<adv>$ ^bu<vblex><pres>/bo<vblex><pres>$ ^du<prn><pers><p2><mf><sg><nom>/du<prn><pers><p2><mf><sg><nom>$^?<sent><clb>/?<sent><clb>$
[/Vf-VMkPqEwiN]
[W480CobJY4tE#0] ^ein<det><qnt><m><sg>/en<det><qnt><m><sg>$ ^open<adj><sint><pst><mf><sg><ind>/åpen<adj><sint><pst><mf><sg><ind>$ ^gong<n><m><sg><ind>/gang<n><m><sg><ind>$
[/W480CobJY4tE]
[WSmJRYSHUDW0#0] ^no<adv>/nå<adv>$^:<sent><clb>/:<sent><clb>$ ^som<pr>/som<pr>$ ^ein slags<det><qnt><m><sg>/en slags<det><qnt><m><sg>$ ^norsk<adj><sint><pst><nt><sg><ind>/norsk<adj><sint><pst><nt><sg><ind>$ ^Wikipedia<np><org><cmp>/Wikipedia<np><org><cmp>$ ^portal<n><m><sg><ind>/portal<n><m><sg><ind>$^.<sent><clb>/.<sent><clb>$
[/WSmJRYSHUDW0]
[WyjrzkUOJ2GN#0] ^kvar<adv>/hvor<adv>$ ^einaste<adv>/eneste<adv>$ ^ting<n><m><sg><ind>/ting<n><m><sg><ind>$
[/WyjrzkUOJ2GN]
[XvcJkVu54KP8#0] ^kva for<det><itg><f><sg>/hvilken<det><itg><m><sg>$ ^jente<n><f><sg><ind>/jente<n><m><sg><ind>$
[/XvcJkVu54KP8]
[YgQjeiniEZB9#0] ^trass i<pr>/trass i<pr>$ ^at<cnjsub>/at<cnjsub>$ ^den<prn><pers><p3><nt><sg><nom>/den<prn><pers><p3><nt><sg><nom>$ ^vere<vblex><pres>/være<vblex><pres>$ ^enkelt<adj><pst><nt><sg><ind>/enkelt<adj><pst><nt><sg><ind>$ ^tyde<vblex><pres>/tyde<vblex><pres>/bety<vblex><pres>$ ^ikkje<adv>/ikke<adv>$ ^den<prn><pers><p3><nt><sg><acc>/den<prn><pers><p3><nt><sg><acc>$ ^at<cnjsub>/at<cnjsub>$ ^den<prn><pers><p3><nt><sg><nom>/den<prn><pers><p3><nt><sg><nom>$ ^vere<vblex><pres>/være<vblex><pres>$ ^opplagd<adj><pst><nt><sg><ind>/opplagt<adj><pst><nt><sg><ind>$^.<sent><clb>/.<sent><clb>$
[/YgQjeiniEZB9]
[ZSo__DDQldS4#0] ^sjølv om<cnjsub>/selv om<cnjsub>$ ^den<prn><pers><p3><nt><sg><nom>/den<prn><pers><p3><nt><sg><nom>$ ^vere<vblex><pres>/være<vblex><pres>$ ^enkelt<adj><pst><nt><sg><ind>/enkelt<adj><pst><nt><sg><ind>$ ^tyde<vblex><pres>/tyde<vblex><pres>/bety<vblex><pres>$ ^ikkje<adv>/ikke<adv>$ ^den<prn><pers><p3><nt><sg><acc>/den<prn><pers><p3><nt><sg><acc>$ ^at<cnjsub>/at<cnjsub>$ ^den<prn><pers><p3><nt><sg><nom>/den<prn><pers><p3><nt><sg><nom>$ ^vere<vblex><pres>/være<vblex><pres>$ ^opplagd<adj><pst><nt><sg><ind>/opplagt<adj><pst><nt><sg><ind>$^.<sent><clb>/.<sent><clb>$
[/ZSo__DDQldS4]
[ZuOlQfcCiBOV#0] ^Bok<n><f><sg><def>/Bok<n><m><sg><def>$ ^bli<vblex><pres>/bli<vblex><pres>$ ^ikkje<adv>/ikke<adv>$ ^lese<vblex><pp>/lese<vblex><pp>$
[/ZuOlQfcCiBOV]
[_OhSl2Lpf03v#0] ^Eg<prn><pers><p1><mf><sg><nom>/Jeg<prn><pers><p1><mf><sg><nom>$ ^seie<vblex><pret>/si<vblex><pret>$ ^den<prn><pers><p3><nt><sg><acc>/den<prn><pers><p3><nt><sg><acc>$ ^til<pr>/til<pr>$ ^De<prn><pers><p2><un><pl><acc>/Dere<prn><pers><p2><un><pl><acc>$^.<sent><clb>/.<sent><clb>$
[/_OhSl2Lpf03v]
[_RhoTZSX2jKr#0] ^Den<det><dem><nt><sg>/Den<det><dem><nt><sg>$ ^andre<adj><ord><pst><un><sp><def>/andre<adj><ord><pst><un><sp><def>$ ^buslit<n><nt><sg><def>/konkurs<n><m><sg><def>$
[/_RhoTZSX2jKr]
[a-7yaHN7ibE1#0] ^ein<det><qnt><nt><sg>/en<det><qnt><nt><sg>$ ^open<adj><sint><pst><nt><sg><ind>/åpen<adj><sint><pst><nt><sg><ind>$ ^hus<n><nt><sg><ind>/hus<n><nt><sg><ind>$
[/a-7yaHN7ibE1]
[dTVwMZwC3Uu_#0] ^alle<n><m><sg><ind>/alle<n><m><sg><ind>$ ^Statkraft<np><org>/Statkraft<np><org>$
[/dTVwMZwC3Uu_]
[eWi8d3kf9b08#0] ^Bok<n><f><sg><def>/Bok<n><m><sg><def>$ ^kunne<vblex><pres>/kunne<vblex><pres>$ ^lese<vblex><inf><pasv>/lese<vblex><inf><pasv>$
[/eWi8d3kf9b08]
[fKFBHMQ8sw8-#0] ^ein<det><qnt><f><sg>/en<det><qnt><m><sg>$ ^open<adj><sint><pst><f><sg><ind>/åpen<adj><sint><pst><f><sg><ind>$ ^dør<n><f><sg><ind>/dør<n><m><sg><ind>$
[/fKFBHMQ8sw8-]
[fpiYKQgXAFhj#0] ^Kva<adv>/Hva<adv>$ ^gjere<vblex><pres>/gjøre<vblex><pres>$ ^De<prn><pers><p2><un><pl><nom>/Dere<prn><pers><p2><un><pl><nom>$^?<sent><clb>/?<sent><clb>$
[/fpiYKQgXAFhj]
[ft09TWrBLwlM#0] ^Han<prn><pers><p3><m><sg><nom>/Han<prn><pers><p3><m><sg><nom>$ ^slå<vblex><pres>/slå<vblex><pres>$ ^han<prn><pers><p3><m><sg><acc>/han<prn><pers><p3><m><sg><acc>$
[/ft09TWrBLwlM]
[gj0tFgivz7Ba#0] ^Er<np><ant><m>/Er<np><ant><m>$ ^den<det><dem><nt><sg>/den<det><dem><nt><sg>$ ^kanskje<adv>/kanskje<adv>/muligvis<adv>$ ^ein<det><qnt><m><sg>/en<det><qnt><m><sg>$ ^god<adj><sint><comp><un><sp>/god<adj><sint><comp><un><sp>$ ^plass<n><m><sg><ind>/plass<n><m><sg><ind>$ ^eg<prn><pers><p1><mf><sg><nom>/jeg<prn><pers><p1><mf><sg><nom>$ ^kunne<vblex><pres>/kunne<vblex><pres>$ ^omsetje<vblex><inf>/omsette<vblex><inf>/oversette<vblex><inf>$^?<sent><clb>/?<sent><clb>$
[/gj0tFgivz7Ba]
[k9knt0YYySWQ#0] ^Eg<prn><pers><p1><mf><sg><nom>/Jeg<prn><pers><p1><mf><sg><nom>$ ^seie<vblex><pret>/si<vblex><pret>$ ^den<prn><pers><p3><nt><sg><acc>/den<prn><pers><p3><nt><sg><acc>$ ^til<pr>/til<pr>$ ^hund<n><m><sg><def>/hund<n><m><sg><def>$ ^Dykkar<det><pos><m><sg>/Deres²<det><pos><m><sg>$^.<sent><clb>/.<sent><clb>$
[/k9knt0YYySWQ]
[kO-E199iuwRS#0] ^neste<det><dem><nt><sp><def>/neste<det><dem><nt><sp><def>$ ^stor<adj><sint><pst><un><sp><def>/stor<adj><sint><pst><un><sp><def>/betydelig<adj><sint><pst><un><sp><def>$
[/kO-E199iuwRS]
[lisGnn55ZCjY#0] ^ein<det><qnt><f><sg>/en<det><qnt><m><sg>$ ^open<adj><sint><pst><nt><sg><ind>/åpen<adj><sint><pst><nt><sg><ind>$ ^dør<n><f><sg><ind>/dør<n><m><sg><ind>$
[/lisGnn55ZCjY]
[nNaZJTaue3GE#0] ^vere<vblex><pret>/være<vblex><pret>$ ^ein<det><qnt><f><sg>/en<det><qnt><m><sg>$ ^av<pr>/av<pr>$ ^den<det><dem><un><pl>/den<det><dem><un><pl>$ ^leiande<adj><pst><un><pl><ind>/ledende<adj><pst><un><pl><ind>/toneangivende<adj><pst><un><pl><ind>$ ^avis<n><f><pl><def>/avis<n><m><pl><def>$ ^i<pr>/i<pr>$ ^USA<np><top>/USA<np><top>$
[/nNaZJTaue3GE]
[pHQUrxEDEWSs#0] ^den<det><dem><m><sg>/den<det><dem><m><sg>$ ^viktig<adj><sint><pst><un><sp><def>/viktig<adj><sint><pst><un><sp><def>$^,<cm>/,<cm>$ ^liten<adj><sint><pst><un><sp><def>/liten<adj><sint><pst><un><sp><def>$ ^farge<n><m><sg><def>/farge<n><m><sg><def>$ ^blå<adj><sint><pst><un><sp><def>/blå<adj><sint><pst><un><sp><def>$
[/pHQUrxEDEWSs]
[qVJvPH64wZu6#0] ^administrerande<adj><pst><mf><sg><ind>/administrerende<adj><pst><mf><sg><ind>$ ^direktør<n><m><sg><ind>/direktør<n><m><sg><ind>$
[/qVJvPH64wZu6]
[rQBYzDUeamGL#0] ^ein<det><qnt><nt><sg>/en<det><qnt><nt><sg>$ ^open<adj><sint><pst><nt><sg><ind>/åpen<adj><sint><pst><nt><sg><ind>$ ^hus<n><nt><sg><ind>/hus<n><nt><sg><ind>$
[/rQBYzDUeamGL]
[s4tT058gG6md#0] ^Noko<det><qnt><nt><sg>/Noe<det><qnt><nt><sg>$ ^å<part>/å<part>$ ^gjære<vblex><inf>/gjære<vblex><inf>$ ^saft<n><f><sg><def>/saft<n><m><sg><def>$ ^i<pr>/i<pr>$^,<cm>/,<cm>$ ^med<pr>/med<pr>$ ^gjærlås<n><nt><sg><ind>/gjærlås<n><nt><sg><ind>$
[/s4tT058gG6md]
[toBqJdNUSOHw#0] ^kva for<det><itg><un><pl>/hvilken<det><itg><un><pl>$ ^jente<n><f><pl><ind>/jente<n><m><pl><ind>$
[/toBqJdNUSOHw]
[uwMH-WUVLOmp#0] ^Han<prn><pers><p3><m><sg><nom>/Han<prn><pers><p3><m><sg><nom>$ ^kjøpe<vblex><pret>/kjøpe<vblex><pret>$ ^mange<adj><sint><pst><un><pl><ind>/mange<adj><sint><pst><un><pl><ind>$ ^hefte<adj><pp><pl>/hefte<adj><pp><mf><sg><ind>$ ^bok<n><f><pl><ind>/bok<n><m><pl><ind>$^.<sent><clb>/.<sent><clb>$
[/uwMH-WUVLOmp]
[vYxCsQWVAxqg#0] ^Bok<n><f><sg><def>/Bok<n><m><sg><def>$ ^bli<vblex><pres>/bli<vblex><pres>$ ^lese<vblex><pp>/lese<vblex><pp>$
[/vYxCsQWVAxqg]
[w8LcaLeGk60u#0] ^hans<det><pos><nt><sg>/hans<det><pos><nt><sg>$ ^Jenny<np><ant><f>/Jenny<np><ant><f>$
[/w8LcaLeGk60u]
[wmAota1XmGzX#0] ^neste<det><dem><nt><sp><def>/neste<det><dem><nt><sp><def>$ ^bil<n><m><sg><ind>/bil<n><m><sg><ind>$
[/wmAota1XmGzX]
[x2Oa5lY9n8fz#0] ^Eg<prn><pers><p1><mf><sg><nom>/Jeg<prn><pers><p1><mf><sg><nom>$ ^gje<vblex><pret>/gi<vblex><pret>/avgi<vblex><pret>$ ^den<prn><pers><p3><nt><sg><acc>/den<prn><pers><p3><nt><sg><acc>$ ^til<pr>/til<pr>$ ^han<prn><pers><p3><m><sg><acc>/han<prn><pers><p3><m><sg><acc>$
[/x2Oa5lY9n8fz]
[xtO4LiWjhmLl#0] ^all<det><qnt><un><pl>/all<det><qnt><un><pl>/enhver<det><qnt><un><pl>/alle og enhver<det><qnt><un><pl>$ ^annan<det><dem><un><pl>/annen<det><dem><un><pl>$ ^muslimsk<adj><pst><un><pl><ind>/muslimsk<adj><pst><un><pl><ind>$ ^herskar<n><m><pl><ind>/hersker<n><m><pl><ind>$
[/xtO4LiWjhmLl]
