[z9L2UxItKoLA#0] ^Vblex<vblex><pret>{^se<vblex><pret>$}$ ^prn<prn><pers><p3><f><sg><nom>{^hun<prn><pers><p3><f><sg><nom>$}$ ^adv<adv>{^ikke<adv>$}$ ^n<n><nt><pl><def>{^ord<n><nt><pl><def>$}$^sent<sent><clb>{^?<sent><clb>$}$ ^Prn<prn><pers><p3><un><pl><nom>{^de<prn><pers><p3><un><pl><nom>$}$ ^vblex<vblex><pret>{^sm√•spise<vblex><pret>$}$ ^adj_n<n><m><sg><ind>{^nyplante<adj><pp><mf><sg><ind>$ ^hygge<n><m><sg><ind>$}$^sent<sent><clb>{^.<sent><clb>$}$
[/z9L2UxItKoLA]
