[KMWb80rbSB-D#0] Geografisk h√∏rer ikke Jurafjella til Alpene
[/KMWb80rbSB-D]
[NyaHWcfSfvF0#0] Jeg gav ham til dere
[/NyaHWcfSfvF0]
