[z9L2UxItKoLA#0] ^Såg/sjå<vblex><pret>$ ^ho/ho<n><f><sg><ind>/ho<prn><pers><p3><f><sg><acc>/ho<prn><pers><p3><f><sg><nom>$ ^ikkje/ikkje<adv>$ ^orda/orde<vblex><inf>/orde<vblex><pret>/orde<vblex><pp>/orde<vblex><imp>/orde<adj><pp><pl>/ord<n><nt><pl><def>/orde<adj><pp><sg><def>/orde<adj><pp><nt><sg><ind>/orde<adj><pp><mf><sg><ind>$^?/?<sent><clb>$ ^Dei/den<det><dem><un><pl>/dei<prn><pers><p3><un><pl><acc>/dei<prn><pers><p3><un><pl><nom>$ ^smååt/småete<vblex><pret>$ ^nyplanta/nyplante<vblex><inf>/nyplante<vblex><pret>/nyplante<vblex><pp>/nyplante<vblex><imp>/nyplante<adj><pp><pl>/nyplante<adj><pp><sg><def>/nyplante<adj><pp><nt><sg><ind>/nyplante<adj><pp><mf><sg><ind>$ ^hygge/hygge<vblex><inf>/hygge<vblex><imp>/hygge<n><f><sg><ind>/hygge<n><f><sg><ind>$^./.<sent><clb>$
[/z9L2UxItKoLA]
