[KMWb80rbSB-D#0] ^Adj<adj><pst><nt><sg><ind>{^geografisk<adj><pst><nt><sg><ind>$}$ ^vblex<vblex><pres>{^h√∏re<vblex><pres>$}$ ^adv<adv>{^ikke<adv>$}$ ^N<np><top>{^jurafjella<np><top>$}$ ^default<default>{^til<pr>$}$ ^N<np><top>{^alpene<np><top>$}$
[/KMWb80rbSB-D]
[NyaHWcfSfvF0#0] ^Prn<prn><pers><p1><mf><sg><nom>{^jeg<prn><pers><p1><mf><sg><nom>$}$ ^vblex<vblex><pret>{^gi<vblex><pret>$}$ ^prn<prn><pers><p3><m><sg><acc>{^han<prn><pers><p3><m><sg><acc>$}$ ^default<default>{^til<pr>$}$ ^prn<prn><pers><p2><un><pl><acc>{^dere<prn><pers><p2><un><pl><acc>$}$
[/NyaHWcfSfvF0]
