[z9L2UxItKoLA#0] ^Se<vblex><pret>$ ^hun<prn><pers><p3><f><sg><nom>$ ^ikke<adv>$ ^ord<n><nt><pl><def>$^?<sent><clb>$ ^De<prn><pers><p3><un><pl><nom>$ ^sm√•spise<vblex><pret>$ ^nyplante<adj><pp><mf><sg><ind>$ ^hygge<n><m><sg><ind>$^.<sent><clb>$
[/z9L2UxItKoLA]
