[z9L2UxItKoLA#0] ^Sjå<vblex><pret>/Se<vblex><pret>$ ^ho<prn><pers><p3><f><sg><nom>/hun<prn><pers><p3><f><sg><nom>$ ^ikkje<adv>/ikke<adv>$ ^ord<n><nt><pl><def>/ord<n><nt><pl><def>$^?<sent><clb>/?<sent><clb>$ ^Dei<prn><pers><p3><un><pl><nom>/De<prn><pers><p3><un><pl><nom>$ ^småete<vblex><pret>/småspise<vblex><pret>$ ^nyplante<adj><pp><mf><sg><ind>/nyplante<adj><pp><mf><sg><ind>$ ^hygge<n><f><sg><ind>/hygge<n><m><sg><ind>$^.<sent><clb>/.<sent><clb>$
[/z9L2UxItKoLA]
