[06COfTQrIv4w#0] ^folk<n><nt><pl><ind>$ ^som<cnjsub>$ ^komme<vblex><pres>$ ^fra<pr>$ ^selv<det><emph><un><sp><def>$ ^Ørret<n><m><sg><ind>$
[/06COfTQrIv4w]
[1EymuPDp1MTL#0] ^den<det><dem><m><sg>$ ^viktig<adj><sint><pst><un><sp><def>$^,<cm>$ ^liten<adj><sint><pst><un><sp><def>$ ^farge<n><m><sg><def>$ ^rød<adj><sint><pst><mf><sg><ind>$
[/1EymuPDp1MTL]
[4Jg5edsvJJIe#0] ^en<det><qnt><nt><sg>$ ^kl<n><acr>$
[/4Jg5edsvJJIe]
[59sMhfBTfW0X#0] ^hva<prn><itg>$ ^bil<n><m><pl><ind>$
[/59sMhfBTfW0X]
[6lRozpnwwcon#0] ^hvor<adv>$ ^bo<vblex><pres>$ ^du<prn><pers><p2><mf><sg><nom>$^?<sent><clb>$
[/6lRozpnwwcon]
[7hsAD0rzJNe2#0] ^En<adv>$ ^gå<vblex><pres>$ ^ofte<adv>$ ^ut<pr>$ ^fra<pr>$
[/7hsAD0rzJNe2]
[AUHtZpz-JOKm#0] ^nå<adv>$ ^ville<vblex><pres>$ ^de<prn><pers><p3><un><pl><nom>$ ^kunne<vblex><inf>$ ^føre<vblex><inf>$ ^inn<pr>$ ^sin<det><pos><m><sg>$ ^egen<det><emph><m><sg>$ ^drikk<n><m><sg><ind>$ ^og<cnjcoo>$ ^selge<vblex><inf>$ ^den<prn><pers><p3><mf><sg><acc>$ ^i<pr>$ ^kopp<n><m><sg><ind>$
[/AUHtZpz-JOKm]
[BTbwGdShYtM7#0] ^en<det><qnt><nt><sg>$ ^klede<n><nt><sg><ind>$ ^med<pr>$
[/BTbwGdShYtM7]
[C4OA8RJafx_g#0] ^den<det><dem><nt><sg>$ ^trygg<adj><sint><pst><un><sp><def>$ ^sted<n><nt><sg><def>$
[/C4OA8RJafx_g]
[CATWsAp1dioY#0] ^og<cnjcoo>$ ^om<cnjsub>$ ^den<prn><pers><p3><nt><sg><acc>$ ^være<vblex><pres>$ ^enkelt<adj><pst><nt><sg><ind>$ ^tyde<vblex><pres>$ ^ikke<adv>$ ^den<prn><pers><p3><nt><sg><acc>$ ^at<cnjsub>$ ^den<prn><pers><p3><nt><sg><nom>$ ^være<vblex><pres>$ ^opplagt<adj><pst><nt><sg><ind>$^.<sent><clb>$
[/CATWsAp1dioY]
[CZ6mAjCAzZ3p#0] ^hvilken<det><itg><nt><sg>$ ^ønske<vblex><inf>$
[/CZ6mAjCAzZ3p]
[EGWP4QROqmbJ#0] ^hva<prn><itg>$ ^jente<n><m><pl><ind>$
[/EGWP4QROqmbJ]
[EiA8OWdxchbi#0] ^minst<adv>$ ^så<adv>$ ^høyt<adv>$ ^over<pr>$ ^gulv<n><nt><sg><def>$ ^som<pr>$ ^høyde<n><m><sg><def>$ ^på<pr>$ ^selv<det><emph><un><sp><def>$ ^dunk<n><m><sg><def>$
[/EiA8OWdxchbi]
[F5CpZXiG__Jc#0] ^samme<det><dem><nt><sp><def>$ ^bil<n><m><pl><ind>$
[/F5CpZXiG__Jc]
[FdBLrs5_yrCA#0] ^gjentatt<adj><pst><un><sp><def>$ ^åpen<adj><sint><pst><un><pl><ind>$ ^dør<n><m><pl><ind>$
[/FdBLrs5_yrCA]
[GakCFFiMThXb#0] ^en<det><qnt><nt><sg>$ ^åpen<adj><sint><pst><nt><sg><ind>$ ^hus<n><nt><sg><ind>$
[/GakCFFiMThXb]
[Gu01-ZxDXoOz#0] ^om<pr>$ ^den<prn><pers><p3><nt><sg><acc>$ ^være<vblex><pres>$ ^enkelt<adj><pst><nt><sg><ind>$ ^tyde<vblex><pres>$ ^ikke<adv>$ ^den<prn><pers><p3><nt><sg><acc>$ ^at<cnjsub>$ ^den<prn><pers><p3><nt><sg><nom>$ ^være<vblex><pres>$ ^opplagt<adj><pst><nt><sg><ind>$^.<sent><clb>$
[/Gu01-ZxDXoOz]
[HkdBLhUb64qs#0] ^hvilken<det><itg><m><sg>$ ^mann<n><m><sg><ind>$
[/HkdBLhUb64qs]
[Lu_iUy7Bcqc3#0] ^Særlig<adv>$ ^utvandre<vblex><pret>$ ^mange<adj><sint><pst><un><pl><ind>$ ^til<pr>$ ^Amerika<np><top>$^,<cm>$ ^på<pr>$ ^den<det><dem><nt><sg>$ ^mye<adj><sint><sup><un><sp><def>$ ^ca<n><acr>$ ^450<det><qnt><un><pl>$ ^menneske<n><nt><pl><ind>$ ^på<pr>$ ^en<det><qnt><nt><sg>$ ^eneste<adv>$ ^år<n><nt><sg><ind>$^.<sent><clb>$
[/Lu_iUy7Bcqc3]
[OptZeUYtPsMd#0] ^Lese<vblex><imp>$ ^også<adv>$^:<sent><clb>$
[/OptZeUYtPsMd]
[Q0bmQZ1nAdsm#0] ^den<det><dem><m><sg>$ ^liten<adj><sint><pst><un><sp><def>$ ^kvinne<n><m><sg><def>$
[/Q0bmQZ1nAdsm]
[RT4PQxYUYSAB#0] ^Tid<n><m><sg><def>$ ^for<pr>$ ^jødisk<adj><pst><mf><sg><ind>$ ^filosofi<n><m><sg><ind>$ ^finne<vblex><pret>$ ^sted<n><nt><sg><ind>$ ^i<pr>$ ^den<det><dem><nt><sg>$ ^nåværende<adj><pst><nt><sg><ind>$ ^Irak<np><top>$
[/RT4PQxYUYSAB]
[SfBrAhai_Try#0] ^hvilken<det><itg><m><sg>$ ^tyding<n><m><sg><ind>$ ^uttrykke<vblex><pres>$ ^den<det><dem><nt><sg>$ ^grammatisk<adj><pst><un><sp><def>$ ^trekk<n><nt><sg><def>$ ^imperativ<n><m><sg><ind>$^?<sent><clb>$
[/SfBrAhai_Try]
[Sx4y25A-pSNz#0] ^Han<prn><pers><p3><m><sg><nom>$ ^gi<vblex><pret>$ ^den<prn><pers><p3><nt><sg><acc>$ ^til<pr>$ ^jeg<prn><pers><p1><mf><sg><acc>$
[/Sx4y25A-pSNz]
[TBpbTD57VlE2#0] ^Bok<n><m><sg><def>$ ^bli<vblex><pres>$ ^ikke<adv>$ ^alltid<adv>$ ^lese<vblex><pp>$
[/TBpbTD57VlE2]
[TL1ZWfw5bs-s#0] ^noe<det><qnt><nt><sg>$ ^spesiell<adj><pst><nt><sg><ind>$ ^Norge<np><top>$ ^nyte<vblex><pres>$ ^godt<adv>$ ^av<pr>$
[/TL1ZWfw5bs-s]
[TkeW8Yab1hVK#0] ^Hvilken<det><itg><m><sg>$ ^tyding<n><m><sg><ind>$ ^uttrykke<vblex><pres>$ ^den<det><dem><nt><sg>$ ^grammatisk<adj><pst><un><sp><def>$ ^trekk<n><nt><sg><def>$ ^imperativ<n><m><sg><ind>$^?<sent><clb>$
[/TkeW8Yab1hVK]
[Vf-VMkPqEwiN#0] ^Hvor<adv>$ ^bo<vblex><pres>$ ^du<prn><pers><p2><mf><sg><nom>$^?<sent><clb>$
[/Vf-VMkPqEwiN]
[W480CobJY4tE#0] ^en<det><qnt><m><sg>$ ^åpen<adj><sint><pst><mf><sg><ind>$ ^gang<n><m><sg><ind>$
[/W480CobJY4tE]
[WSmJRYSHUDW0#0] ^nå<adv>$^:<sent><clb>$ ^som<pr>$ ^en slags<det><qnt><m><sg>$ ^norsk<adj><sint><pst><nt><sg><ind>$ ^Wikipedia<np><org><cmp>$^portal<n><m><sg><ind>$^.<sent><clb>$
[/WSmJRYSHUDW0]
[WyjrzkUOJ2GN#0] ^hvor<adv>$ ^eneste<adv>$ ^ting<n><m><sg><ind>$
[/WyjrzkUOJ2GN]
[XvcJkVu54KP8#0] ^hvilken<det><itg><m><sg>$ ^jente<n><m><sg><ind>$
[/XvcJkVu54KP8]
[YgQjeiniEZB9#0] ^trass i<pr>$ ^at<cnjsub>$ ^den<prn><pers><p3><nt><sg><nom>$ ^være<vblex><pres>$ ^enkelt<adj><pst><nt><sg><ind>$ ^tyde<vblex><pres>$ ^ikke<adv>$ ^den<prn><pers><p3><nt><sg><acc>$ ^at<cnjsub>$ ^den<prn><pers><p3><nt><sg><nom>$ ^være<vblex><pres>$ ^opplagt<adj><pst><nt><sg><ind>$^.<sent><clb>$
[/YgQjeiniEZB9]
[ZSo__DDQldS4#0] ^selv om<cnjsub>$ ^den<prn><pers><p3><nt><sg><nom>$ ^være<vblex><pres>$ ^enkelt<adj><pst><nt><sg><ind>$ ^tyde<vblex><pres>$ ^ikke<adv>$ ^den<prn><pers><p3><nt><sg><acc>$ ^at<cnjsub>$ ^den<prn><pers><p3><nt><sg><nom>$ ^være<vblex><pres>$ ^opplagt<adj><pst><nt><sg><ind>$^.<sent><clb>$
[/ZSo__DDQldS4]
[ZuOlQfcCiBOV#0] ^Bok<n><m><sg><def>$ ^bli<vblex><pres>$ ^ikke<adv>$ ^lese<vblex><pp>$
[/ZuOlQfcCiBOV]
[_OhSl2Lpf03v#0] ^Jeg<prn><pers><p1><mf><sg><nom>$ ^si<vblex><pret>$ ^den<prn><pers><p3><nt><sg><acc>$ ^til<pr>$ ^Dere<prn><pers><p2><un><pl><acc>$^.<sent><clb>$
[/_OhSl2Lpf03v]
[_RhoTZSX2jKr#0] ^Den<det><dem><m><sg>$ ^andre<adj><ord><pst><un><sp><def>$ ^konkurs<n><m><sg><def>$
[/_RhoTZSX2jKr]
[a-7yaHN7ibE1#0] ^en<det><qnt><nt><sg>$ ^åpen<adj><sint><pst><nt><sg><ind>$ ^hus<n><nt><sg><ind>$
[/a-7yaHN7ibE1]
[dTVwMZwC3Uu_#0] ^alle<n><m><sg><ind>$ ^Statkraft<np><org>$
[/dTVwMZwC3Uu_]
[eWi8d3kf9b08#0] ^Bok<n><m><sg><def>$ ^kunne<vblex><pres>$ ^lese<vblex><inf><pasv>$
[/eWi8d3kf9b08]
[fKFBHMQ8sw8-#0] ^en<det><qnt><m><sg>$ ^åpen<adj><sint><pst><mf><sg><ind>$ ^dør<n><m><sg><ind>$
[/fKFBHMQ8sw8-]
[fpiYKQgXAFhj#0] ^Hva<adv>$ ^gjøre<vblex><pres>$ ^Dere<prn><pers><p2><un><pl><nom>$^?<sent><clb>$
[/fpiYKQgXAFhj]
[ft09TWrBLwlM#0] ^Han<prn><pers><p3><m><sg><nom>$ ^slå<vblex><pres>$ ^han<prn><pers><p3><m><sg><acc>$
[/ft09TWrBLwlM]
[gj0tFgivz7Ba#0] ^Er<np><ant><m>$ ^den<det><dem><nt><sg>$ ^kanskje<adv>$ ^en<det><qnt><m><sg>$ ^god<adj><sint><comp><un><sp>$ ^plass<n><m><sg><ind>$ ^jeg<prn><pers><p1><mf><sg><nom>$ ^kunne<vblex><pres>$ ^oversette<vblex><inf>$^?<sent><clb>$
[/gj0tFgivz7Ba]
[k9knt0YYySWQ#0] ^Jeg<prn><pers><p1><mf><sg><nom>$ ^si<vblex><pret>$ ^den<prn><pers><p3><nt><sg><acc>$ ^til<pr>$ ^hund<n><m><sg><def>$ ^Deres²<det><pos><m><sg>$^.<sent><clb>$
[/k9knt0YYySWQ]
[kO-E199iuwRS#0] ^neste<det><dem><nt><sp><def>$ ^stor<adj><sint><pst><un><sp><def>$
[/kO-E199iuwRS]
[lisGnn55ZCjY#0] ^en<det><qnt><m><sg>$ ^åpen<adj><sint><pst><mf><sg><ind>$ ^dør<n><m><sg><ind>$
[/lisGnn55ZCjY]
[nNaZJTaue3GE#0] ^være<vblex><pret>$ ^en<det><qnt><m><sg>$ ^av<pr>$ ^den<det><dem><un><pl>$ ^ledende<adj><pst><un><sp><def>$ ^avis<n><m><pl><def>$ ^i<pr>$ ^Usa<np><top>$
[/nNaZJTaue3GE]
[pHQUrxEDEWSs#0] ^den<det><dem><m><sg>$ ^viktig<adj><sint><pst><un><sp><def>$^,<cm>$ ^liten<adj><sint><pst><un><sp><def>$ ^farge<n><m><sg><def>$ ^blå<adj><sint><pst><un><sp><def>$
[/pHQUrxEDEWSs]
[qVJvPH64wZu6#0] ^administrerende<adj><pst><mf><sg><ind>$ ^direktør<n><m><sg><ind>$
[/qVJvPH64wZu6]
[rQBYzDUeamGL#0] ^en<det><qnt><nt><sg>$ ^åpen<adj><sint><pst><nt><sg><ind>$ ^hus<n><nt><sg><ind>$
[/rQBYzDUeamGL]
[s4tT058gG6md#0] ^Noe<det><qnt><nt><sg>$ ^å<part>$ ^gjære<vblex><inf>$ ^saft<n><m><sg><def>$ ^i<pr>$^,<cm>$ ^med<pr>$ ^gjærlås<n><nt><sg><ind>$
[/s4tT058gG6md]
[toBqJdNUSOHw#0] ^hvilken<det><itg><un><pl>$ ^jente<n><m><pl><ind>$
[/toBqJdNUSOHw]
[uwMH-WUVLOmp#0] ^Han<prn><pers><p3><m><sg><nom>$ ^kjøpe<vblex><pret>$ ^mange<adj><sint><pst><un><pl><ind>$ ^hefte<adj><pp><mf><sg><ind>$ ^bok<n><m><pl><ind>$^.<sent><clb>$
[/uwMH-WUVLOmp]
[vYxCsQWVAxqg#0] ^Bok<n><m><sg><def>$ ^bli<vblex><pres>$ ^lese<vblex><pp>$
[/vYxCsQWVAxqg]
[w8LcaLeGk60u#0] ^hans<det><pos><f><sg>$ ^Jenny<np><ant><f>$
[/w8LcaLeGk60u]
[wmAota1XmGzX#0] ^neste<det><dem><m><sp><def>$ ^bil<n><m><sg><ind>$
[/wmAota1XmGzX]
[x2Oa5lY9n8fz#0] ^Jeg<prn><pers><p1><mf><sg><nom>$ ^gi<vblex><pret>$ ^den<prn><pers><p3><nt><sg><acc>$ ^til<pr>$ ^han<prn><pers><p3><m><sg><acc>$
[/x2Oa5lY9n8fz]
[xtO4LiWjhmLl#0] ^all<det><qnt><un><pl>$ ^annen<det><dem><un><pl>$ ^muslimsk<adj><pst><un><pl><ind>$ ^hersker<n><m><pl><ind>$
[/xtO4LiWjhmLl]
