[z9L2UxItKoLA#0] Så hun ikke ordene? De småspiste nyplantet hygge.
[/z9L2UxItKoLA]
