[06COfTQrIv4w#0] folk som kommer fra selve Ørret
[/06COfTQrIv4w]
[1EymuPDp1MTL#0] den viktige, lille fargen rød
[/1EymuPDp1MTL]
[4Jg5edsvJJIe#0] et kl
[/4Jg5edsvJJIe]
[59sMhfBTfW0X#0] hva biler
[/59sMhfBTfW0X]
[6lRozpnwwcon#0] hvor bor du?
[/6lRozpnwwcon]
[7hsAD0rzJNe2#0] En går ofte ut fra
[/7hsAD0rzJNe2]
[AUHtZpz-JOKm#0] nå vil de kunne føre inn sin egen drikk og selge den i kopp
[/AUHtZpz-JOKm]
[BTbwGdShYtM7#0] et klede med
[/BTbwGdShYtM7]
[C4OA8RJafx_g#0] det trygge stedet
[/C4OA8RJafx_g]
[CATWsAp1dioY#0] og om det er enkelt tyder ikke det at det er opplagt.
[/CATWsAp1dioY]
[CZ6mAjCAzZ3p#0] hvilket ønske
[/CZ6mAjCAzZ3p]
[EGWP4QROqmbJ#0] hva jenter
[/EGWP4QROqmbJ]
[EiA8OWdxchbi#0] minst så høyt over gulvet som høyden på selve dunken
[/EiA8OWdxchbi]
[F5CpZXiG__Jc#0] samme biler
[/F5CpZXiG__Jc]
[FdBLrs5_yrCA#0] gjentatte åpne dører
[/FdBLrs5_yrCA]
[GakCFFiMThXb#0] et åpent hus
[/GakCFFiMThXb]
[Gu01-ZxDXoOz#0] om det er enkelt tyder ikke det at det er opplagt.
[/Gu01-ZxDXoOz]
[HkdBLhUb64qs#0] hvilken mann
[/HkdBLhUb64qs]
[Lu_iUy7Bcqc3#0] Særlig utvandret mange til Amerika, på det meste ca 450 mennesker på et eneste år.
[/Lu_iUy7Bcqc3]
[OptZeUYtPsMd#0] Les også:
[/OptZeUYtPsMd]
[Q0bmQZ1nAdsm#0] den lille kvinnen
[/Q0bmQZ1nAdsm]
[RT4PQxYUYSAB#0] Tiden for jødisk filosofi fant sted i det nåværende Irak
[/RT4PQxYUYSAB]
[SfBrAhai_Try#0] hvilken tyding uttrykker det grammatiske trekket imperativ?
[/SfBrAhai_Try]
[Sx4y25A-pSNz#0] Han gav det til meg
[/Sx4y25A-pSNz]
[TBpbTD57VlE2#0] Boken blir ikke alltid lest
[/TBpbTD57VlE2]
[TL1ZWfw5bs-s#0] noe spesielt Norge nyter godt av
[/TL1ZWfw5bs-s]
[TkeW8Yab1hVK#0] Hvilken tyding uttrykker det grammatiske trekket imperativ?
[/TkeW8Yab1hVK]
[Vf-VMkPqEwiN#0] Hvor bor du?
[/Vf-VMkPqEwiN]
[W480CobJY4tE#0] en åpen gang
[/W480CobJY4tE]
[WSmJRYSHUDW0#0] nå: som en slags norsk Wikipedia-portal.
[/WSmJRYSHUDW0]
[WyjrzkUOJ2GN#0] hvor eneste ting
[/WyjrzkUOJ2GN]
[XvcJkVu54KP8#0] hvilken jente
[/XvcJkVu54KP8]
[YgQjeiniEZB9#0] trass i at det er enkelt tyder ikke det at det er opplagt.
[/YgQjeiniEZB9]
[ZSo__DDQldS4#0] selv om det er enkelt tyder ikke det at det er opplagt.
[/ZSo__DDQldS4]
[ZuOlQfcCiBOV#0] Boken blir ikke lest
[/ZuOlQfcCiBOV]
[_OhSl2Lpf03v#0] Jeg sa det til Dere.
[/_OhSl2Lpf03v]
[_RhoTZSX2jKr#0] Den andre konkursen
[/_RhoTZSX2jKr]
[a-7yaHN7ibE1#0] et åpent hus
[/a-7yaHN7ibE1]
[dTVwMZwC3Uu_#0] alle Statkraft
[/dTVwMZwC3Uu_]
[eWi8d3kf9b08#0] Boken kan leses
[/eWi8d3kf9b08]
[fKFBHMQ8sw8-#0] en åpen dør
[/fKFBHMQ8sw8-]
[fpiYKQgXAFhj#0] Hva gjør Dere?
[/fpiYKQgXAFhj]
[ft09TWrBLwlM#0] Han slår ham
[/ft09TWrBLwlM]
[gj0tFgivz7Ba#0] Er det kanskje en bedre plass jeg kan oversette?
[/gj0tFgivz7Ba]
[k9knt0YYySWQ#0] Jeg sa det til hunden Deres.
[/k9knt0YYySWQ]
[kO-E199iuwRS#0] neste store
[/kO-E199iuwRS]
[lisGnn55ZCjY#0] en åpen dør
[/lisGnn55ZCjY]
[nNaZJTaue3GE#0] var en av de ledende avisene i #Usa
[/nNaZJTaue3GE]
[pHQUrxEDEWSs#0] den viktige, lille fargen blåe
[/pHQUrxEDEWSs]
[qVJvPH64wZu6#0] administrerende direktør
[/qVJvPH64wZu6]
[rQBYzDUeamGL#0] et åpent hus
[/rQBYzDUeamGL]
[s4tT058gG6md#0] Noe å gjære saften i, med gjærlås
[/s4tT058gG6md]
[toBqJdNUSOHw#0] hvilke jenter
[/toBqJdNUSOHw]
[uwMH-WUVLOmp#0] Han kjøpte mange heftet bøker.
[/uwMH-WUVLOmp]
[vYxCsQWVAxqg#0] Boken blir lest
[/vYxCsQWVAxqg]
[w8LcaLeGk60u#0] hans Jenny
[/w8LcaLeGk60u]
[wmAota1XmGzX#0] neste bil
[/wmAota1XmGzX]
[x2Oa5lY9n8fz#0] Jeg gav det til ham
[/x2Oa5lY9n8fz]
[xtO4LiWjhmLl#0] alle andre muslimske herskere
[/xtO4LiWjhmLl]
