[z9L2UxItKoLA#0] ^Sjå<vblex><pret>$ ^ho<prn><pers><p3><f><sg><nom>$ ^ikkje<adv>$ ^ord<n><nt><pl><def>$^?<sent><clb>$ ^Dei<prn><pers><p3><un><pl><nom>$ ^småete<vblex><pret>$ ^nyplante<adj><pp><mf><sg><ind>$ ^hygge<n><f><sg><ind>$^.<sent><clb>$
[/z9L2UxItKoLA]
