[0-3E2ZcAjolY#0] ^Verdskjend<adj><pst><nt><sg><ind>/Verdskjent$ ^kalle<vblex><pres>/kallar$ ^han<prn><pers><p3><m><sg><acc>/han$ ^dei<prn><pers><p3><un><pl><acc>/dei$^.<sent><clb>/.$
[/0-3E2ZcAjolY]
[2oIgkf_G1MEg#0] ^Båt<n><m><sg><def>/Båten$ ^som<cnjsub>/som$ ^vi<prn><pers><p1><un><pl><nom>/me/vi<v:me_vi>$ ^måle¹<vblex><pres>/målar$ ^lekker<adj><sint><pst><mf><sg><ind>/lekker$
[/2oIgkf_G1MEg]
[ANikIYqPU94C#0] ^Leiing<n><f><sg><def>/Leiinga$ ^like<vblex><pres>/liker$ ^dårleg<adj><sint><pst><nt><sg><ind>/dårleg$ ^fokus<n><nt><sg><def>/fokuset$ ^på<pr>/på$ ^utøvar<n><m><pl><ind>/utøvarar$ ^som<pr>/som$ ^Tommy<np><ant><m>/Tommy$ ^Ingebrigtsen<np><cog>/Ingebrigtsen$
[/ANikIYqPU94C]
[AZxnRsPHWX86#0] ^Kråke<n><f><pl><def>/Kråkene$ ^flyge<vblex><pret>/flaug$ ^skremme<vblex><pp>/skremt$ ^bort<adv>/bort$^.<sent><clb>/.$
[/AZxnRsPHWX86]
[B8TIKzJZDZCu#0] ^Forelder<n><m><pl><def>/Foreldra$ ^min<det><pos><un><pl>/mine$ ^vere<vblex><pres>/er$ ^skilje<adj><pp><pl>/skilde$
[/B8TIKzJZDZCu]
[BibEwKkY4vAK#0] ^Om<pr>/Om$ ^vinter<n><m><sg><def>/vinteren$ ^bli<vblex><pres>/blir$ ^nok<adv>/nok$ ^selje<adj><pp><mf><sg><ind>/seld$ ^ku<n><f><pl><def>/kyrne$^.<sent><clb>/.$
[/BibEwKkY4vAK]
[BnluB9LAf1JL#0] ^Skremme<vblex><pp>/Skremt$ ^flyge<vblex><pret>/flaug$ ^kråke<n><f><pl><def>/kråkene$ ^bort<pr>/bort$^.<sent><clb>/.$
[/BnluB9LAf1JL]
[Bu_kX3ZtDT8R#0] ^ho<prn><pers><p3><f><sg><nom>/ho$ ^nedkjempe<vblex><pret>/nedkjempa$ ^ofte<adj><sint><pst><un><pl><ind>/ofte$ ^fiende<n><m><pl><ind>/fiendar$
[/Bu_kX3ZtDT8R]
[DOF-mkgqCsBR#0] ^vis<n><nt><sg><ind>/vis$ ^kva<det><itg><un><pl>/kva$ ^lenke<n><f><pl><ind>/lenkjer$
[/DOF-mkgqCsBR]
[EZwrNUi1hzSQ#0] ^All<det><qnt><un><pl>/Alle$ ^parti<n><nt><pl><ind>/parti$ ^viss<cnjsub>/viss$ ^leiar<n><m><pl><ind>/leiarar$ ^vere<vblex><pres>/er$ ^representere<adj><pp><pl>/representerte$ ^på<pr>/på$ ^Stortinget<np><org><nt>/Stortinget$^,<cm><clb>/,$ ^vere<vblex><pres>/er$ ^mot<pr>/mot$ ^direktiv<n><nt><sg><def>/direktivet$^.<sent><clb>/.$
[/EZwrNUi1hzSQ]
[FO_vuYx7FXBk#0] ^Toppen<np><top><gen>/Toppens$ ^mange<adj><sint><pst><un><pl><ind>/mange$ ^besøkjande<n><m><sg><def>/besøkjande$
[/FO_vuYx7FXBk]
[HHBbu-j6FG0G#0] ^Den gong<adv>/Den gong$ ^då<cnjsub>/då$
[/HHBbu-j6FG0G]
[OXMMBMz0vgXy#0] ^Kvar<adv>/Kvar$ ^bu<vblex><pres>/bur$ ^du<prn><pers><p2><mf><sg><nom>/du$^?<sent><clb>/?$
[/OXMMBMz0vgXy]
[OmxzUj8TdLiS#0] ^Bcg-vaksine<n><m><sg><ind>/BCG-vaksine$
[/OmxzUj8TdLiS]
[OzNaWYqbcC_B#0] ^Tomme<n><m><sg><ind>/Tomme$ ^bli<vblex><pres>/blir$ ^mjølke<adj><pp><pl>/mjølka$ ^ku<n><f><pl><def>/kyrne$^.<sent><clb>/.$
[/OzNaWYqbcC_B]
[RbWzpjShozou#0] ^Denne<det><dem><m><sg>/Denne$ ^kunne<vblex><pres>/kan$ ^lese<vblex><inf>/lesa/lese<v:infa_infe>$ ^all<det><qnt><un><pl>/alle$ ^talet på<n><nt><pl><ind>/talet på$ ^mellomrom<n><nt><sg><ind>/mellomrom$
[/RbWzpjShozou]
[S715ORqwY2O5#0] ^Bok<n><f><sg><def>/Boka$ ^hans<det><pos><f><sg>/hans$ ^bli<vblex><pres>/blir$ ^leste<adj><pp><mf><sg><ind>/lesta$
[/S715ORqwY2O5]
[Tq52siv1VBx5#0] ^Dame<n><f><sg><def>/Dama$^,<cm><aa>/,<aa>$ ^*hvems/*hvems$ ^hund<n><m><sg><ind>/hund$ ^heite<vblex><pret>/heitte$ ^Bella<np><ant><f>/Bella$^,<cm><clb><aa>/,<aa>$ ^eige<vblex><pret>/eigde$ ^ein<det><qnt><m><sg>/ein$ ^villa<n><m><sg><ind>/villa$^.<sent><clb><aa>/.<aa>$
[/Tq52siv1VBx5]
[VQpYd6wfbvcE#0] ^Den<prn><pers><p3><nt><sg><nom>/Det$ ^vere<vblex><pres>/er$ ^by<n><m><sg><def>/byen$ ^kvar<adv>/kvar$ ^eg<prn><pers><p1><mf><sg><nom>/eg$ ^vere<vblex><pres>/er$ ^god<adj><sint><sup><un><sp><ind>/best$ ^kjend<adj><pst><mf><sg><ind>/kjend$^.<sent><clb>/.$
[/VQpYd6wfbvcE]
[V_Q8-2h8HHVw#0] ^Han<prn><pers><p3><m><sg><nom>/Han$ ^kalle<vblex><pres>/kallar$ ^dei<prn><pers><p3><un><pl><acc>/dei$ ^verdskjend<adj><pst><mf><sg><ind>/verdskjend$^.<sent><clb>/.$
[/V_Q8-2h8HHVw]
[_Fr3w5CGmjr7#0] ^I dag<adv>/I dag$ ^bli<vblex><pres>/blir$ ^denne<prn><dem><nt><sg><nom>/dette$ ^ikkje<adv>/ikkje$ ^rekne<adj><pp><nt><sg><ind>/rekna$ ^lenger<adv>/lenger$ ^som<pr>/som$ ^noko<det><qnt><nt><sg>/noko$ ^reell<adj><pst><nt><sg><ind>/reelt$ ^mål<n><nt><sg><ind>/mål$
[/_Fr3w5CGmjr7]
[a1GFZF8gIoDn#0] ^Mann<n><m><sg><def>/Mannen$ ^som<pr>/som$ ^eg<prn><pers><p1><mf><sg><nom>/eg$ ^sjå<vblex><pret>/såg$
[/a1GFZF8gIoDn]
[af1lsSK7f5VZ#0] ^Ein<det><qnt><m><sg>/Ein$ ^lærar<n><m><sg><ind>/lærar$ ^lære<vblex><pres>/lærer$ ^bort<adv>/bort$ ^like<adv>/like$ ^mykje<adj><sint><pst><nt><sg><ind>/mykje$ ^som<cnjsub>/som$ ^elev<n><m><pl><def>/elevane$ ^kunne<vblex><pres>/kan$^.<sent><clb>/.$
[/af1lsSK7f5VZ]
[aiI4rYkyc2u5#0] ^Bort<adv>/Bort$ ^flyge<vblex><pret>/flaug$ ^kråke<n><f><pl><def>/kråkene$ ^skremme<vblex><pp>/skremt$^.<sent><clb>/.$
[/aiI4rYkyc2u5]
[bCpA9zw4pMIG#0] ^Bok<n><f><sg><def>/Boka$ ^bli<vblex><pres>/blir$ ^leste<adj><pp><mf><sg><ind>/lesta$
[/bCpA9zw4pMIG]
[bOxuOOUuV7lk#0] ^for<pr>/for$ ^min<det><pos><m><sg>/min$ ^del<n><m><sg><ind>/del$
[/bOxuOOUuV7lk]
[cf8IcPczd2_H#0] ^Den<det><dem><un><pl>/Dei$ ^to<det><qnt><un><pl>/to$ ^ku<n><f><pl><def>/kyrne$ ^skulle<vblex><pres>/skal$ ^ha<vblex><inf>/ha$ ^bli<vblex><pp>/vorte$ ^slå<vblex><pp>/slått$ ^helse<n><f><sg><ind><cmp>/helse$^laus<adj><sint><pst><un><pl><ind>/lause$^.<sent><clb><aa>/.<aa>$
[/cf8IcPczd2_H]
[ebGbfyCDglJj#0] ^den<prn><pers><p3><nt><sg><nom>/det$ ^vere<vblex><pres>/er$ ^ein<det><qnt><nt><sg>/eit$ ^ønske<n><nt><sg><ind>/ønske$ ^vi<prn><pers><p1><un><pl><nom>/me/vi<v:me_vi>$ ^dele<vblex><pres>/deler$
[/ebGbfyCDglJj]
[fdMaD0JM37sZ#0] ^Dame<n><f><sg><def>/Dama$^,<cm><aa>/,<aa>$ ^viss<cnjsub>/viss$ ^hund<n><m><sg><ind>/hund$ ^heite<vblex><pret>/heitte$ ^Bella<np><ant><f>/Bella$^,<cm><clb><aa>/,<aa>$ ^eige<vblex><pret>/eigde$ ^ein<det><qnt><m><sg>/ein$ ^villa<n><m><sg><ind>/villa$^.<sent><clb><aa>/.<aa>$
[/fdMaD0JM37sZ]
[fkZpNI7cKMc5#0] ^Mann<n><m><sg><def>/Mannen$ ^i<pr>/i$ ^meining<n><f><sg><def>/meininga$ ^til<pr>/til$ ^gate<n><f><sg><def>/gata$
[/fkZpNI7cKMc5]
[gof_TU9VxwKD#0] ^Kristoffer<np><ant><m><gen>/Kristoffers$ ^katt<n><m><sg><ind>/ka~tt$
[/gof_TU9VxwKD]
[iR1xrpZ3yodT#0] ^All<det><qnt><nt><sg>/Alt$ ^for<pr>/for$ ^mange<det><qnt><un><pl>/mange$ ^henge¹<vblex><pres>/hengjer$ ^seg<prn><ref><p3><un><sp><acc>/seg$ ^så<adv>/så$ ^opp<adv>/opp$ ^i<pr>/i$ ^å<part>/å$ ^*tilfredstille/*tilfredstille$ ^publikum<n><nt><sg><ind>/publikum$ ^at<cnjsub>/at$ ^musikk<n><m><sg><ind>/musi~kk$ ^nesten<adv>/nesten$ ^bli<vblex><pres>/blir$ ^ein<det><qnt><m><sg>/ein$ ^andre<n><m><sg><ind><cmp>/andre$^rang<n><m><sg><ind><gen>/rangs$ ^greie<n><f><sg><ind>/greie$
[/iR1xrpZ3yodT]
[kpxqvmF7UfXC#0] ^Ein<det><qnt><m><sg>/Ein$ ^gut<n><m><sg><ind>/gut$ ^og<cnjcoo>/og$ ^ein<det><qnt><f><sg>/ei$ ^jente<n><f><sg><ind>/jente$ ^vere<vblex><pret>/var$ ^stikke<vblex><pp># av/stukke av$ ^veps<n><m><sg><def>/vepsen$^.<sent><clb>/.$
[/kpxqvmF7UfXC]
[mbi1mbzcrA1d#0] ^Båt<n><m><sg><def>/Båten$ ^som<cnjsub>/som$ ^vi<prn><pers><p1><un><pl><nom>/me/vi<v:me_vi>$ ^måle¹<vblex><pres>/målar$ ^lekker<adj><sint><pst><mf><sg><ind>/lekker$^.<sent><clb>/.$
[/mbi1mbzcrA1d]
[p-jSJLv19g9Z#0] ^Vilje<vblex><pres>/Vil$ ^du<prn><pers><p2><mf><sg><nom>/du$ ^låne<vblex><inf>/låna/låne<v:infa_infe>$ ^noko<det><qnt><un><neg><pl>/nokon$ ^penge<n><m><pl><ind>/pengar$ ^av<pr>/av$ ^eg<prn><pers><p1><mf><sg><acc>/meg$^?<sent><clb>/?$
[/p-jSJLv19g9Z]
[qd2EKLs38dQ_#0] ^Måte<n><m><sg><def>/Måten$ ^til<pr>/til$ ^den<det><dem><m><sg>/den$ ^rar<adj><sint><pst><un><sp><def>/rare$ ^nabo<n><m><sg><def>/naboen$ ^å<part>/å$ ^sykle<vblex><inf>/sykla/sykle<v:infa_infe>$
[/qd2EKLs38dQ_]
[raJrn-3eW0wP#0] ^På<pr>/På$ ^fredag<n><m><sg><ind>/fredag$ ^bli<vblex><pres>/blir$ ^nok<adv>/nok$ ^selje<adj><pp><nt><sg><ind>/selt$ ^ku<n><f><pl><def>/kyrne$^.<sent><clb><aa>/.<aa>$
[/raJrn-3eW0wP]
