[7A69MRQRN-5W#0] ^jeg<prn><pers><p1><mf><sg><nom><Aa>$ ^ha<vblex><pres><aa>$ ^ål<n><m><pl><ind><aa>$ ^i<pr><aa>$ ^min<det><pos><m><sg><aa>$ ^luftputebåt<n><m><sg><ind><aa>$^.<sent><clb><aa>$ ^den<prn><pers><p3><nt><sg><nom><Aa>$ ^være<vblex><pres><aa>$ ^bevisst<adj><pst><nt><sg><ind><aa>$^.<sent><clb><aa>$ ^vi<prn><pers><p1><un><pl><nom><Aa>$ ^kunne<vblex><pres><aa>$ ^søke<vblex><inf><aa>$ ^myndighet<n><f><pl><def><aa>$^.<sent><clb><aa>$
[/7A69MRQRN-5W]
