[7A69MRQRN-5W#0] ^Prn<prn><pers><p1><mf><sg><nom>{^eg<prn><pers><p1><mf><sg><nom>$}$ ^aux<vblex><pres>{^ha<vblex><pres>$}$ ^n<n><m><pl><ind><sl-m>{^ål<n><m><pl><ind>$}$ ^pr<pr><i>{^i<pr>$}$ ^det<det><pos><m><sg>{^min<det><pos><m><sg>$}$ ^n<n><m><sg><ind><sl-m>{^luftputebåt<n><m><sg><ind>$}$^sent<sent><clb>{^.<sent><clb>$}$ ^Prn<prn><pers><p3><nt><sg><nom>{^den<prn><pers><p3><nt><sg><nom>$}$ ^aux<vblex><pres>{^vere<vblex><pres>$}$ ^adj<adj><pst><nt><sg><ind>{^medviten<adj><pst><nt><sg><ind>$}$^sent<sent><clb>{^.<sent><clb>$}$ ^Prn<prn><pers><p1><un><pl><nom>{^vi<prn><pers><p1><un><pl><nom>$}$ ^vblex<vblex><pres>{^kunne<vblex><pres>$}$ ^vblex<vblex><inf>{^søke<vblex><inf>$}$ ^n<n><f><pl><def><sl-f>{^styresmakt<n><f><pl><def>$}$^sent<sent><clb>{^.<sent><clb>$}$
[/7A69MRQRN-5W]
