[-8ixrLtjgnQm#0] ^Hun<prn><pers><p3><f><sg><nom>$ ^sette# i gang<vblex><pret>$ ^og<cnjcoo><clb>$ ^arbeide<vblex><pret>$
[/-8ixrLtjgnQm]
[-HW3GxhAgqSn#0] ^Noe<det><qnt><un><pl>$ ^år<n><nt><pl><ind><gen>$ ^tid<n><f><sg><ind>$
[/-HW3GxhAgqSn]
[0-hdstvpj7lE#0] ^Jeg<prn><pers><p1><mf><sg><nom>$ ^ha<vblex><pres>$ ^sykle<vblex><pp>$
[/0-hdstvpj7lE]
[05u3Kw90wSyW#0] ^Boken/bok<n><m><sg><def>$ ^kan/kunne<vblex><pres>$ ^leses/lese<vblex><inf><pasv>$^./.<sent><clb>$
[/05u3Kw90wSyW]
[0A4hKI2v-BCt#0] ^Mann<n><m><sg><def>$ ^sin<det><pos><m><sg>$ ^bil<n><m><sg><ind>$
[/0A4hKI2v-BCt]
[0GlhVcm5enM_#0] ^Min<det><pos><m><sg>$ ^sort<adj><sint><pst><un><sp><def>$ ^tekst<n><f><sg><ind>$
[/0GlhVcm5enM_]
[11dbJqk-DUBM#0] ^En<det><qnt><nt><sg>$ ^dømme<adj><pp><nt><sg><ind>$ ^vitne<n><nt><sg><ind>$
[/11dbJqk-DUBM]
[1WERHDg6jFy9#0] ^Lærer<n><m><sg><def>$ ^si<vblex><pret>$ ^jeg<prn><pers><p1><mf><sg><nom>$ ^ha<vblex><pret>$ ^noe<det><qnt><un><pl>$ ^god<adj><sint><pst><un><pl><ind>$ ^poeng<n><nt><pl><ind>$ ^i<pr>$ ^oppgave<n><m><sg><def>$ ^min<det><pos><m><sg>$
[/1WERHDg6jFy9]
[1leH8PCN8hFY#0] ^Hun<prn><pers><p3><f><sg><nom>$ ^bruke<vblex><pres>$ ^selve<adv>$ ^ord<n><nt><sg><def>$
[/1leH8PCN8hFY]
[1oGvDFNvDdW8#0] ^bcg-vaksine<n><m><sg><ind>$^.<sent><clb>$ ^Bcg-vaksine<n><m><sg><ind>$^.<sent><clb>$ ^BCG-VAKSINE<n><m><sg><ind>$^.<sent><clb>$ ^Bcg-vaksine<n><m><sg><ind>$^.<sent><clb>$
[/1oGvDFNvDdW8]
[1u-qaEhZlPdx#0] ^Han<prn><pers><p3><m><sg><nom>$ ^ville<vblex><pret>$ ^ikke<adv>$ ^si<vblex><inf>$ ^hvor<adv>$ ^stor<adj><sint><pst><mf><sg><ind>$ ^styrke<n><m><sg><def>$ ^skulle<vblex><pres>$ ^bli<vblex><inf>$
[/1u-qaEhZlPdx]
[1y5e7C2ERy56#0] ^Baldur<np><ant><m>$ ^være<vblex><pres>$ ^ennå<adv>$ ^liten<adj><sint><pst><mf><sg><ind>$ ^nok<adv>$ ^til<pr>$ ^å<part>$ ^kalle<vblex><inf><pasv>$ ^en<det><qnt><m><sg>$ ^valp<n><m><sg><ind>$
[/1y5e7C2ERy56]
[26sjWE5KWeJE#0] ^den<det><dem><un><pl>$ ^grunnleggende<adj><pst><un><pl><ind>$ ^frihet<n><f><pl><ind>$
[/26sjWE5KWeJE]
[29OknQ2Qa07Z#0] ^en<det><qnt><m><sg>$
[/29OknQ2Qa07Z]
[2SYaGXwP1fBU#0] ^rød<adj><sint><pst><un><sp><def>$ ^it<n><mf><sp><gen>$
[/2SYaGXwP1fBU]
[2fmiZq8kp7rx#0] ^Den<prn><pers><p3><nt><sg><nom>$ ^være<vblex><pres>$ ^ikke<adv>$ ^tillate<vblex><pp>$ ^å<part>$ ^røyke<vblex><inf>$ ^her<pr>$
[/2fmiZq8kp7rx]
[2jsj-WuFiENh#0] ^En<det><qnt><m><sg>$ ^høy<adj><sint><pst><mf><sg><ind>$ ^kvinne<n><f><sg><ind>$
[/2jsj-WuFiENh]
[3HzrYIrNRFC1#0] ^Kvinne<n><m><pl><def>$ ^være<vblex><pres>$ ^høy<adj><sint><pst><un><pl><ind>$
[/3HzrYIrNRFC1]
[3JLTeVOKyAGY#0] ^forrige<det><dem><nt><sp><def>$ ^århundre<n><nt><sg><ind><gen>$ ^stor<adj><sint><sup><un><sp><def>$ ^filosof<n><m><pl><ind>$
[/3JLTeVOKyAGY]
[3Lr-JmovH0hZ#0] ^Stor<adj><sint><pst><un><pl><ind>$ ^barn<n><nt><pl><ind>$
[/3Lr-JmovH0hZ]
[3ua6EN3qaHXy#0] ^den<det><dem><m><sg>$ ^gammel<adj><sint><comp><un><sp>$ ^mann<n><m><sg><def>$
[/3ua6EN3qaHXy]
[4BamgYUJHu01#0] ^den<det><dem><nt><sg>$ ^god<adj><sint><sup><un><sp><def>$ ^vilkår<n><nt><sg><def>$^.<sent><clb>$
[/4BamgYUJHu01]
[4TnTIEfakvyf#0] ^Hva<adv>$ ^man<prn><pers><p3><un><sg><nom>$ ^kunne<vblex><pres>$ ^se<vblex><inf>$
[/4TnTIEfakvyf]
[4exIE-OPuLP5#0] ^Boken/bok<n><m><sg><def>$ ^ble/bli<vblex><pret>$ ^heller/heller<adv>$ ^ofte/ofte<adv>$ ^lest/lese<adj><pp><mf><sg><ind>$^./.<sent><clb>$
[/4exIE-OPuLP5]
[4ksWDDNNvItM#0] ^Min<det><pos><m><sg>$ ^gammel<adj><sint><pst><un><sp><def>$ ^katt<n><m><sg><ind><gen>$ ^sort<adj><sint><pst><un><sp><def>$ ^snute<n><f><sg><ind>$
[/4ksWDDNNvItM]
[5BJwJNOyrj9z#0] ^Vi<prn><pers><p1><un><pl><nom>$ ^gi<vblex><pret>$ ^den<prn><pers><p3><nt><sg><acc>$ ^til<pr>$ ^dere<prn><pers><p2><un><pl><acc>$
[/5BJwJNOyrj9z]
[5DqkyGQVAQTJ#0] ^Jeg<prn><pers><p1><mf><sg><nom>$ ^sykle<vblex><pres>$
[/5DqkyGQVAQTJ]
[5dSSrj8nHyUL#0] ^neste år<n><nt><sg><ind><gen>$ ^konkurranse<n><m><sg><ind>$
[/5dSSrj8nHyUL]
[5yS8J_65Viso#0] ^en<det><qnt><m><sg>$ ^smart<adj><sint><pst><nt><sg><ind>$ ^liten<adj><sint><pst><mf><sg><ind>$ ^katt<n><m><sg><ind><gen>$ ^snute<n><f><sg><ind>$
[/5yS8J_65Viso]
[69goRdA3i18h#0] ^de<prn><pers><p3><un><pl><nom>$ ^som<cnjsub>$ ^forsøke<vblex><pres>$ ^en<det><qnt><m><sg>$ ^annen<det><dem><m><sg><ind>$ ^utvei<n><m><sg><ind>$ ^være<vblex><pres>$ ^besette<vblex><pret>$
[/69goRdA3i18h]
[6Povzd4SPz-A#0] ^Lindgren<np><cog>$ ^selv<det><emph><un><sp>$ ^mene<adj><pp><nt><sg><ind>$
[/6Povzd4SPz-A]
[6ar1zSFeD_BQ#0] ^en<det><qnt><m><sg>$ ^liten<adj><sint><pst><mf><sg><ind>$ ^dag<n><m><sg><ind>$^.<sent><clb>$
[/6ar1zSFeD_BQ]
[6mc54O5rGDKZ#0] ^en<det><qnt><m><sg>$ ^mann<n><m><sg><ind>$
[/6mc54O5rGDKZ]
[6v9wgncQaYc5#0] ^En<det><qnt><nt><sg>$ ^år<n><nt><sg><ind><gen>$ ^tid<n><f><sg><ind>$
[/6v9wgncQaYc5]
[7-31NVQ96wcQ#0] ^den<det><dem><m><sg>$ ^ny<adj><sint><pst><un><sp><def>$ ^liten<adj><sint><pst><un><sp><def>$ ^Lamaen<np><cgguess><gen>$ ^bil<n><m><sg><ind>$
[/7-31NVQ96wcQ]
[79Ph8_rs6jNX#0] ^en<det><qnt><m><sg>$ ^mannlig<adj><pst><mf><sg><ind>$ ^guddom<n><m><sg><ind><gen>$
[/79Ph8_rs6jNX]
[7GuzmlNJILBe#0] ^en<det><qnt><m><sg>$ ^viktig<adj><sint><pst><mf><sg><ind>$ ^dag<n><m><sg><ind>$^.<sent><clb>$
[/7GuzmlNJILBe]
[7NBMMqMaGRid#0] ^Din<det><pos><m><sg>$ ^måte<n><m><sg><ind>$ ^å<part>$ ^sykle<vblex><inf>$
[/7NBMMqMaGRid]
[8NULhyT6Y-a-#0] ^hvilken<det><itg><nt><sg>$ ^ønske<n><nt><sg><ind>$
[/8NULhyT6Y-a-]
[8_N-1tSZtulJ#0] ^Høy<adj><sint><pst><un><pl><ind>$ ^kvinne<n><f><pl><ind>$
[/8_N-1tSZtulJ]
[8gMa0uVKwx0W#0] ^Jeg<prn><pers><p1><mf><sg><nom>$ ^si<vblex><pret>$ ^den<prn><pers><p3><nt><sg><acc>$ ^til<pr>$ ^De<prn><pers><p3><un><pl><acc>$^.<sent><clb>$
[/8gMa0uVKwx0W]
[95GdN4r6q6za#0] ^denne<det><dem><un><pl>$ ^viktig<adj><sint><pst><un><pl><ind>$ ^menneske<n><nt><pl><ind>$
[/95GdN4r6q6za]
[9CSGF7WI9YJ8#0] ^Si<vblex><pret>$ ^lærer<n><m><sg><def>$ ^at<cnjsub>$ ^jeg<prn><pers><p1><mf><sg><nom>$ ^ha<vblex><pret>$ ^noe<det><qnt><un><neg><pl>$ ^god<adj><sint><pst><un><pl><ind>$ ^poeng<n><nt><pl><ind>$ ^i<pr>$ ^oppgave<n><m><sg><def>$ ^min<det><pos><m><sg>$^?<sent><clb>$
[/9CSGF7WI9YJ8]
[9IIaSE2nVfN_#0] ^en<det><qnt><m><sg>$ ^liten<adj><sint><pst><mf><sg><ind>$ ^bok<n><f><sg><ind>$^.<sent><clb>$
[/9IIaSE2nVfN_]
[9h0RqeAjUESp#0] ^Den<det><dem><un><pl>$ ^annen<det><dem><un><pl>$ ^som<cnjsub>$ ^kjøpe<vblex><pret>$ ^vaffel<n><m><pl><ind>$ ^se<vblex><pret>$ ^ut<pr>$ ^til<pr>$ ^å<part>$ ^like<vblex><inf>$ ^seg<prn><ref><p3><un><sp><acc>$^.<sent><clb>$
[/9h0RqeAjUESp]
[9mFZLqFdvIYH#0] ^De<prn><pers><p3><un><pl><nom>$ ^ha<vblex><pres>$ ^noe<det><qnt><nt><sg>$ ^på gang<adv>$
[/9mFZLqFdvIYH]
[9x6rTzMvibp7#0] ^Den<prn><pers><p3><nt><sg><acc>$ ^ta<vblex><pres>$ ^sin tid<adv>$
[/9x6rTzMvibp7]
[A3TinpeJW-GF#0] ^Båt<n><m><sg><def>$^,<cm>$ ^som<cnjsub>$ ^vi<prn><pers><p1><un><pl><nom>$ ^male<vblex><pres>$^,<cm>$ ^lekker<adj><sint><pst><mf><sg><ind>$
[/A3TinpeJW-GF]
[A4MJPDGirDrY#0] ^De<prn><pers><p3><un><pl><nom>$^.<sent><clb>$ ^Deres¹<det><pos><m><sg>$ ^måte<n><m><sg><ind>$ ^å<part>$ ^sykle<vblex><inf>$
[/A4MJPDGirDrY]
[AHS4WlPEXBZq#0] ^administrerende<adj><pst><mf><sg><ind>$ ^direktør<n><m><sg><ind>$
[/AHS4WlPEXBZq]
[APxuBHwr9k9J#0] ^en<det><qnt><nt><sg>$ ^forfatterskap<n><nt><sg><ind>$
[/APxuBHwr9k9J]
[AY9F_F558gpM#0] ^hvilken<det><itg><m><sg>$ ^mann<n><m><sg><ind>$
[/AY9F_F558gpM]
[A_3yfExvDSnj#0] ^Den<prn><pers><p3><nt><sg><acc>$ ^vi<prn><pers><p1><un><pl><nom>$ ^holde# på med<vblex><pres>$ ^komme<vblex><pres>$^.<sent><clb>$
[/A_3yfExvDSnj]
[ArYBOiVIrtGI#0] ^en<det><qnt><m><sg>$ ^3<det><qnt><un><pl>$ ^stjerne<n><m><sg><ind><gen>$ ^farge<n><m><pl><ind>$
[/ArYBOiVIrtGI]
[AtOgTYuX_TmA#0] ^en<det><qnt><m><sg>$ ^uavhengig<adj><pst><mf><sg><ind>$ ^Sjurson<np><cog>$
[/AtOgTYuX_TmA]
[B9K16IBh1BM_#0] ^En<det><qnt><m><sg>$ ^øy<n><m><sg><ind><gen>$ ^liten<adj><sint><sup><un><sp><def>$ ^hund<n><m><sg><ind>$
[/B9K16IBh1BM_]
[BKpkVnZx1aVl#0] ^Han<prn><pers><p3><m><sg><nom>$ ^svare<vblex><pret>$ ^ikke<adv>$
[/BKpkVnZx1aVl]
[BNGi7l6gBEds#0] ^den<det><dem><m><sg>$ ^gammel<adj><sint><pst><un><sp><def>$ ^liten<adj><sint><pst><un><sp><def>$ ^bil<n><m><sg><def>$
[/BNGi7l6gBEds]
[BPeTiRAkskJ3#0] ^Jeg<prn><pers><p1><mf><sg><nom>$ ^få<vblex><pret>$ ^katt<n><m><sg><def>$ ^fra<pr>$ ^min<det><pos><m><sg>$ ^mor<n><m><sg><ind>$
[/BPeTiRAkskJ3]
[BS6zFt1MPKSZ#0] ^Jeg<prn><pers><p1><mf><sg><nom>$ ^si<vblex><pret>$ ^den<prn><pers><p3><nt><sg><acc>$ ^til<pr>$ ^hund<n><m><sg><def>$ ^Deres¹<det><pos><m><sg>$^.<sent><clb>$
[/BS6zFt1MPKSZ]
[CCdsB-aUSfDk#0] ^For<cnjcoo><clb>$ ^mange<adj><sint><pst><un><pl><ind>$ ^ansette<adj><pp><pl>$ ^bety<vblex><pres>$ ^den<prn><pers><p3><nt><sg><acc>$ ^ny<adj><sint><pst><un><pl><ind>$ ^sjef<n><m><pl><ind>$
[/CCdsB-aUSfDk]
[CCxotRwOQe3q#0] ^Dere<prn><pers><p2><un><pl><nom>$ ^slå<vblex><pret>$ ^dere<prn><pers><p2><un><pl><acc>$
[/CCxotRwOQe3q]
[CFhZTT91q97e#0] ^Den<det><dem><un><pl>$ ^høy<adj><sint><pst><un><sp><def>$ ^kvinne<n><f><pl><def>$
[/CFhZTT91q97e]
[CR7NS4NgjlJG#0] ^Den<det><dem><m><sg>$ ^stor<adj><sint><pst><un><sp><def>$ ^bil<n><m><sg><def>$
[/CR7NS4NgjlJG]
[CU97iIV7QC_a#0] ^Boken/bok<n><m><sg><def>$ ^hans/hans<det><pos><m><sg>$ ^leses/lese<vblex><pres><pasv>$^./.<sent><clb>$
[/CU97iIV7QC_a]
[CVBPRfGJMVvl#0] ^By<n><m><sg><def><gen>$ ^lur<adj><sint><sup><un><sp><def>$ ^katt<n><m><sg><ind>$
[/CVBPRfGJMVvl]
[CVozERZf1huN#0] ^En<det><qnt><m><sg>$ ^dømme<adj><pp><mf><sg><ind>$ ^mann<n><m><sg><ind>$
[/CVozERZf1huN]
[CcP6yJxGs-Zd#0] ^Sette<vblex><pret>$ ^fyr<n><nt><sg><ind>$ ^på<pr>$ ^hus<n><nt><sg><def>$ ^sin<det><pos><nt><sg>$
[/CcP6yJxGs-Zd]
[CcbNQBoh1mBt#0] ^Min<det><pos><nt><sg>$ ^sort<adj><sint><pst><un><sp><def>$ ^hus<n><nt><sg><ind>$
[/CcbNQBoh1mBt]
[Cmy6g58rpnf1#0] ^Dere<prn><pers><p2><un><pl><nom>$^.<sent><clb>$ ^Deres²<det><pos><m><sg>$ ^måte<n><m><sg><ind>$ ^å<part>$ ^sykle<vblex><inf>$
[/Cmy6g58rpnf1]
[CvHdmUT4OoFf#0] ^jeg<prn><pers><p1><mf><sg><nom>$ ^se<vblex><pret>$ ^den<det><dem><m><sg>$
[/CvHdmUT4OoFf]
[D3HnuG6zvH9C#0] ^egen<det><emph><un><pl>$ ^hus<n><nt><sg><ind>$
[/D3HnuG6zvH9C]
[D79GBgi4VMTB#0] ^Jeg<prn><pers><p1><mf><sg><nom>$ ^lese<vblex><pres>$ ^denne<prn><dem><nt><sg><acc>$
[/D79GBgi4VMTB]
[D94K-W-T9VXG#0] ^han<prn><pers><p3><m><sg><nom>$ ^gjenta<vblex><pret>$ ^at<cnjsub>$ ^han<prn><pers><p3><m><sg><nom>$ ^ikke<adv>$ ^vite<vblex><pret>$ ^hvor<adv>$ ^høy<adj><sint><pst><mf><sg><ind>$ ^fart<n><m><sg><def>$ ^være<vblex><pret>$^.<sent><clb>$
[/D94K-W-T9VXG]
[DM444qOFYO5o#0] ^LES/lese<vblex><imp>$ ^OGSÅ/også<adv>$^:/:<sent><clb>$
[/DM444qOFYO5o]
[EAgr5_pXCZAv#0] ^Den<det><dem><nt><sg>$ ^stor<adj><sint><pst><un><sp><def>$ ^barn<n><nt><sg><def>$
[/EAgr5_pXCZAv]
[EDhUbFODK9rd#0] ^denne<det><dem><un><pl>$ ^menneske<n><nt><pl><ind>$
[/EDhUbFODK9rd]
[EKMlxBtNY419#0] ^Boken/bok<n><m><sg><def>$ ^leses/lese<vblex><pres><pasv>$ ^heller/heller<adv>$ ^ofte/ofte<adv>$^./.<sent><clb>$
[/EKMlxBtNY419]
[Eq97yUWmtmOb#0] ^den<det><dem><m><sg>$ ^Haag<np><cog>$
[/Eq97yUWmtmOb]
[Er4r_UMzEoHI#0] ^Skulle<vblex><pres>$ ^nå<vblex><inf>$ ^ungdom<n><m><sg><def>$
[/Er4r_UMzEoHI]
[F2wP232CVZym#0] ^Sette<vblex><pret>$ ^ny<adj><sint><pst><mf><sg><ind>$ ^rekord<n><m><sg><ind>$
[/F2wP232CVZym]
[FRO1amQK7LV8#0] ^mange<det><qnt><un><pl>$ ^kg<n><acr>$
[/FRO1amQK7LV8]
[FVQC9LygELlF#0] ^en<det><qnt><m><sg>$ ^uavhengig<adj><pst><mf><sg><ind>$ ^Sjurson<np><cog><gen>$
[/FVQC9LygELlF]
[G2C4Khtt9brt#0] ^Jeg<prn><pers><p1><mf><sg><nom>$ ^slå<vblex><pret>$ ^jeg<prn><pers><p1><mf><sg><acc>$
[/G2C4Khtt9brt]
[Gbe9NWOGXSis#0] ^Han<prn><pers><p3><m><sg><nom>$ ^spise<vblex><pres>$ ^hans<det><pos><m><sg>$ ^mat<n><m><sg><ind>$
[/Gbe9NWOGXSis]
[HWgwpyjJKTaX#0] ^to<det><qnt><un><pl>$ ^hakke<vblex><pret>$ ^mat<n><m><sg><ind>$
[/HWgwpyjJKTaX]
[H_iCNIKmCWD4#0] ^fire<det><qnt><un><pl>$ ^rød<adj><sint><pst><nt><sg><ind>$ ^parti<n><nt><sg><ind><gen>$
[/H_iCNIKmCWD4]
[HoLEiZeICLBG#0] ^den<det><dem><m><sg>$ ^gammel<adj><sint><pst><un><sp><def>$^.<sent><clb>$
[/HoLEiZeICLBG]
[I4qQz6hXvkKo#0] ^liten<adj><sint><pst><nt><sg><ind>$ ^menneske<n><nt><sg><ind>$
[/I4qQz6hXvkKo]
[Ire3VQpNxw7Z#0] ^og<cnjcoo><clb>$ ^den<det><dem><un><pl>$ ^grunnleggende<adj><pst><un><pl><ind>$ ^frihet<n><f><pl><ind>$
[/Ire3VQpNxw7Z]
[JDst-225Sb_a#0] ^Den<prn><pers><p3><nt><sg><acc>$ ^ha<vblex><pres>$ ^iallfall<adv>$ ^jeg<prn><pers><p1><mf><sg><nom>$ ^tro<n><f><sg><ind>$ ^på<pr>$^.<sent><clb>$
[/JDst-225Sb_a]
[JRb-L4tMQ52d#0] ^Boken/bok<n><m><sg><def>$ ^må/måtte<vblex><pres>$ ^ikke/ikke<adv>$ ^leses/lese<vblex><inf><pasv>$^./.<sent><clb>$
[/JRb-L4tMQ52d]
[JU-F66F-5fSk#0] ^Funn<n><nt><sg><def>$ ^ved<pr>$ ^god<adj><sint><pst><nt><sg><ind>$ ^mot<pr>$ ^bli<vblex><pret>$ ^barn<n><nt><pl><def>$^.<sent><clb>$
[/JU-F66F-5fSk]
[JgAWd7-Dc1Ef#0] ^mange<adj><sint><comp><un><sp>$ ^åpen<adj><sint><pst><un><pl><ind>$ ^dør<n><f><pl><ind>$
[/JgAWd7-Dc1Ef]
[Jva0NhSF_1Xw#0] ^Mann<n><m><sg><def>$ ^i<pr>$ ^gate<n><f><sg><def>$ ^sin<det><pos><m><sg>$ ^mening<n><m><sg><ind>$
[/Jva0NhSF_1Xw]
[KIyMoLXPOA2V#0] ^*asdlj$ ^sin<det><pos><m><sg>$ ^ting<n><m><sg><ind>$
[/KIyMoLXPOA2V]
[KTMQr4AvKA8f#0] ^Skulle<vblex><pres>$ ^nå<adv>$ ^ungdom<n><m><sg><def>$ ^denne<det><dem><nt><sg>$^?<sent><clb>$
[/KTMQr4AvKA8f]
[KmsrzQAjYxQN#0] ^den<det><dem><m><sg>$ ^sort<adj><sint><pst><un><sp><def>$ ^katt<n><m><sg><def>$ ^min<det><pos><m><sg>$
[/KmsrzQAjYxQN]
[LCw-8azdw9DN#0] ^den<det><dem><un><pl>$ ^viktig<adj><sint><pst><un><pl><ind>$ ^menneske<n><nt><pl><ind>$
[/LCw-8azdw9DN]
[LEAeuYcJ5bdp#0] ^Nabo<n><m><sg><def><gen>$ ^katt<n><m><sg><ind><gen>$ ^gammel<adj><sint><pst><un><sp><def>$ ^snute<n><f><sg><ind>$^.<sent><clb>$
[/LEAeuYcJ5bdp]
[LFEKVTF6rmqs#0] ^den<det><dem><m><sg>$ ^åpen<adj><sint><pst><un><sp><def>$ ^dør<n><m><sg><def>$
[/LFEKVTF6rmqs]
[LlFdaF1j5GXG#0] ^De fleste<det><qnt><un><pl>$ ^vite<vblex><pres>$ ^ikke<adv>$ ^hvor<adv>$ ^pen<adj><sint><pst><un><pl><ind>$ ^de<prn><pers><p3><un><pl><nom>$ ^være<vblex><pres>$
[/LlFdaF1j5GXG]
[LnWfArYaRHgg#0] ^denne<det><dem><m><sg>$ ^mulighet<n><m><sg><def>$
[/LnWfArYaRHgg]
[LsuoG1Jx3vst#0] ^den<prn><pers><p3><nt><sg><acc>$ ^påberope<vblex><pres><pasv>$ ^ikke<adv>$ ^og<cnjcoo><clb>$ ^man<prn><pers><p3><un><sg><nom>$ ^forkjøpe<vblex><pres>$ ^aldri<adv>$^,<cm><clb>$ ^man<prn><pers><p3><un><sg><nom>$ ^anbefale<vblex><pres>$ ^heller<adv>$ ^ofte<adv>$ ^denne<det><dem><nt><sg>$
[/LsuoG1Jx3vst]
[LyXF7Bs81dud#0] ^viktig<adj><sint><pst><un><pl><ind>$ ^menneske<n><nt><pl><ind>$
[/LyXF7Bs81dud]
[MNv6ijpPULtT#0] ^En<det><qnt><nt><sg>$ ^barn<n><nt><sg><ind>$ ^være<vblex><pres>$ ^stort<adv>$
[/MNv6ijpPULtT]
[MdbG6zRrCwdM#0] ^Min<det><pos><m><sg>$ ^sort<adj><sint><pst><un><sp><def>$ ^katt<n><m><sg><ind>$
[/MdbG6zRrCwdM]
[Mklrc1c1k3y_#0] ^Forelder<n><m><pl><def>$ ^min<det><pos><un><pl>$ ^være<vblex><pres>$ ^skille<adj><pp><pl>$
[/Mklrc1c1k3y_]
[N8pjUc4q9WlC#0] ^en<det><qnt><m><sg>$ ^mange<adj><sint><pst><un><pl><ind>$
[/N8pjUc4q9WlC]
[NFZG-R0LWJry#0] ^Jeg/jeg<prn><pers><p1><mf><sg><nom>$ ^snakket/snakke<vblex><pret>$ ^med/med<pr>$ ^ham/han<prn><pers><p3><m><sg><acc>$ ^i går/i går<adv>$^./.<sent><clb>$
[/NFZG-R0LWJry]
[NWqg9nQLdyal#0] ^Avis<n><m><sg><def><gen>$ ^side<n><f><pl><ind>$
[/NWqg9nQLdyal]
[NhJn8GJ6o0vt#0] ^Min<det><pos><m><sg>$ ^måte<n><m><sg><ind>$ ^å<part>$ ^sykle<vblex><inf>$
[/NhJn8GJ6o0vt]
[OFDu57PBdL-K#0] ^egen<det><emph><nt><sg>$ ^hus<n><nt><sg><ind>$
[/OFDu57PBdL-K]
[ON_ppdu_PlUJ#0] ^Min<det><pos><un><pl>$ ^forelder<n><m><pl><ind>$ ^være<vblex><pres>$ ^skille<adj><pp><pl>$
[/ON_ppdu_PlUJ]
[O_DLoiU5_MTg#0] ^Ku<n><m><pl><def>$ ^skulle<vblex><pres>$ ^melke<vblex><inf><pasv>$^.<sent><clb>$
[/O_DLoiU5_MTg]
[Of1XQ5XGTsT1#0] ^Falle<vblex><pret>$ ^i<pr>$ ^elv<n><f><sg><def>$
[/Of1XQ5XGTsT1]
[OlpxkuySKY7p#0] ^Byens<np><cgguess>$ ^katt<n><m><pl><ind>$
[/OlpxkuySKY7p]
[PSGsAwuJMlDn#0] ^Jeg<prn><pers><p1><mf><sg><nom>$ ^ha<vblex><pret>$ ^ikke<adv>$ ^noe<det><qnt><un><neg><pl>$ ^god<adj><sint><pst><un><pl><ind>$ ^poeng<n><nt><pl><ind>$ ^der<adv>$^.<sent><clb>$
[/PSGsAwuJMlDn]
[PZ3V_7pvhxvh#0] ^Vi<prn><pers><p1><un><pl><nom>$ ^sette# i gang<vblex><pres>$ ^arbeid<n><nt><sg><def>$
[/PZ3V_7pvhxvh]
[PZLWLgWYt1Rl#0] ^hun<prn><pers><p3><f><sg><nom>$ ^spise<vblex><pret>$ ^en<det><qnt><f><sg>$^.<sent><clb>$
[/PZLWLgWYt1Rl]
[PfqARh6aMw9Z#0] ^DEN<det><dem><m><sg>$ ^NORSK<adj><sint><pst><un><sp><def>$ ^REGJERING<n><m><sg><ind>$
[/PfqARh6aMw9Z]
[Pnur5qdClOaH#0] ^Av<pr>$ ^denne<det><dem><un><pl>$ ^skulle<vblex><pres>$ ^50<det><qnt><un><pl>$ ^legge<vblex><pres><pasv>$ ^ned<pr>$
[/Pnur5qdClOaH]
[Q1yOFz0X_xdr#0] ^han<prn><pers><p3><m><sg><nom>$ ^gjenta<vblex><pret>$ ^at<cnjsub>$ ^han<prn><pers><p3><m><sg><nom>$ ^ikke<adv>$ ^anbefale<vblex><pret>$ ^hvor<adv>$ ^høy<adj><sint><pst><mf><sg><ind>$ ^fart<n><m><sg><def>$ ^skulle<vblex><pret>$ ^være<vblex><inf>$^.<sent><clb>$
[/Q1yOFz0X_xdr]
[Q9s_YPpEzywW#0] ^hvilken<det><itg><un><pl>$ ^bil<n><m><pl><ind>$
[/Q9s_YPpEzywW]
[QbnzFA2fYci1#0] ^Jeg<prn><pers><p1><mf><sg><nom>$
[/QbnzFA2fYci1]
[QoqAYoeTbT1e#0] ^liten<adj><sint><pst><mf><sg><ind>$ ^ca<n><acr>$
[/QoqAYoeTbT1e]
[R2_7KPDSHZw1#0] ^Hvor<adv>$ ^langt<adv>$ ^skulle<vblex><pres>$ ^du<prn><pers><p2><mf><sg><nom>$ ^gå<vblex><inf>$^?<sent><clb>$
[/R2_7KPDSHZw1]
[RBMVUNMSs4QM#0] ^Hva<adv>$ ^gjøre<vblex><pres>$ ^De<np><cog>$^?<sent><clb>$
[/RBMVUNMSs4QM]
[S2ujI04kv-kK#0] ^Nabo<n><m><sg><def><gen>$ ^måte<n><m><sg><ind>$ ^å<part>$ ^sykle<vblex><inf>$
[/S2ujI04kv-kK]
[SS93UNlF_tCJ#0] ^Hvor<adv>$ ^stor<adj><sint><pst><mf><sg><ind>$ ^være<vblex><pres>$ ^du<prn><pers><p2><mf><sg><nom>$^?<sent><clb>$
[/SS93UNlF_tCJ]
[SeEGZ2Fg-r16#0] ^Min<det><pos><m><sg>$ ^sort<adj><sint><pst><un><sp><def>$ ^bok<n><f><sg><ind>$
[/SeEGZ2Fg-r16]
[TBEw6lCdntxu#0] ^Se<vblex><imp>$^,<cm>$ ^så<adv>$ ^søte<vblex><inf>$
[/TBEw6lCdntxu]
[TpKmQm662jbH#0] ^Min<det><pos><m><sg>$ ^katt<n><m><sg><ind><gen>$ ^snute<n><f><sg><ind>$
[/TpKmQm662jbH]
[U5FEP4_-z4TP#0] ^den<det><dem><m><sg>$ ^ny<adj><sint><pst><un><sp><def>$ ^Lamaen<np><cgguess><gen>$ ^bil<n><m><sg><ind>$
[/U5FEP4_-z4TP]
[USVnFlpl2ZpI#0] ^Jeg<prn><pers><p1><mf><sg><nom>$ ^hvile<vblex><pres>$
[/USVnFlpl2ZpI]
[Ud3zOo872BV8#0] ^en<det><qnt><nt><sg>$ ^liten<adj><sint><pst><nt><sg><ind>$ ^hus<n><nt><sg><ind>$^.<sent><clb>$
[/Ud3zOo872BV8]
[UhnkAdR9yXQw#0] ^liten<adj><sint><pst><un><sp><def>$ ^menneske<n><nt><sg><ind>$
[/UhnkAdR9yXQw]
[V-kBOVABbffC#0] ^Jeg<prn><pers><p1><mf><sg><nom>$ ^ha<vblex><pret>$ ^spise<vblex><pp>$ ^mat<n><m><sg><def>$
[/V-kBOVABbffC]
[V2EDFiNTTVpe#0] ^en<det><qnt><m><sg>$ ^bla.<adv>$
[/V2EDFiNTTVpe]
[V5JcKZYA2VWe#0] ^Jeg<prn><pers><p1><mf><sg><nom>$ ^spise<vblex><pret>$ ^mat<n><m><sg><def>$
[/V5JcKZYA2VWe]
[VN_K8veu-6Ga#0] ^Hun<prn><pers><p3><f><sg><nom>$ ^ta<vblex><pret>$ ^seg<prn><ref><p3><un><sp><acc>$ ^så nær<adv>$ ^av<pr>$ ^den<det><dem><nt><sg>$
[/VN_K8veu-6Ga]
[ViZ0edJ5o6wn#0] ^En<det><qnt><m><sg>$ ^liten<adj><sint><pst><mf><sg><ind>$ ^katt<n><m><sg><ind><gen>$ ^snute<n><f><sg><ind>$^.<sent><clb>$
[/ViZ0edJ5o6wn]
[Vo2q3NRtQCxs#0] ^Dets<det><pos><m><sg>$ ^måte<n><m><sg><ind>$ ^å<part>$ ^sykle<vblex><inf>$
[/Vo2q3NRtQCxs]
[VpHYd_cwshPw#0] ^all<det><qnt><m><sg>$ ^sivil<n><mf><sp>$
[/VpHYd_cwshPw]
[W8VlMXfkaoEz#0] ^den<det><dem><m><sg>$ ^stor<adj><sint><pst><un><sp><def>$ ^bil<n><m><sg><def>$
[/W8VlMXfkaoEz]
[WpPckupiggSt#0] ^en<det><qnt><f><sg>$ ^åpen<adj><sint><pst><mf><sg><ind>$ ^dø<vblex><pres>$
[/WpPckupiggSt]
[WtLMLhlq8Ss1#0] ^MIDT-NORGE<np><top>$^.<sent><clb>$ ^Midt-Norge<np><top>$^.<sent><clb>$
[/WtLMLhlq8Ss1]
[WuTl1Llg2sms#0] ^Ku<n><m><pl><def>$ ^melke<vblex><pres><pasv>$ ^tomme<n><m><sg><ind>$^.<sent><clb>$
[/WuTl1Llg2sms]
[Wvq_VdiyabBm#0] ^Hun<prn><pers><p3><f><sg><nom>$ ^planlegge<vblex><pres>$ ^å<part>$ ^sette# i gang<vblex><inf>$ ^arbeid<n><nt><sg><def>$
[/Wvq_VdiyabBm]
[X5yyEOtGN8Sr#0] ^men<cnjcoo><clb>$ ^si<vblex><pres>$ ^de<prn><pers><p3><un><pl><nom>$ ^ville<vblex><pres>$ ^vente<vblex><inf>$
[/X5yyEOtGN8Sr]
[X7ioKwyoxTn6#0] ^NRK<np><org>$ ^Troms<np><cog>$ ^og<cnjcoo>$ ^Finnmark<np><top>$
[/X7ioKwyoxTn6]
[XLM5UluVoPbo#0] ^en<det><qnt><m><sg>$ ^fin<adj><sint><pst><mf><sg><ind>$ ^viktig<adj><sint><pst><mf><sg><ind>$ ^dag<n><m><sg><ind>$
[/XLM5UluVoPbo]
[XMz7T4KLDxT7#0] ^til<pr>$ ^antatt<adv>$ ^bil<n><m><sg><ind><gen>$
[/XMz7T4KLDxT7]
[XvohgPGjNEws#0] ^en<det><qnt><m><sg>$ ^anta<adj><pp><mf><sg><ind>$ ^bil<n><m><sg><ind><gen>$
[/XvohgPGjNEws]
[YOXIdfukTRtm#0] ^Den<det><dem><un><pl>$ ^stor<adj><sint><pst><un><sp><def>$ ^barn<n><nt><pl><def>$
[/YOXIdfukTRtm]
[YSpkdV6xMNXZ#0] ^Den<det><dem><m><sg>$ ^høy<adj><sint><pst><un><sp><def>$ ^kvinne<n><m><sg><def>$
[/YSpkdV6xMNXZ]
[Z8qor3g_KwkF#0] ^Han<prn><pers><p3><m><sg><nom>$ ^slå<vblex><pres>$ ^seg<prn><ref><p3><un><sp><acc>$
[/Z8qor3g_KwkF]
[ZSO2IQM2CtlG#0] ^Barn<n><nt><pl><def>$ ^bli<vblex><pret>$ ^finne<vblex><pp>$ ^ved<pr>$ ^god<adj><sint><pst><nt><sg><ind>$ ^mot<pr>$^.<sent><clb>$
[/ZSO2IQM2CtlG]
[ZbkgIrPx1bFJ#0] ^en<det><qnt><nt><sg>$ ^barn<n><nt><sg><ind>$
[/ZbkgIrPx1bFJ]
[_3ZGYyppqG4M#0] ^en<det><qnt><nt><sg>$ ^åpen<adj><sint><pst><nt><sg><ind>$ ^hus<n><nt><sg><ind>$
[/_3ZGYyppqG4M]
[_CO03dZWYv8w#0] ^Les/lese<vblex><imp>$ ^også/også<adv>$^:/:<sent><clb>$
[/_CO03dZWYv8w]
[_F7CNxhv0Ziy#0] ^Min<det><pos><m><sg>$ ^sort<adj><sint><pst><un><sp><def>$ ^katt<n><m><sg><ind><gen>$ ^snute<n><f><sg><ind>$
[/_F7CNxhv0Ziy]
[_OXzjDTNFfYA#0] ^en<det><qnt><f><sg>$ ^liten<adj><sint><pst><f><sg><ind>$ ^bok<n><f><sg><ind>$^.<sent><clb>$
[/_OXzjDTNFfYA]
[aCruGuAVqDc8#0] ^god<adj><sint><comp><un><sp>$ ^lønn<n><m><sg><ind><gen>$
[/aCruGuAVqDc8]
[ahSjmMsXgIFD#0] ^Her<adv>$ ^finnes<vblex><pstv><pres>$ ^mange<det><qnt><un><pl>$ ^mange<adj><sint><comp><un><sp>$ ^rød<adj><sint><pst><un><pl><ind>$ ^bilde<n><nt><pl><ind>$
[/ahSjmMsXgIFD]
[amMxM081oJvR#0] ^Nabo<n><m><sg><def><gen>$ ^katt<n><m><sg><ind><gen>$ ^snute<n><f><sg><ind>$
[/amMxM081oJvR]
[ammyw3TUaPCd#0] ^Min<det><pos><un><pl>$ ^sort<adj><sint><pst><un><pl><ind>$ ^katte<n><f><pl><ind>$
[/ammyw3TUaPCd]
[b3pM5nJQHRGK#0] ^Boken/bok<n><m><sg><def>$ ^må/måtte<vblex><pres>$ ^leses/lese<vblex><inf><pasv>$^./.<sent><clb>$
[/b3pM5nJQHRGK]
[b3rdbJ3jd2i-#0] ^Ha<vblex><pres>$ ^du<prn><pers><p2><mf><sg><nom>$ ^se<vblex><pp>$ ^noe<det><qnt><un><neg><pl>$ ^student<n><m><pl><ind>$ ^i dag<adv>$^?<sent><clb>$
[/b3rdbJ3jd2i-]
[b8-sSQ9R4l85#0] ^Boken/bok<n><m><sg><def>$ ^ble/bli<vblex><pret>$ ^lest/lese<adj><pp><mf><sg><ind>$^./.<sent><clb>$
[/b8-sSQ9R4l85]
[biR2TPU_R0ia#0] ^Verd<n><m><sg><def><gen>$ ^rask<adj><sint><sup><un><sp><def>$ ^17-åring<n><m><sg><ind>$
[/biR2TPU_R0ia]
[byYUxjx2Ukbl#0] ^Jeg<prn><pers><p1><mf><sg><nom>$ ^sykle<vblex><pret>$
[/byYUxjx2Ukbl]
[cAoWvukuEaCn#0] ^Den<det><dem><m><sg>$ ^norsk<adj><sint><pst><un><sp><def>$ ^regjering<n><m><sg><ind>$
[/cAoWvukuEaCn]
[cCexYSdz52rv#0] ^Hvilken<det><itg><m><sg>$ ^katt<n><m><sg><ind><gen>$ ^snute<n><f><sg><ind>$^?<sent><clb>$
[/cCexYSdz52rv]
[cJcUxzpYqnJY#0] ^JEG<prn><pers><p1><mf><sg><nom>$^.<sent><clb>$ ^Jeg<prn><pers><p1><mf><sg><nom>$^.<sent><clb>$ ^jeg<prn><pers><p1><mf><sg><nom>$^.<sent><clb>$ ^Jeg<prn><pers><p1><mf><sg><nom>$^.<sent><clb>$ ^jeg<prn><pers><p1><mf><sg><nom>$^.<sent><clb>$
[/cJcUxzpYqnJY]
[ce6qVTzIwCoO#0] ^Den<prn><pers><p3><nt><sg><nom>$ ^måtte<vblex><pret>$ ^være<vblex><inf>$ ^slik<adv>$ ^bukk<n><m><pl><def>$ ^se<vblex><pret>$ ^ut<pr>$ ^på<pr>$ ^dommedag<n><m><sg><ind>$
[/ce6qVTzIwCoO]
[cr_BZ81h4diK#0] ^Nabo<n><m><sg><def><gen>$ ^bil<n><m><sg><ind>$
[/cr_BZ81h4diK]
[d6LKbHmiGCtu#0] ^en<det><qnt><m><sg>$ ^hel<adj><sint><pst><nt><sg><ind>$ ^åpen<adj><sint><pst><mf><sg><ind>$ ^dø<vblex><pres>$
[/d6LKbHmiGCtu]
[dZEwWj1nquGV#0] ^Vår<det><pos><m><sg>$ ^måte<n><m><sg><ind>$ ^å<part>$ ^sykle<vblex><inf>$
[/dZEwWj1nquGV]
[daELAlAubBcr#0] ^hvilken<det><itg><m><sg>$ ^kvinne<n><m><sg><ind>$
[/daELAlAubBcr]
[dgiSiFLvBBUK#0] ^Sette<vblex><pret>$ ^ny<adj><sint><pst><mf><sg><ind>$ ^rekord<n><m><sg><ind>$ ^med<pr>$ ^tall<n><nt><sg><def>$ ^pi<n><m><sg><ind>$
[/dgiSiFLvBBUK]
[dhQgN8mdS9cm#0] ^BCG-vaksinens/bcg-vaksine<n><m><sg><def><gen>$ ^virkning/virkning<n><m><sg><ind>$^./.<sent><clb>$
[/dhQgN8mdS9cm]
[diWAS-eJvoSq#0] ^Jeg<prn><pers><p1><mf><sg><nom>$ ^ha<vblex><pres>$ ^hvile<vblex><pp>$
[/diWAS-eJvoSq]
[dnISLXcSAUIp#0] ^Melke<vblex><inf><pasv>$ ^skulle<vblex><pres>$ ^de<prn><pers><p3><un><pl><nom>$^.<sent><clb>$
[/dnISLXcSAUIp]
[e5vQiXS1IDr1#0] ^En<det><qnt><m><sg>$ ^sort<adj><sint><pst><mf><sg><ind>$ ^katt<n><m><sg><ind><gen>$ ^snute<n><f><sg><ind>$^.<sent><clb>$
[/e5vQiXS1IDr1]
[eT6kNkBxBroI#0] ^den<det><dem><m><sg>$ ^forrige<det><dem><m><sp><def>$ ^Lamaen<np><cgguess><gen>$ ^bil<n><m><sg><ind>$
[/eT6kNkBxBroI]
[eh4coPqTg3-s#0] ^en<det><qnt><m><sg>$ ^forbudt<adj><pst><mf><sg><ind>$ ^bok<n><f><sg><ind>$
[/eh4coPqTg3-s]
[ehB-FcOUf5KJ#0] ^Katt<n><m><sg><def>$ ^sitte<vblex><pret>$ ^der<adv>$^,<cm>$ ^mens<cnjsub>$ ^jeg<prn><pers><p1><mf><sg><nom>$ ^sitte<vblex><pret>$ ^her<adv>$
[/ehB-FcOUf5KJ]
[erHCknBCwSZg#0] ^god<adj><sint><pst><mf><sg><ind>$ ^lønn<n><m><sg><ind><gen>$
[/erHCknBCwSZg]
[f-LEVpE8Ui2D#0] ^En<det><qnt><m><sg>$ ^kvinne<n><m><sg><ind>$ ^være<vblex><pres>$ ^høy<adj><sint><pst><mf><sg><ind>$
[/f-LEVpE8Ui2D]
[fK8h-5Wn_fJP#0] ^Du<prn><pers><p2><mf><sg><nom>$ ^slå<vblex><pret>$ ^du<prn><pers><p2><mf><sg><acc>$
[/fK8h-5Wn_fJP]
[fXrzKs1n7Qoc#0] ^Jeg<prn><pers><p1><mf><sg><nom>$ ^ha<vblex><pres>$ ^spise<vblex><pp>$ ^mat<n><m><sg><def>$
[/fXrzKs1n7Qoc]
[g3yAuJZycdfR#0] ^den<det><dem><m><sg>$ ^gammel<adj><sint><pst><un><sp><def>$ ^liten<adj><sint><pst><un><sp><def>$ ^bil<n><m><sg><def>$^.<sent><clb>$
[/g3yAuJZycdfR]
[gCGu0t_UWzPR#0] ^Han<prn><pers><p3><m><sg><nom>$ ^se<vblex><pres>$ ^på<pr>$ ^karpe<n><m><sg><def>$ ^og<cnjcoo><clb>$ ^like<vblex><pres>$ ^dens<det><pos><m><sg>$ ^måte<n><m><sg><ind>$ ^å<part>$ ^sykle<vblex><inf>$ ^på<pr>$
[/gCGu0t_UWzPR]
[gOhMu02_zQBJ#0] ^Hjemme<adv>$^,<cm>$ ^hvor<cnjsub>$ ^du<prn><pers><p2><mf><sg><nom>$ ^være<vblex><pres>$^,<cm><clb>$ ^ville<vblex><pres>$ ^jeg<prn><pers><p1><mf><sg><nom>$ ^være<vblex><inf>$^.<sent><clb>$
[/gOhMu02_zQBJ]
[geFAqAdA2uMX#0] ^Boken/bok<n><m><sg><def>$ ^leses/lese<vblex><pres><pasv>$ ^ikke/ikke<adv>$^./.<sent><clb>$
[/geFAqAdA2uMX]
[hDJASc0vCwhH#0] ^en<det><qnt><nt><sg>$ ^hel<adj><sint><pst><nt><sg><ind>$ ^sort<adj><sint><pst><nt><sg><ind>$ ^hus<n><nt><sg><ind>$
[/hDJASc0vCwhH]
[h_XJTxdEpujM#0] ^hvor<adv>$ ^høy<adj><sint><pst><mf><sg><ind>$ ^fart<n><m><sg><def>$ ^være<vblex><pret>$^.<sent><clb>$
[/h_XJTxdEpujM]
[hiBwPin3EyYF#0] ^Han<prn><pers><p3><m><sg><nom>$ ^slå<vblex><pres>$ ^han<prn><pers><p3><m><sg><acc>$
[/hiBwPin3EyYF]
[iI0eg-YfNc1x#0] ^Sjekke<vblex><imp>$ ^vær<n><nt><sg><def>$ ^der<cnjsub>$ ^du<prn><pers><p2><mf><sg><nom>$ ^bo<vblex><pres>$
[/iI0eg-YfNc1x]
[iS3MJWcuGgUi#0] ^kaffe<n><m><sg><ind><cmp>+ytelse<n><m><sg><def><gen>$ ^gammel<adj><sint><pst><un><sp><def>$ ^lukte<adj><pprs>$ ^hastighet<n><m><sg><ind><cmp>+kake<n><m><sg><ind>$ ^ødelegge<vblex><pres><pasv>$ ^av<pr>$ ^rød<adj><sint><pst><mf><sg><ind>$ ^karaffel<n><m><sg><ind><cmp>+kjærlighet<n><m><sg><ind>$
[/iS3MJWcuGgUi]
[iWBqbkCEqNnR#0] ^En<det><qnt><m><sg>$ ^sort<adj><sint><pst><mf><sg><ind>$ ^katt<n><m><sg><ind>$
[/iWBqbkCEqNnR]
[jMeuyYzqrcvB#0] ^hver<det><qnt><m><sg>$ ^en<det><qnt><m><sg>$ ^Lama<np><cgguess><gen>$ ^bil<n><m><sg><ind>$
[/jMeuyYzqrcvB]
[jzUY7_gzKTXQ#0] ^Selv om<cnjsub>$ ^den<det><dem><nt><sg>$ ^dag<n><m><sg><def>$ ^etter<pr>$ ^valg<n><nt><sg><def>$ ^herske<vblex><pres>$ ^politisk<adj><pst><nt><sg><ind>$ ^kaos<n><nt><sg><ind>$ ^i<pr>$ ^land<n><nt><sg><def>$
[/jzUY7_gzKTXQ]
[k38kvEs42DmU#0] ^Kvinne<n><m><sg><def>$ ^være<vblex><pres>$ ^høy<adj><sint><pst><mf><sg><ind>$
[/k38kvEs42DmU]
[kYJsscrPNv2h#0] ^Den<prn><pers><p3><nt><sg><nom>$ ^være<vblex><pret>$ ^en<det><qnt><m><sg>$ ^gang<n><m><sg><ind>$
[/kYJsscrPNv2h]
[kfu3yKUmvY-q#0] ^Skulle<vblex><pres>$ ^nå<vblex><inf>$ ^ungdom<n><m><sg><def>$^.<sent><clb>$
[/kfu3yKUmvY-q]
[khYU-ZeZ9H2L#0] ^med<pr>$ ^indisk<adj><pst><mf><sg><ind>$ ^IT<n><m><sg><ind><cmp><guio>+industri<n><m><sg><ind>$
[/khYU-ZeZ9H2L]
[kt65rxs5mjDf#0] ^Toppen<np><top><gen>$ ^mange<det><qnt><un><pl>$ ^hund<n><m><pl><ind>$
[/kt65rxs5mjDf]
[l9HmVjknVfnU#0] ^Hans<det><pos><m><sg>$ ^måte<n><m><sg><ind>$ ^å<part>$ ^sykle<vblex><inf>$
[/l9HmVjknVfnU]
[lbhlXrSvk5-N#0] ^en<det><qnt><m><sg>$ ^kvinne<n><m><sg><ind>$
[/lbhlXrSvk5-N]
[lwd4DzNGCTqI#0] ^Jeg<prn><pers><p1><mf><sg><nom>$ ^ville<vblex><pres>$ ^gå<vblex><inf>$ ^en<det><qnt><m><sg>$ ^tur<n><m><sg><ind>$
[/lwd4DzNGCTqI]
[mGbbcbTEbM5C#0] ^ville<vblex><pres>$ ^anmode<vblex><inf>$ ^om<pr>$ ^å<part>$ ^endre<vblex><inf>$ ^Deres¹<det><pos><m><sg>$ ^måte<n><m><sg><ind>$ ^å<part>$ ^sykle<vblex><inf>$
[/mGbbcbTEbM5C]
[m_lAL3VG6xy6#0] ^å<part>$ ^finne<vblex><inf>$ ^noe<det><qnt><m><sg>$ ^han<prn><pers><p3><m><sg><nom>$ ^kunne<vblex><pres>$ ^leke<vblex><inf>$ ^med<adv>$
[/m_lAL3VG6xy6]
[mgONGbB6KQb5#0] ^hvilket<cnjsub>$
[/mgONGbB6KQb5]
[mtpGuTZAj-6i#0] ^grunnlov<n><m><sg><def><gen>$ ^1<det><qnt><un><sg>$ ^ny<adj><sint><pst><un><sp><def>$ ^setning<n><m><sg><ind>$
[/mtpGuTZAj-6i]
[n8SAx1-RdPvX#0] ^En<det><qnt><m><sg>$ ^katt<n><m><sg><ind><gen>$ ^gammel<adj><sint><pst><un><sp><def>$ ^snute<n><f><sg><ind>$^.<sent><clb>$
[/n8SAx1-RdPvX]
[n958R_MwR1tO#0] ^Kvinne<n><m><sg><def>$ ^se<vblex><pret>$ ^to<det><qnt><un><pl>$ ^måne<n><m><pl><ind>$ ^som<cnjsub>$ ^være<vblex><pret>$ ^ta<adj><pp><pl>$ ^rett<adj><sint><pst><nt><sg><ind>$ ^ut av<pr>$ ^bok<n><m><sg><def>$^.<sent><clb>$
[/n958R_MwR1tO]
[nSeIOcBI_nLG#0] ^Den himmelske freds plass<np><top>$
[/nSeIOcBI_nLG]
[nicf6rYDpx-9#0] ^Hennes<det><pos><m><sg>$ ^måte<n><m><sg><ind>$ ^å<part>$ ^sykle<vblex><inf>$
[/nicf6rYDpx-9]
[nnV5IWcXElHD#0] ^*asdlj$ ^sin<det><pos><m><sg>$ ^måte<n><m><sg><ind>$ ^å<part>$ ^referere<vblex><inf>$ ^på<pr>$
[/nnV5IWcXElHD]
[nuCjvX23rEZB#0] ^Skip<n><nt><sg><def><gen>$ ^kaptein<n><m><sg><ind>$
[/nuCjvX23rEZB]
[nyb9ZnrA7151#0] ^Den<prn><pers><p3><nt><sg><nom>$ ^være<vblex><pret>$ ^likevel<adv>$ ^far<n><m><pl><def>$ ^barn<n><nt><pl><def>$ ^så<adv>$ ^opp til<pr>$^.<sent><clb>$
[/nyb9ZnrA7151]
[oA8PLwiD7Z6R#0] ^Den<prn><pers><p3><nt><sg><nom>$ ^være<vblex><pres>$ ^ikke<adv>$ ^tillate<vblex><pp>$ ^å<part>$ ^røke<vblex><inf>$ ^her<pr>$
[/oA8PLwiD7Z6R]
[oF51I3vyESAA#0] ^egen<det><emph><m><sg>$ ^bil<n><m><sg><ind>$
[/oF51I3vyESAA]
[on2Zt51jWm6f#0] ^Per/Per<np><ant><m>$ ^sto/stå<vblex><pret>$ ^på/på<pr>$ ^stolen/stol<n><m><sg><def>$^,/,<cm>$ ^men/men<cnjcoo><clb>$ ^den/den<prn><pers><p3><mf><sg><acc>$ ^knakk/knekke<vblex><pret>$^./.<sent><clb>$
[/on2Zt51jWm6f]
[p6py3ZlSu2iU#0] ^Mann<n><m><sg><def>$ ^som<cnjsub>$ ^være<vblex><pres>$ ^her<pr>$
[/p6py3ZlSu2iU]
[pBsqrHbBBdlc#0] ^Den<det><dem><m><sg>$ ^sort<adj><sint><pst><un><sp><def>$ ^katt<n><m><sg><def>$
[/pBsqrHbBBdlc]
[p_S83Z5DgKY9#0] ^En<det><qnt><nt><sg>$ ^stor<adj><sint><pst><nt><sg><ind>$ ^barn<n><nt><sg><ind>$
[/p_S83Z5DgKY9]
[pjX82Ic0WdVb#0] ^Han<prn><pers><p3><m><sg><nom>$ ^slå<vblex><pres>$ ^han<prn><pers><p3><m><sg><acc>$
[/pjX82Ic0WdVb]
[q7jGjzIbrwjx#0] ^din<det><pos><un><pl>$ ^glass<n><nt><pl><ind>$^.<sent><clb>$
[/q7jGjzIbrwjx]
[qDnFzDFhcW8H#0] ^All<det><qnt><nt><sg>$ ^for<pr>$ ^mange<det><qnt><un><pl>$ ^henge¹<vblex><pres>$ ^seg<prn><ref><p3><un><sp><acc>$ ^så<adv>$ ^opp<adv>$ ^i<pr>$ ^å<part>$ ^rette<vblex><inf>$ ^feil<n><m><sg><ind>$^.<sent><clb>$
[/qDnFzDFhcW8H]
[qMumUsc81-s2#0] ^Han<prn><pers><p3><m><sg><nom>$ ^spise<vblex><pres>$ ^sin<det><pos><m><sg>$ ^mat<n><m><sg><ind>$
[/qMumUsc81-s2]
[qdoNXLLBCqSe#0] ^Barnet<np><top>$ ^være<vblex><pres>$ ^stort<adv>$
[/qdoNXLLBCqSe]
[r1wrzl_j3Ac5#0] ^da/da<adv>$ ^blir/bli<vblex><pres>$ ^det/den<prn><pers><p3><nt><sg><acc>$ ^uansett/uansett<pr>$ ^sånn/sånn<adv>$^,/,<cm>$ ^så/så<cnjcoo><clb>$ ^det/den<prn><pers><p3><nt><sg><nom>$ ^er/være<vblex><pres>$ ^ikke/ikke<adv>$ ^anbefalt/anbefale<vblex><pp>$
[/r1wrzl_j3Ac5]
[rdqnpWAj0VIM#0] ^Hans/hans<det><pos><m><sg>$ ^siste/sist<adj><sint><sup><un><sp><def>$ ^større/stor<adj><sint><comp><un><sp>$ ^prosess/prosess<n><m><sg><ind>$
[/rdqnpWAj0VIM]
[rp9IGiJH5QJf#0] ^God morgen<ij>$^,<cm>$ ^Troms<np><cog>$ ^06.03<det><qnt><un><pl>$
[/rp9IGiJH5QJf]
[rweZKhkoEEFS#0] ^hvilken<det><itg><m><sg>$
[/rweZKhkoEEFS]
[sTKj63VT0pP5#0] ^300<det><qnt><un><pl>$ ^meter<n><m><pl><ind><gen>$ ^dyp<n><nt><sg><ind>$
[/sTKj63VT0pP5]
[sVT3F6myr2U6#0] ^Han<prn><pers><p3><m><sg><nom>$ ^dra<vblex><pret>$ ^avsted<pr>$^,<cm>$ ^først<adv>$ ^Venezuela<np><top>$ ^og<cnjcoo>$ ^så<adv>$ ^til<pr>$ ^USA<np><top>$
[/sVT3F6myr2U6]
[sY5utqtfsT9v#0] ^en<det><qnt><m><sg>$ ^hel<adj><sint><pst><nt><sg><ind>$ ^svart<adj><sint><pst><mf><sg><ind>$ ^katt<n><m><sg><ind>$
[/sY5utqtfsT9v]
[slKto0RiU5Sl#0] ^Barn<n><nt><pl><ind>$ ^være<vblex><pres>$ ^stor<adj><sint><pst><un><pl><ind>$
[/slKto0RiU5Sl]
[svNiGEM2xLPH#0] ^hele<det><emph><un><sp><def>$ ^dag<n><m><sg><def><gen>$ ^region<n><m><sg><ind>$
[/svNiGEM2xLPH]
[tZUzuaRvRBfw#0] ^Boken/bok<n><m><sg><def>$ ^ble/bli<vblex><pret>$ ^ofte/ofte<adv>$ ^lest/lese<adj><pp><mf><sg><ind>$^./.<sent><clb>$
[/tZUzuaRvRBfw]
[tbw-XKXIwI15#0] ^en<det><qnt><m><sg>$ ^bok<n><m><sg><ind>$^.<sent><clb>$
[/tbw-XKXIwI15]
[tsJwscJGwWnt#0] ^kaffe<n><m><sg><ind><cmp>+ytelse<n><m><sg><ind>$ ^karaffel<n><m><sg><ind><cmp>+kjærlighet<n><m><sg><ind>$ ^hastighet<n><m><sg><ind><cmp>+kake<n><m><sg><ind>$
[/tsJwscJGwWnt]
[u3ik41hABINo#0] ^en<det><qnt><m><sg>$ ^åpen<adj><sint><pst><mf><sg><ind>$ ^dø<vblex><pres>$
[/u3ik41hABINo]
[uI4h1tKnKKBx#0] ^en<det><qnt><m><sg>$ ^forbudt<adj><pst><mf><sg><ind>$
[/uI4h1tKnKKBx]
[uQIJZASk9rWw#0] ^Ved<pr>$ ^god<adj><sint><pst><nt><sg><ind>$ ^mot<pr>$ ^bli<vblex><pret>$ ^barn<n><nt><pl><def>$ ^finne<vblex><pp>$^.<sent><clb>$
[/uQIJZASk9rWw]
[uR4rsEppClfq#0] ^mange<det><qnt><un><pl>$ ^tvibrent<n><mf><sp>$
[/uR4rsEppClfq]
[uYrBeciSm-xr#0] ^Fra<pr>$ ^Wikipedia<np><org>$^,<cm>$ ^den<det><dem><m><sg>$ ^fri<adj><sint><pst><un><sp><def>$ ^encyklopedi<n><m><sg><ind>$
[/uYrBeciSm-xr]
[uadwCisqOigh#0] ^Vi<prn><pers><p1><un><pl><nom>$ ^slå<vblex><pret>$ ^vi<prn><pers><p1><un><pl><acc>$
[/uadwCisqOigh]
[v8e4wB4-zA5Z#0] ^Hun<prn><pers><p3><f><sg><nom>$ ^se<vblex><pret>$ ^på<pr>$ ^bord<n><nt><sg><def>$ ^som<cnjsub>$ ^katt<n><m><sg><def>$ ^ligge<vblex><pret>$ ^på<pr>$
[/v8e4wB4-zA5Z]
[vXzRRxIYysQj#0] ^samme<det><dem><nt><sp><def>$ ^år<n><nt><sg><ind>$
[/vXzRRxIYysQj]
[vcajXO9qNSoi#0] ^en<det><qnt><m><sg>$ ^forbudt<adj><pst><mf><sg><ind>$ ^bil<n><m><sg><ind>$
[/vcajXO9qNSoi]
[vjGg46hl7HQ4#0] ^Kvinne<n><m><pl><ind>$ ^være<vblex><pres>$ ^høy<adj><sint><pst><un><pl><ind>$
[/vjGg46hl7HQ4]
[vkyzyBr6BFcX#0] ^den<det><dem><un><pl>$ ^menneske<n><nt><pl><ind>$
[/vkyzyBr6BFcX]
[vnIvBn40JS21#0] ^Hun<prn><pers><p3><f><sg><nom>$ ^bruke<vblex><pres>$ ^selv<det><emph><un><sp>$ ^ord<n><nt><sg><def>$
[/vnIvBn40JS21]
[vrWMkbGkkVZd#0] ^Barn<n><nt><pl><def>$ ^være<vblex><pres>$ ^stor<adj><sint><pst><un><pl><ind>$
[/vrWMkbGkkVZd]
[wGsMJFw4jd-z#0] ^Jeg<prn><pers><p1><mf><sg><nom>$ ^hvile<vblex><pret>$
[/wGsMJFw4jd-z]
[wh4FBrrrCDom#0] ^bcg-vaksinens/bcg-vaksine<n><m><sg><def><gen>$ ^virkning/virkning<n><m><sg><ind>$^./.<sent><clb>$
[/wh4FBrrrCDom]
[wyUnWa5LrdAa#0] ^jente<n><m><sg><def>$ ^min<det><pos><m><sg>$
[/wyUnWa5LrdAa]
[xWjmp_aiYQTd#0] ^forby<vblex><pp>$
[/xWjmp_aiYQTd]
[yXXxO-Os-Oqo#0] ^De<prn><pers><p3><un><pl><nom>$ ^bli<vblex><pret>$ ^hente<adj><pp><pl>$ ^i<pr>$ ^sin<det><pos><un><pl>$ ^hjem<n><nt><pl><ind>$ ^midt på<pr>$ ^natt<n><m><sg><def>$
[/yXXxO-Os-Oqo]
[ya1chv2U4s-Z#0] ^Boken/bok<n><m><sg><def>$ ^leses/lese<vblex><pres><pasv>$^./.<sent><clb>$
[/ya1chv2U4s-Z]
[z5zfq6us54E5#0] ^vår<det><pos><m><sg>$ ^liten<adj><sint><pst><mf><sg><ind>$ ^bok<n><f><sg><ind>$
[/z5zfq6us54E5]
[zKrRHAh7FnaW#0] ^Hans<det><pos><m><sg>$ ^katt<n><m><sg><ind>$
[/zKrRHAh7FnaW]
[zXiWhYJ01YMl#0] ^Du<prn><pers><p2><mf><sg><nom>$ ^liten<adj><sint><pst><un><sp><def>$ ^menneske<n><nt><sg><ind>$
[/zXiWhYJ01YMl]
