[0-3E2ZcAjolY#0] ^Verdenskjent<adj><pst><nt><sg><ind>$ ^kalle<vblex><pres>$ ^han<prn><pers><p3><m><sg><acc>$ ^de<prn><pers><p3><un><pl><acc>$^.<sent><clb>$
[/0-3E2ZcAjolY]
[2oIgkf_G1MEg#0] ^Båt<n><m><sg><def>$ ^som<cnjsub>$ ^vi<prn><pers><p1><un><pl><nom>$ ^male<vblex><pres>$ ^lekker<adj><sint><pst><mf><sg><ind>$
[/2oIgkf_G1MEg]
[ANikIYqPU94C#0] ^Ledelse<n><m><sg><def>$ ^like<vblex><pres>$ ^dårlig<adj><sint><pst><nt><sg><ind>$ ^fokus<n><nt><sg><def>$ ^på<pr>$ ^utøver<n><m><pl><ind>$ ^som<pr>$ ^Tommy<np><ant><m>$ ^Ingebrigtsen<np><cog>$
[/ANikIYqPU94C]
[AZxnRsPHWX86#0] ^Kråke<n><m><pl><def>$ ^fly<vblex><pret>$ ^skremme<vblex><pp>$ ^bort<adv>$^.<sent><clb>$
[/AZxnRsPHWX86]
[B8TIKzJZDZCu#0] ^Forelder<n><m><pl><def>$ ^min<det><pos><un><pl>$ ^være<vblex><pres>$ ^skille<adj><pp><pl>$
[/B8TIKzJZDZCu]
[BibEwKkY4vAK#0] ^Om<pr>$ ^vinter<n><m><sg><def>$ ^selge<vblex><pres><pasv>$ ^nok<adv>$ ^ku<n><f><pl><def>$^.<sent><clb>$
[/BibEwKkY4vAK]
[BnluB9LAf1JL#0] ^Skremme<vblex><pp>$ ^fly<vblex><pret>$ ^kråke<n><f><pl><def>$ ^bort<pr>$^.<sent><clb>$
[/BnluB9LAf1JL]
[Bu_kX3ZtDT8R#0] ^hun<prn><pers><p3><f><sg><nom>$ ^bekjempe<vblex><pret>$ ^ofte<adj><sint><pst><un><pl><ind>$ ^fiende<n><m><pl><ind>$
[/Bu_kX3ZtDT8R]
[DOF-mkgqCsBR#0] ^vis<n><nt><sg><ind>$ ^hvilken<det><itg><un><pl>$ ^lenke<n><m><pl><ind>$
[/DOF-mkgqCsBR]
[EZwrNUi1hzSQ#0] ^All<det><qnt><un><pl>$ ^parti<n><nt><pl><ind>$ ^hvis<cnjsub>$ ^leder<n><m><pl><ind>$ ^være<vblex><pres>$ ^representere<adj><pp><pl>$ ^på<pr>$ ^Stortinget<np><org><nt>$^,<cm><clb>$ ^være<vblex><pres>$ ^mot<pr>$ ^direktiv<n><nt><sg><def>$^.<sent><clb>$
[/EZwrNUi1hzSQ]
[FO_vuYx7FXBk#0] ^Toppen<np><top><gen>$ ^mange<adj><sint><pst><un><pl><ind>$ ^besøkende<n><m><sg><def>$
[/FO_vuYx7FXBk]
[HHBbu-j6FG0G#0] ^Den gang<adv>$ ^da<cnjsub>$
[/HHBbu-j6FG0G]
[OXMMBMz0vgXy#0] ^Hvor<adv>$ ^bo<vblex><pres>$ ^du<prn><pers><p2><mf><sg><nom>$^?<sent><clb>$
[/OXMMBMz0vgXy]
[OmxzUj8TdLiS#0] ^Bcg-vaksine<n><m><sg><ind>$
[/OmxzUj8TdLiS]
[OzNaWYqbcC_B#0] ^Tomme<n><m><sg><ind>$ ^melke<vblex><pres><pasv>$ ^ku<n><f><pl><def>$^.<sent><clb>$
[/OzNaWYqbcC_B]
[RbWzpjShozou#0] ^Denne<det><dem><m><sg>$ ^kunne<vblex><pres>$ ^lese<vblex><inf>$ ^enhver<det><qnt><nt><sg>$ ^antall<n><nt><sg><ind>$ ^mellomrom<n><nt><sg><ind>$
[/RbWzpjShozou]
[S715ORqwY2O5#0] ^Bok<n><m><sg><def>$ ^hans<det><pos><m><sg>$ ^leste<vblex><pres><pasv>$
[/S715ORqwY2O5]
[Tq52siv1VBx5#0] ^Damen/dame<n><m><sg><def>$^,/,<cm>$ ^hvems/*hvems$ ^hund/hund<n><m><sg><ind>$ ^het/hete<vblex><pret>$ ^Bella/Bella<np><ant><f>$^,/,<cm><clb>$ ^eide/eie<vblex><pret>$ ^en/en<det><qnt><m><sg>$ ^villa/villa<n><m><sg><ind>$^./.<sent><clb>$
[/Tq52siv1VBx5]
[VQpYd6wfbvcE#0] ^Den<prn><pers><p3><nt><sg><nom>$ ^være<vblex><pres>$ ^by<n><m><sg><def>$ ^hvor<adv>$ ^jeg<prn><pers><p1><mf><sg><nom>$ ^være<vblex><pres>$ ^god<adj><sint><sup><un><sp><ind>$ ^kjent<adj><pst><mf><sg><ind>$^.<sent><clb>$
[/VQpYd6wfbvcE]
[V_Q8-2h8HHVw#0] ^Han<prn><pers><p3><m><sg><nom>$ ^kalle<vblex><pres>$ ^de<prn><pers><p3><un><pl><acc>$ ^verdenskjent<adj><pst><mf><sg><ind>$^.<sent><clb>$
[/V_Q8-2h8HHVw]
[_Fr3w5CGmjr7#0] ^I dag<adv>$ ^anse<vblex><pres><pasv>$ ^denne<prn><dem><nt><sg><nom>$ ^ikke<adv>$ ^lenger<adv>$ ^som<pr>$ ^noe<det><qnt><nt><sg>$ ^reell<adj><pst><nt><sg><ind>$ ^mål<n><nt><sg><ind>$
[/_Fr3w5CGmjr7]
[a1GFZF8gIoDn#0] ^Mann<n><m><sg><def>$ ^som<pr>$ ^jeg<prn><pers><p1><mf><sg><nom>$ ^se<vblex><pret>$
[/a1GFZF8gIoDn]
[af1lsSK7f5VZ#0] ^En<det><qnt><m><sg>$ ^lærer<n><m><sg><ind>$ ^lære<vblex><pres>$ ^bort<adv>$ ^like<adv>$ ^mye<adj><sint><pst><nt><sg><ind>$ ^som<cnjsub>$ ^elev<n><m><pl><def>$ ^kunne<vblex><pres>$^.<sent><clb>$
[/af1lsSK7f5VZ]
[aiI4rYkyc2u5#0] ^Bort<adv>$ ^fly<vblex><pret>$ ^kråke<n><f><pl><def>$ ^skremme<vblex><pp>$^.<sent><clb>$
[/aiI4rYkyc2u5]
[bCpA9zw4pMIG#0] ^Bok<n><m><sg><def>$ ^leste<vblex><pres><pasv>$
[/bCpA9zw4pMIG]
[bOxuOOUuV7lk#0] ^for<pr>$ ^min<det><pos><m><sg>$ ^del<n><m><sg><ind>$
[/bOxuOOUuV7lk]
[cf8IcPczd2_H#0] ^De/den<det><dem><un><pl>$ ^to/to<det><qnt><un><pl>$ ^kuene/ku<n><m><pl><def>$ ^skal/skulle<vblex><pres>$ ^ha/ha<vblex><inf>$ ^blitt/bli<vblex><pp>$ ^slått/slå<vblex><pp>$ ^helseløse/helse<n><m><sg><ind><cmp>+løs<adj><sint><pst><un><pl><ind>$^./.<sent><clb>$
[/cf8IcPczd2_H]
[ebGbfyCDglJj#0] ^den<prn><pers><p3><nt><sg><nom>$ ^være<vblex><pres>$ ^en<det><qnt><nt><sg>$ ^ønske<n><nt><sg><ind>$ ^vi<prn><pers><p1><un><pl><nom>$ ^dele<vblex><pres>$
[/ebGbfyCDglJj]
[fdMaD0JM37sZ#0] ^Damen/dame<n><m><sg><def>$^,/,<cm>$ ^hvis/hvis<cnjsub>$ ^hund/hund<n><m><sg><ind>$ ^het/hete<vblex><pret>$ ^Bella/Bella<np><ant><f>$^,/,<cm><clb>$ ^eide/eie<vblex><pret>$ ^en/en<det><qnt><m><sg>$ ^villa/villa<n><m><sg><ind>$^./.<sent><clb>$
[/fdMaD0JM37sZ]
[fkZpNI7cKMc5#0] ^Mann<n><m><sg><def>$ ^i<pr>$ ^gate<n><f><sg><def><gen>$ ^mening<n><f><sg><ind>$
[/fkZpNI7cKMc5]
[gof_TU9VxwKD#0] ^Kristoffer<np><ant><m><gen>$ ^katt<n><m><sg><ind>$
[/gof_TU9VxwKD]
[iR1xrpZ3yodT#0] ^Alt/all<det><qnt><nt><sg>$ ^for/for<pr>$ ^mange/mange<det><qnt><un><pl>$ ^henger/henge¹<vblex><pres>$ ^seg/seg<prn><ref><p3><un><sp><acc>$ ^så/så<adv>$ ^opp/opp<adv>$ ^i/i<pr>$ ^å/å<part>$ ^tilfredstille/*tilfredstille$ ^publikum/publikum<n><nt><sg><ind>$ ^at/at<cnjsub>$ ^musikk/musikk<n><m><sg><ind>$ ^nesten/nesten<adv>$ ^blir/bli<vblex><pres>$ ^en/en<det><qnt><m><sg>$ ^annenrangs/annen<n><m><sg><ind><cmp>+rang<n><m><sg><ind><gen>$ ^greie/greie<n><m><sg><ind>$
[/iR1xrpZ3yodT]
[kpxqvmF7UfXC#0] ^En<det><qnt><m><sg>$ ^gutt<n><m><sg><ind>$ ^og<cnjcoo>$ ^en<det><qnt><m><sg>$ ^jente<n><m><sg><ind>$ ^være<vblex><pret>$ ^stikke# av<vblex><pp>$ ^veps<n><m><sg><def>$^.<sent><clb>$
[/kpxqvmF7UfXC]
[mbi1mbzcrA1d#0] ^Båt<n><m><sg><def>$ ^som<cnjsub>$ ^vi<prn><pers><p1><un><pl><nom>$ ^male<vblex><pres>$ ^lekker<adj><sint><pst><mf><sg><ind>$^.<sent><clb>$
[/mbi1mbzcrA1d]
[p-jSJLv19g9Z#0] ^Ville<vblex><pres>$ ^du<prn><pers><p2><mf><sg><nom>$ ^låne<vblex><inf>$ ^noe<det><qnt><un><neg><pl>$ ^penge<n><m><pl><ind>$ ^av<pr>$ ^jeg<prn><pers><p1><mf><sg><acc>$^?<sent><clb>$
[/p-jSJLv19g9Z]
[qd2EKLs38dQ_#0] ^Den<det><dem><m><sg>$ ^rar<adj><sint><pst><un><sp><def>$ ^nabo<n><m><sg><def><gen>$ ^måte<n><m><sg><ind>$ ^å<part>$ ^sykle<vblex><inf>$
[/qd2EKLs38dQ_]
[raJrn-3eW0wP#0] ^På<pr>$ ^fredag<n><m><sg><ind>$ ^selge<vblex><pres><pasv>$ ^nok<adv>$ ^ku<n><f><pl><def>$^.<sent><clb>$
[/raJrn-3eW0wP]
