[7A69MRQRN-5W#0] ^Jeg/Jeg<prn><pers><p1><mf><sg><nom>$ ^har/ha<vblex><pres>$ ^åler/ål<n><m><pl><ind>$ ^i/i<pr>$ ^min/min<det><pos><m><sg>$ ^luftputebåt/luftputebåt<n><m><sg><ind>$^./.<sent><clb>$ ^Det/Den<prn><pers><p3><nt><sg><nom>$ ^er/være<vblex><pres>$ ^bevisst/bevisst<adj><pst><nt><sg><ind>$^./.<sent><clb>$ ^Vi/Vi<prn><pers><p1><un><pl><nom>$ ^kan/kunne<vblex><pres>$ ^søke/søke<vblex><inf>$ ^myndighetene/myndighet<n><f><pl><def>/myndighet<n><m><pl><def>$^./.<sent><clb>$
[/7A69MRQRN-5W]
