[-8ixrLtjgnQm#0] ^hun<prn><pers><p3><f><sg><nom><Aa>$ ^sette# i gang<vblex><pret><aa>$ ^og<cnjcoo><clb><aa>$ ^arbeide<vblex><pret><aa>$
[/-8ixrLtjgnQm]
[-HW3GxhAgqSn#0] ^noe<det><qnt><un><pl><Aa>$ ^år<n><nt><pl><ind><gen><aa>$ ^tid<n><f><sg><ind><aa>$
[/-HW3GxhAgqSn]
[0-hdstvpj7lE#0] ^jeg<prn><pers><p1><mf><sg><nom><Aa>$ ^ha<vblex><pres><aa>$ ^sykle<vblex><pp><aa>$
[/0-hdstvpj7lE]
[05u3Kw90wSyW#0] ^Boken/bok<n><m><sg><def><Aa>$ ^kan/kunne<vblex><pres><aa>$ ^leses/lese<vblex><inf><pasv><aa>$^./.<sent><clb><aa>$
[/05u3Kw90wSyW]
[0A4hKI2v-BCt#0] ^mann<n><m><sg><def><Aa>$ ^sin<det><pos><m><sg><aa>$ ^bil<n><m><sg><ind><aa>$
[/0A4hKI2v-BCt]
[0GlhVcm5enM_#0] ^min<det><pos><m><sg><Aa>$ ^sort<adj><sint><pst><un><sp><def><aa>$ ^tekst<n><f><sg><ind><aa>$
[/0GlhVcm5enM_]
[11dbJqk-DUBM#0] ^en<det><qnt><nt><sg><Aa>$ ^dømme<adj><pp><nt><sg><ind><aa>$ ^vitne<n><nt><sg><ind><aa>$
[/11dbJqk-DUBM]
[1WERHDg6jFy9#0] ^lærer<n><m><sg><def><Aa>$ ^si<vblex><pret><aa>$ ^jeg<prn><pers><p1><mf><sg><nom><aa>$ ^ha<vblex><pret><aa>$ ^noe<det><qnt><un><pl><aa>$ ^god<adj><sint><pst><un><pl><ind><aa>$ ^poeng<n><nt><pl><ind><aa>$ ^i<pr><aa>$ ^oppgave<n><m><sg><def><aa>$ ^min<det><pos><m><sg><aa>$
[/1WERHDg6jFy9]
[1leH8PCN8hFY#0] ^hun<prn><pers><p3><f><sg><nom><Aa>$ ^bruke<vblex><pres><aa>$ ^selve<adv><aa>$ ^ord<n><nt><sg><def><aa>$
[/1leH8PCN8hFY]
[1oGvDFNvDdW8#0] ^bcg-vaksine<n><m><sg><ind><aa>$^.<sent><clb><aa>$ ^bcg-vaksine<n><m><sg><ind><Aa>$^.<sent><clb><aa>$ ^bcg-vaksine<n><m><sg><ind><AA>$^.<sent><clb><aa>$ ^bcg-vaksine<n><m><sg><ind><Aa>$^.<sent><clb><aa>$
[/1oGvDFNvDdW8]
[1u-qaEhZlPdx#0] ^han<prn><pers><p3><m><sg><nom><Aa>$ ^ville<vblex><pret><aa>$ ^ikke<adv><aa>$ ^si<vblex><inf><aa>$ ^hvor<adv><aa>$ ^stor<adj><sint><pst><mf><sg><ind><aa>$ ^styrke<n><m><sg><def><aa>$ ^skulle<vblex><pres><aa>$ ^bli<vblex><inf><aa>$
[/1u-qaEhZlPdx]
[1y5e7C2ERy56#0] ^Baldur<np><ant><m><Aa>$ ^være<vblex><pres><aa>$ ^ennå<adv><aa>$ ^liten<adj><sint><pst><mf><sg><ind><aa>$ ^nok<adv><aa>$ ^til<pr><aa>$ ^å<part><aa>$ ^kalle<vblex><inf><pasv><aa>$ ^en<det><qnt><m><sg><aa>$ ^valp<n><m><sg><ind><aa>$
[/1y5e7C2ERy56]
[26sjWE5KWeJE#0] ^den<det><dem><un><pl><aa>$ ^grunnleggende<adj><pst><un><pl><ind><aa>$ ^frihet<n><f><pl><ind><aa>$
[/26sjWE5KWeJE]
[29OknQ2Qa07Z#0] ^en<det><qnt><m><sg><aa>$
[/29OknQ2Qa07Z]
[2SYaGXwP1fBU#0] ^rød<adj><sint><pst><un><sp><def><aa>$ ^it<n><mf><sp><gen><aa>$
[/2SYaGXwP1fBU]
[2fmiZq8kp7rx#0] ^den<prn><pers><p3><nt><sg><nom><Aa>$ ^være<vblex><pres><aa>$ ^ikke<adv><aa>$ ^tillate<vblex><pp><aa>$ ^å<part><aa>$ ^røyke<vblex><inf><aa>$ ^her<pr><aa>$
[/2fmiZq8kp7rx]
[2jsj-WuFiENh#0] ^en<det><qnt><m><sg><Aa>$ ^høy<adj><sint><pst><mf><sg><ind><aa>$ ^kvinne<n><f><sg><ind><aa>$
[/2jsj-WuFiENh]
[3HzrYIrNRFC1#0] ^kvinne<n><m><pl><def><Aa>$ ^være<vblex><pres><aa>$ ^høy<adj><sint><pst><un><pl><ind><aa>$
[/3HzrYIrNRFC1]
[3JLTeVOKyAGY#0] ^forrige<det><dem><nt><sp><def><aa>$ ^århundre<n><nt><sg><ind><gen><aa>$ ^stor<adj><sint><sup><un><sp><def><aa>$ ^filosof<n><m><pl><ind><aa>$
[/3JLTeVOKyAGY]
[3Lr-JmovH0hZ#0] ^stor<adj><sint><pst><un><pl><ind><Aa>$ ^barn<n><nt><pl><ind><aa>$
[/3Lr-JmovH0hZ]
[3ua6EN3qaHXy#0] ^den<det><dem><m><sg><aa>$ ^gammel<adj><sint><comp><un><sp><aa>$ ^mann<n><m><sg><def><aa>$
[/3ua6EN3qaHXy]
[4BamgYUJHu01#0] ^den<det><dem><nt><sg><aa>$ ^god<adj><sint><sup><un><sp><def><aa>$ ^vilkår<n><nt><sg><def><aa>$^.<sent><clb><aa>$
[/4BamgYUJHu01]
[4TnTIEfakvyf#0] ^hva<adv><Aa>$ ^man<prn><pers><p3><un><sg><nom><aa>$ ^kunne<vblex><pres><aa>$ ^se<vblex><inf><aa>$
[/4TnTIEfakvyf]
[4exIE-OPuLP5#0] ^Boken/bok<n><m><sg><def><Aa>$ ^ble/bli<vblex><pret><aa>$ ^heller/heller<adv><aa>$ ^ofte/ofte<adv><aa>$ ^lest/lese<adj><pp><mf><sg><ind><aa>$^./.<sent><clb><aa>$
[/4exIE-OPuLP5]
[4ksWDDNNvItM#0] ^min<det><pos><m><sg><Aa>$ ^gammel<adj><sint><pst><un><sp><def><aa>$ ^katt<n><m><sg><ind><gen><aa>$ ^sort<adj><sint><pst><un><sp><def><aa>$ ^snute<n><f><sg><ind><aa>$
[/4ksWDDNNvItM]
[5BJwJNOyrj9z#0] ^vi<prn><pers><p1><un><pl><nom><Aa>$ ^gi<vblex><pret><aa>$ ^den<prn><pers><p3><nt><sg><acc><aa>$ ^til<pr><aa>$ ^dere<prn><pers><p2><un><pl><acc><aa>$
[/5BJwJNOyrj9z]
[5DqkyGQVAQTJ#0] ^jeg<prn><pers><p1><mf><sg><nom><Aa>$ ^sykle<vblex><pres><aa>$
[/5DqkyGQVAQTJ]
[5dSSrj8nHyUL#0] ^neste år<n><nt><sg><ind><gen><aa>$ ^konkurranse<n><m><sg><ind><aa>$
[/5dSSrj8nHyUL]
[5yS8J_65Viso#0] ^en<det><qnt><m><sg><aa>$ ^smart<adj><sint><pst><nt><sg><ind><aa>$ ^liten<adj><sint><pst><mf><sg><ind><aa>$ ^katt<n><m><sg><ind><gen><aa>$ ^snute<n><f><sg><ind><aa>$
[/5yS8J_65Viso]
[69goRdA3i18h#0] ^de<prn><pers><p3><un><pl><nom><aa>$ ^som<cnjsub><aa>$ ^forsøke<vblex><pres><aa>$ ^en<det><qnt><m><sg><aa>$ ^annen<det><dem><m><sg><ind><aa>$ ^utvei<n><m><sg><ind><aa>$ ^være<vblex><pres><aa>$ ^besette<vblex><pret><aa>$
[/69goRdA3i18h]
[6Povzd4SPz-A#0] ^Lindgren<np><cog><Aa>$ ^selv<det><emph><un><sp><aa>$ ^mene<adj><pp><nt><sg><ind><aa>$
[/6Povzd4SPz-A]
[6ar1zSFeD_BQ#0] ^en<det><qnt><m><sg><aa>$ ^liten<adj><sint><pst><mf><sg><ind><aa>$ ^dag<n><m><sg><ind><aa>$^.<sent><clb><aa>$
[/6ar1zSFeD_BQ]
[6mc54O5rGDKZ#0] ^en<det><qnt><m><sg><aa>$ ^mann<n><m><sg><ind><aa>$
[/6mc54O5rGDKZ]
[6v9wgncQaYc5#0] ^en<det><qnt><nt><sg><Aa>$ ^år<n><nt><sg><ind><gen><aa>$ ^tid<n><f><sg><ind><aa>$
[/6v9wgncQaYc5]
[7-31NVQ96wcQ#0] ^den<det><dem><m><sg><aa>$ ^ny<adj><sint><pst><un><sp><def><aa>$ ^liten<adj><sint><pst><un><sp><def><aa>$ ^Lamaen<np><cgguess><gen><Aa>$ ^bil<n><m><sg><ind><aa>$
[/7-31NVQ96wcQ]
[79Ph8_rs6jNX#0] ^en<det><qnt><m><sg><aa>$ ^mannlig<adj><pst><mf><sg><ind><aa>$ ^guddom<n><m><sg><ind><gen><aa>$
[/79Ph8_rs6jNX]
[7GuzmlNJILBe#0] ^en<det><qnt><m><sg><aa>$ ^viktig<adj><sint><pst><mf><sg><ind><aa>$ ^dag<n><m><sg><ind><aa>$^.<sent><clb><aa>$
[/7GuzmlNJILBe]
[7NBMMqMaGRid#0] ^din<det><pos><m><sg><Aa>$ ^måte<n><m><sg><ind><aa>$ ^å<part><aa>$ ^sykle<vblex><inf><aa>$
[/7NBMMqMaGRid]
[8NULhyT6Y-a-#0] ^hvilken<det><itg><nt><sg><aa>$ ^ønske<n><nt><sg><ind><aa>$
[/8NULhyT6Y-a-]
[8_N-1tSZtulJ#0] ^høy<adj><sint><pst><un><pl><ind><Aa>$ ^kvinne<n><f><pl><ind><aa>$
[/8_N-1tSZtulJ]
[8gMa0uVKwx0W#0] ^jeg<prn><pers><p1><mf><sg><nom><Aa>$ ^si<vblex><pret><aa>$ ^den<prn><pers><p3><nt><sg><acc><aa>$ ^til<pr><aa>$ ^de<prn><pers><p3><un><pl><acc><Aa>$^.<sent><clb><aa>$
[/8gMa0uVKwx0W]
[95GdN4r6q6za#0] ^denne<det><dem><un><pl><aa>$ ^viktig<adj><sint><pst><un><pl><ind><aa>$ ^menneske<n><nt><pl><ind><aa>$
[/95GdN4r6q6za]
[9CSGF7WI9YJ8#0] ^si<vblex><pret><Aa>$ ^lærer<n><m><sg><def><aa>$ ^at<cnjsub><aa>$ ^jeg<prn><pers><p1><mf><sg><nom><aa>$ ^ha<vblex><pret><aa>$ ^noe<det><qnt><un><neg><pl><aa>$ ^god<adj><sint><pst><un><pl><ind><aa>$ ^poeng<n><nt><pl><ind><aa>$ ^i<pr><aa>$ ^oppgave<n><m><sg><def><aa>$ ^min<det><pos><m><sg><aa>$^?<sent><clb><aa>$
[/9CSGF7WI9YJ8]
[9IIaSE2nVfN_#0] ^en<det><qnt><m><sg><aa>$ ^liten<adj><sint><pst><mf><sg><ind><aa>$ ^bok<n><f><sg><ind><aa>$^.<sent><clb><aa>$
[/9IIaSE2nVfN_]
[9h0RqeAjUESp#0] ^den<det><dem><un><pl><Aa>$ ^annen<det><dem><un><pl><aa>$ ^som<cnjsub><aa>$ ^kjøpe<vblex><pret><aa>$ ^vaffel<n><m><pl><ind><aa>$ ^se<vblex><pret><aa>$ ^ut<pr><aa>$ ^til<pr><aa>$ ^å<part><aa>$ ^like<vblex><inf><aa>$ ^seg<prn><ref><p3><un><sp><acc><aa>$^.<sent><clb><aa>$
[/9h0RqeAjUESp]
[9mFZLqFdvIYH#0] ^de<prn><pers><p3><un><pl><nom><Aa>$ ^ha<vblex><pres><aa>$ ^noe<det><qnt><nt><sg><aa>$ ^på gang<adv><aa>$
[/9mFZLqFdvIYH]
[9x6rTzMvibp7#0] ^den<prn><pers><p3><nt><sg><acc><Aa>$ ^ta<vblex><pres><aa>$ ^sin tid<adv><aa>$
[/9x6rTzMvibp7]
[A3TinpeJW-GF#0] ^båt<n><m><sg><def><Aa>$^,<cm><aa>$ ^som<cnjsub><aa>$ ^vi<prn><pers><p1><un><pl><nom><aa>$ ^male<vblex><pres><aa>$^,<cm><aa>$ ^lekker<adj><sint><pst><mf><sg><ind><aa>$
[/A3TinpeJW-GF]
[A4MJPDGirDrY#0] ^de<prn><pers><p3><un><pl><nom><Aa>$^.<sent><clb><aa>$ ^deres¹<det><pos><m><sg><Aa>$ ^måte<n><m><sg><ind><aa>$ ^å<part><aa>$ ^sykle<vblex><inf><aa>$
[/A4MJPDGirDrY]
[AHS4WlPEXBZq#0] ^administrerende<adj><pst><mf><sg><ind><aa>$ ^direktør<n><m><sg><ind><aa>$
[/AHS4WlPEXBZq]
[APxuBHwr9k9J#0] ^en<det><qnt><nt><sg><aa>$ ^forfatterskap<n><nt><sg><ind><aa>$
[/APxuBHwr9k9J]
[AY9F_F558gpM#0] ^hvilken<det><itg><m><sg><aa>$ ^mann<n><m><sg><ind><aa>$
[/AY9F_F558gpM]
[A_3yfExvDSnj#0] ^den<prn><pers><p3><nt><sg><acc><Aa>$ ^vi<prn><pers><p1><un><pl><nom><aa>$ ^holde# på med<vblex><pres><aa>$ ^komme<vblex><pres><aa>$^.<sent><clb><aa>$
[/A_3yfExvDSnj]
[ArYBOiVIrtGI#0] ^en<det><qnt><m><sg><aa>$ ^3<det><qnt><un><pl><aa>$ ^stjerne<n><m><sg><ind><gen><aa>$ ^farge<n><m><pl><ind><aa>$
[/ArYBOiVIrtGI]
[AtOgTYuX_TmA#0] ^en<det><qnt><m><sg><aa>$ ^uavhengig<adj><pst><mf><sg><ind><aa>$ ^Sjurson<np><cog><Aa>$
[/AtOgTYuX_TmA]
[B9K16IBh1BM_#0] ^en<det><qnt><m><sg><Aa>$ ^øy<n><m><sg><ind><gen><aa>$ ^liten<adj><sint><sup><un><sp><def><aa>$ ^hund<n><m><sg><ind><aa>$
[/B9K16IBh1BM_]
[BKpkVnZx1aVl#0] ^han<prn><pers><p3><m><sg><nom><Aa>$ ^svare<vblex><pret><aa>$ ^ikke<adv><aa>$
[/BKpkVnZx1aVl]
[BNGi7l6gBEds#0] ^den<det><dem><m><sg><aa>$ ^gammel<adj><sint><pst><un><sp><def><aa>$ ^liten<adj><sint><pst><un><sp><def><aa>$ ^bil<n><m><sg><def><aa>$
[/BNGi7l6gBEds]
[BPeTiRAkskJ3#0] ^jeg<prn><pers><p1><mf><sg><nom><Aa>$ ^få<vblex><pret><aa>$ ^katt<n><m><sg><def><aa>$ ^fra<pr><aa>$ ^min<det><pos><m><sg><aa>$ ^mor<n><m><sg><ind><aa>$
[/BPeTiRAkskJ3]
[BS6zFt1MPKSZ#0] ^jeg<prn><pers><p1><mf><sg><nom><Aa>$ ^si<vblex><pret><aa>$ ^den<prn><pers><p3><nt><sg><acc><aa>$ ^til<pr><aa>$ ^hund<n><m><sg><def><aa>$ ^deres¹<det><pos><m><sg><Aa>$^.<sent><clb><aa>$
[/BS6zFt1MPKSZ]
[CCdsB-aUSfDk#0] ^for<cnjcoo><clb><Aa>$ ^mange<adj><sint><pst><un><pl><ind><aa>$ ^ansette<adj><pp><pl><aa>$ ^bety<vblex><pres><aa>$ ^den<prn><pers><p3><nt><sg><acc><aa>$ ^ny<adj><sint><pst><un><pl><ind><aa>$ ^sjef<n><m><pl><ind><aa>$
[/CCdsB-aUSfDk]
[CCxotRwOQe3q#0] ^dere<prn><pers><p2><un><pl><nom><Aa>$ ^slå<vblex><pret><aa>$ ^dere<prn><pers><p2><un><pl><acc><aa>$
[/CCxotRwOQe3q]
[CFhZTT91q97e#0] ^den<det><dem><un><pl><Aa>$ ^høy<adj><sint><pst><un><sp><def><aa>$ ^kvinne<n><f><pl><def><aa>$
[/CFhZTT91q97e]
[CR7NS4NgjlJG#0] ^den<det><dem><m><sg><Aa>$ ^stor<adj><sint><pst><un><sp><def><aa>$ ^bil<n><m><sg><def><aa>$
[/CR7NS4NgjlJG]
[CU97iIV7QC_a#0] ^Boken/bok<n><m><sg><def><Aa>$ ^hans/hans<det><pos><m><sg><aa>$ ^leses/lese<vblex><pres><pasv><aa>$^./.<sent><clb><aa>$
[/CU97iIV7QC_a]
[CVBPRfGJMVvl#0] ^by<n><m><sg><def><gen><Aa>$ ^lur<adj><sint><sup><un><sp><def><aa>$ ^katt<n><m><sg><ind><aa>$
[/CVBPRfGJMVvl]
[CVozERZf1huN#0] ^en<det><qnt><m><sg><Aa>$ ^dømme<adj><pp><mf><sg><ind><aa>$ ^mann<n><m><sg><ind><aa>$
[/CVozERZf1huN]
[CcP6yJxGs-Zd#0] ^sette<vblex><pret><Aa>$ ^fyr<n><nt><sg><ind><aa>$ ^på<pr><aa>$ ^hus<n><nt><sg><def><aa>$ ^sin<det><pos><nt><sg><aa>$
[/CcP6yJxGs-Zd]
[CcbNQBoh1mBt#0] ^min<det><pos><nt><sg><Aa>$ ^sort<adj><sint><pst><un><sp><def><aa>$ ^hus<n><nt><sg><ind><aa>$
[/CcbNQBoh1mBt]
[Cmy6g58rpnf1#0] ^dere<prn><pers><p2><un><pl><nom><Aa>$^.<sent><clb><aa>$ ^deres²<det><pos><m><sg><Aa>$ ^måte<n><m><sg><ind><aa>$ ^å<part><aa>$ ^sykle<vblex><inf><aa>$
[/Cmy6g58rpnf1]
[CvHdmUT4OoFf#0] ^jeg<prn><pers><p1><mf><sg><nom><aa>$ ^se<vblex><pret><aa>$ ^den<det><dem><m><sg><aa>$
[/CvHdmUT4OoFf]
[D3HnuG6zvH9C#0] ^egen<det><emph><un><pl><aa>$ ^hus<n><nt><sg><ind><aa>$
[/D3HnuG6zvH9C]
[D79GBgi4VMTB#0] ^jeg<prn><pers><p1><mf><sg><nom><Aa>$ ^lese<vblex><pres><aa>$ ^denne<prn><dem><nt><sg><acc><aa>$
[/D79GBgi4VMTB]
[D94K-W-T9VXG#0] ^han<prn><pers><p3><m><sg><nom><aa>$ ^gjenta<vblex><pret><aa>$ ^at<cnjsub><aa>$ ^han<prn><pers><p3><m><sg><nom><aa>$ ^ikke<adv><aa>$ ^vite<vblex><pret><aa>$ ^hvor<adv><aa>$ ^høy<adj><sint><pst><mf><sg><ind><aa>$ ^fart<n><m><sg><def><aa>$ ^være<vblex><pret><aa>$^.<sent><clb><aa>$
[/D94K-W-T9VXG]
[DM444qOFYO5o#0] ^lese<vblex><imp><AA>$ ^også<adv><AA>$^:<sent><clb><aa>$
[/DM444qOFYO5o]
[EAgr5_pXCZAv#0] ^den<det><dem><nt><sg><Aa>$ ^stor<adj><sint><pst><un><sp><def><aa>$ ^barn<n><nt><sg><def><aa>$
[/EAgr5_pXCZAv]
[EDhUbFODK9rd#0] ^denne<det><dem><un><pl><aa>$ ^menneske<n><nt><pl><ind><aa>$
[/EDhUbFODK9rd]
[EKMlxBtNY419#0] ^Boken/bok<n><m><sg><def><Aa>$ ^leses/lese<vblex><pres><pasv><aa>$ ^heller/heller<adv><aa>$ ^ofte/ofte<adv><aa>$^./.<sent><clb><aa>$
[/EKMlxBtNY419]
[Eq97yUWmtmOb#0] ^den<det><dem><m><sg><aa>$ ^Haag<np><cog><Aa>$
[/Eq97yUWmtmOb]
[Er4r_UMzEoHI#0] ^skulle<vblex><pres><Aa>$ ^nå<vblex><inf><aa>$ ^ungdom<n><m><sg><def><aa>$
[/Er4r_UMzEoHI]
[F2wP232CVZym#0] ^sette<vblex><pret><Aa>$ ^ny<adj><sint><pst><mf><sg><ind><aa>$ ^rekord<n><m><sg><ind><aa>$
[/F2wP232CVZym]
[FRO1amQK7LV8#0] ^mange<det><qnt><un><pl><aa>$ ^kg<n><acr><aa>$
[/FRO1amQK7LV8]
[FVQC9LygELlF#0] ^en<det><qnt><m><sg><aa>$ ^uavhengig<adj><pst><mf><sg><ind><aa>$ ^Sjurson<np><cog><gen><Aa>$
[/FVQC9LygELlF]
[G2C4Khtt9brt#0] ^jeg<prn><pers><p1><mf><sg><nom><Aa>$ ^slå<vblex><pret><aa>$ ^jeg<prn><pers><p1><mf><sg><acc><aa>$
[/G2C4Khtt9brt]
[Gbe9NWOGXSis#0] ^han<prn><pers><p3><m><sg><nom><Aa>$ ^spise<vblex><pres><aa>$ ^hans<det><pos><m><sg><aa>$ ^mat<n><m><sg><ind><aa>$
[/Gbe9NWOGXSis]
[HWgwpyjJKTaX#0] ^to<det><qnt><un><pl><aa>$ ^hakke<vblex><pret><aa>$ ^mat<n><m><sg><ind><aa>$
[/HWgwpyjJKTaX]
[H_iCNIKmCWD4#0] ^fire<det><qnt><un><pl><aa>$ ^rød<adj><sint><pst><nt><sg><ind><aa>$ ^parti<n><nt><sg><ind><gen><aa>$
[/H_iCNIKmCWD4]
[HoLEiZeICLBG#0] ^den<det><dem><m><sg><aa>$ ^gammel<adj><sint><pst><un><sp><def><aa>$^.<sent><clb><aa>$
[/HoLEiZeICLBG]
[I4qQz6hXvkKo#0] ^liten<adj><sint><pst><nt><sg><ind><aa>$ ^menneske<n><nt><sg><ind><aa>$
[/I4qQz6hXvkKo]
[Ire3VQpNxw7Z#0] ^og<cnjcoo><clb><aa>$ ^den<det><dem><un><pl><aa>$ ^grunnleggende<adj><pst><un><pl><ind><aa>$ ^frihet<n><f><pl><ind><aa>$
[/Ire3VQpNxw7Z]
[JDst-225Sb_a#0] ^den<prn><pers><p3><nt><sg><acc><Aa>$ ^ha<vblex><pres><aa>$ ^iallfall<adv><aa>$ ^jeg<prn><pers><p1><mf><sg><nom><aa>$ ^tro<n><f><sg><ind><aa>$ ^på<pr><aa>$^.<sent><clb><aa>$
[/JDst-225Sb_a]
[JRb-L4tMQ52d#0] ^Boken/bok<n><m><sg><def><Aa>$ ^må/måtte<vblex><pres><aa>$ ^ikke/ikke<adv><aa>$ ^leses/lese<vblex><inf><pasv><aa>$^./.<sent><clb><aa>$
[/JRb-L4tMQ52d]
[JU-F66F-5fSk#0] ^funn<n><nt><sg><def><Aa>$ ^ved<pr><aa>$ ^god<adj><sint><pst><nt><sg><ind><aa>$ ^mot<pr><aa>$ ^bli<vblex><pret><aa>$ ^barn<n><nt><pl><def><aa>$^.<sent><clb><aa>$
[/JU-F66F-5fSk]
[JgAWd7-Dc1Ef#0] ^mange<adj><sint><comp><un><sp><aa>$ ^åpen<adj><sint><pst><un><pl><ind><aa>$ ^dør<n><f><pl><ind><aa>$
[/JgAWd7-Dc1Ef]
[Jva0NhSF_1Xw#0] ^mann<n><m><sg><def><Aa>$ ^i<pr><aa>$ ^gate<n><f><sg><def><aa>$ ^sin<det><pos><m><sg><aa>$ ^mening<n><m><sg><ind><aa>$
[/Jva0NhSF_1Xw]
[KIyMoLXPOA2V#0] ^*asdlj$ ^sin<det><pos><m><sg><aa>$ ^ting<n><m><sg><ind><aa>$
[/KIyMoLXPOA2V]
[KTMQr4AvKA8f#0] ^skulle<vblex><pres><Aa>$ ^nå<adv><aa>$ ^ungdom<n><m><sg><def><aa>$ ^denne<det><dem><nt><sg><aa>$^?<sent><clb><aa>$
[/KTMQr4AvKA8f]
[KmsrzQAjYxQN#0] ^den<det><dem><m><sg><aa>$ ^sort<adj><sint><pst><un><sp><def><aa>$ ^katt<n><m><sg><def><aa>$ ^min<det><pos><m><sg><aa>$
[/KmsrzQAjYxQN]
[LCw-8azdw9DN#0] ^den<det><dem><un><pl><aa>$ ^viktig<adj><sint><pst><un><pl><ind><aa>$ ^menneske<n><nt><pl><ind><aa>$
[/LCw-8azdw9DN]
[LEAeuYcJ5bdp#0] ^nabo<n><m><sg><def><gen><Aa>$ ^katt<n><m><sg><ind><gen><aa>$ ^gammel<adj><sint><pst><un><sp><def><aa>$ ^snute<n><f><sg><ind><aa>$^.<sent><clb><aa>$
[/LEAeuYcJ5bdp]
[LFEKVTF6rmqs#0] ^den<det><dem><m><sg><aa>$ ^åpen<adj><sint><pst><un><sp><def><aa>$ ^dør<n><m><sg><def><aa>$
[/LFEKVTF6rmqs]
[LlFdaF1j5GXG#0] ^de fleste<det><qnt><un><pl><Aa>$ ^vite<vblex><pres><aa>$ ^ikke<adv><aa>$ ^hvor<adv><aa>$ ^pen<adj><sint><pst><un><pl><ind><aa>$ ^de<prn><pers><p3><un><pl><nom><aa>$ ^være<vblex><pres><aa>$
[/LlFdaF1j5GXG]
[LnWfArYaRHgg#0] ^denne<det><dem><m><sg><aa>$ ^mulighet<n><m><sg><def><aa>$
[/LnWfArYaRHgg]
[LsuoG1Jx3vst#0] ^den<prn><pers><p3><nt><sg><acc><aa>$ ^påberope<vblex><pres><pasv><aa>$ ^ikke<adv><aa>$ ^og<cnjcoo><clb><aa>$ ^man<prn><pers><p3><un><sg><nom><aa>$ ^forkjøpe<vblex><pres><aa>$ ^aldri<adv><aa>$^,<cm><clb><aa>$ ^man<prn><pers><p3><un><sg><nom><aa>$ ^anbefale<vblex><pres><aa>$ ^heller<adv><aa>$ ^ofte<adv><aa>$ ^denne<det><dem><nt><sg><aa>$
[/LsuoG1Jx3vst]
[LyXF7Bs81dud#0] ^viktig<adj><sint><pst><un><pl><ind><aa>$ ^menneske<n><nt><pl><ind><aa>$
[/LyXF7Bs81dud]
[MNv6ijpPULtT#0] ^en<det><qnt><nt><sg><Aa>$ ^barn<n><nt><sg><ind><aa>$ ^være<vblex><pres><aa>$ ^stort<adv><aa>$
[/MNv6ijpPULtT]
[MdbG6zRrCwdM#0] ^min<det><pos><m><sg><Aa>$ ^sort<adj><sint><pst><un><sp><def><aa>$ ^katt<n><m><sg><ind><aa>$
[/MdbG6zRrCwdM]
[Mklrc1c1k3y_#0] ^forelder<n><m><pl><def><Aa>$ ^min<det><pos><un><pl><aa>$ ^være<vblex><pres><aa>$ ^skille<adj><pp><pl><aa>$
[/Mklrc1c1k3y_]
[N8pjUc4q9WlC#0] ^en<det><qnt><m><sg><aa>$ ^mange<adj><sint><pst><un><pl><ind><aa>$
[/N8pjUc4q9WlC]
[NFZG-R0LWJry#0] ^Jeg/jeg<prn><pers><p1><mf><sg><nom><Aa>$ ^snakket/snakke<vblex><pret><aa>$ ^med/med<pr><aa>$ ^ham/han<prn><pers><p3><m><sg><acc><aa>$ ^i går/i går<adv><aa>$^./.<sent><clb><aa>$
[/NFZG-R0LWJry]
[NWqg9nQLdyal#0] ^avis<n><m><sg><def><gen><Aa>$ ^side<n><f><pl><ind><aa>$
[/NWqg9nQLdyal]
[NhJn8GJ6o0vt#0] ^min<det><pos><m><sg><Aa>$ ^måte<n><m><sg><ind><aa>$ ^å<part><aa>$ ^sykle<vblex><inf><aa>$
[/NhJn8GJ6o0vt]
[OFDu57PBdL-K#0] ^egen<det><emph><nt><sg><aa>$ ^hus<n><nt><sg><ind><aa>$
[/OFDu57PBdL-K]
[ON_ppdu_PlUJ#0] ^min<det><pos><un><pl><Aa>$ ^forelder<n><m><pl><ind><aa>$ ^være<vblex><pres><aa>$ ^skille<adj><pp><pl><aa>$
[/ON_ppdu_PlUJ]
[O_DLoiU5_MTg#0] ^ku<n><m><pl><def><Aa>$ ^skulle<vblex><pres><aa>$ ^melke<vblex><inf><pasv><aa>$^.<sent><clb><aa>$
[/O_DLoiU5_MTg]
[Of1XQ5XGTsT1#0] ^falle<vblex><pret><Aa>$ ^i<pr><aa>$ ^elv<n><f><sg><def><aa>$
[/Of1XQ5XGTsT1]
[OlpxkuySKY7p#0] ^Byens<np><cgguess><Aa>$ ^katt<n><m><pl><ind><aa>$
[/OlpxkuySKY7p]
[PSGsAwuJMlDn#0] ^jeg<prn><pers><p1><mf><sg><nom><Aa>$ ^ha<vblex><pret><aa>$ ^ikke<adv><aa>$ ^noe<det><qnt><un><neg><pl><aa>$ ^god<adj><sint><pst><un><pl><ind><aa>$ ^poeng<n><nt><pl><ind><aa>$ ^der<adv><aa>$^.<sent><clb><aa>$
[/PSGsAwuJMlDn]
[PZ3V_7pvhxvh#0] ^vi<prn><pers><p1><un><pl><nom><Aa>$ ^sette# i gang<vblex><pres><aa>$ ^arbeid<n><nt><sg><def><aa>$
[/PZ3V_7pvhxvh]
[PZLWLgWYt1Rl#0] ^hun<prn><pers><p3><f><sg><nom><aa>$ ^spise<vblex><pret><aa>$ ^en<det><qnt><f><sg><aa>$^.<sent><clb><aa>$
[/PZLWLgWYt1Rl]
[PfqARh6aMw9Z#0] ^den<det><dem><m><sg><AA>$ ^norsk<adj><sint><pst><un><sp><def><AA>$ ^regjering<n><m><sg><ind><AA>$
[/PfqARh6aMw9Z]
[Pnur5qdClOaH#0] ^av<pr><Aa>$ ^denne<det><dem><un><pl><aa>$ ^skulle<vblex><pres><aa>$ ^50<det><qnt><un><pl><aa>$ ^legge<vblex><pres><pasv><aa>$ ^ned<pr><aa>$
[/Pnur5qdClOaH]
[Q1yOFz0X_xdr#0] ^han<prn><pers><p3><m><sg><nom><aa>$ ^gjenta<vblex><pret><aa>$ ^at<cnjsub><aa>$ ^han<prn><pers><p3><m><sg><nom><aa>$ ^ikke<adv><aa>$ ^anbefale<vblex><pret><aa>$ ^hvor<adv><aa>$ ^høy<adj><sint><pst><mf><sg><ind><aa>$ ^fart<n><m><sg><def><aa>$ ^skulle<vblex><pret><aa>$ ^være<vblex><inf><aa>$^.<sent><clb><aa>$
[/Q1yOFz0X_xdr]
[Q9s_YPpEzywW#0] ^hvilken<det><itg><un><pl><aa>$ ^bil<n><m><pl><ind><aa>$
[/Q9s_YPpEzywW]
[QbnzFA2fYci1#0] ^jeg<prn><pers><p1><mf><sg><nom><Aa>$
[/QbnzFA2fYci1]
[QoqAYoeTbT1e#0] ^liten<adj><sint><pst><mf><sg><ind><aa>$ ^ca<n><acr><aa>$
[/QoqAYoeTbT1e]
[R2_7KPDSHZw1#0] ^hvor<adv><Aa>$ ^langt<adv><aa>$ ^skulle<vblex><pres><aa>$ ^du<prn><pers><p2><mf><sg><nom><aa>$ ^gå<vblex><inf><aa>$^?<sent><clb><aa>$
[/R2_7KPDSHZw1]
[RBMVUNMSs4QM#0] ^hva<adv><Aa>$ ^gjøre<vblex><pres><aa>$ ^De<np><cog><Aa>$^?<sent><clb><aa>$
[/RBMVUNMSs4QM]
[S2ujI04kv-kK#0] ^nabo<n><m><sg><def><gen><Aa>$ ^måte<n><m><sg><ind><aa>$ ^å<part><aa>$ ^sykle<vblex><inf><aa>$
[/S2ujI04kv-kK]
[SS93UNlF_tCJ#0] ^hvor<adv><Aa>$ ^stor<adj><sint><pst><mf><sg><ind><aa>$ ^være<vblex><pres><aa>$ ^du<prn><pers><p2><mf><sg><nom><aa>$^?<sent><clb><aa>$
[/SS93UNlF_tCJ]
[SeEGZ2Fg-r16#0] ^min<det><pos><m><sg><Aa>$ ^sort<adj><sint><pst><un><sp><def><aa>$ ^bok<n><f><sg><ind><aa>$
[/SeEGZ2Fg-r16]
[TBEw6lCdntxu#0] ^se<vblex><imp><Aa>$^,<cm><aa>$ ^så<adv><aa>$ ^søte<vblex><inf><aa>$
[/TBEw6lCdntxu]
[TpKmQm662jbH#0] ^min<det><pos><m><sg><Aa>$ ^katt<n><m><sg><ind><gen><aa>$ ^snute<n><f><sg><ind><aa>$
[/TpKmQm662jbH]
[U5FEP4_-z4TP#0] ^den<det><dem><m><sg><aa>$ ^ny<adj><sint><pst><un><sp><def><aa>$ ^Lamaen<np><cgguess><gen><Aa>$ ^bil<n><m><sg><ind><aa>$
[/U5FEP4_-z4TP]
[USVnFlpl2ZpI#0] ^jeg<prn><pers><p1><mf><sg><nom><Aa>$ ^hvile<vblex><pres><aa>$
[/USVnFlpl2ZpI]
[Ud3zOo872BV8#0] ^en<det><qnt><nt><sg><aa>$ ^liten<adj><sint><pst><nt><sg><ind><aa>$ ^hus<n><nt><sg><ind><aa>$^.<sent><clb><aa>$
[/Ud3zOo872BV8]
[UhnkAdR9yXQw#0] ^liten<adj><sint><pst><un><sp><def><aa>$ ^menneske<n><nt><sg><ind><aa>$
[/UhnkAdR9yXQw]
[V-kBOVABbffC#0] ^jeg<prn><pers><p1><mf><sg><nom><Aa>$ ^ha<vblex><pret><aa>$ ^spise<vblex><pp><aa>$ ^mat<n><m><sg><def><aa>$
[/V-kBOVABbffC]
[V2EDFiNTTVpe#0] ^en<det><qnt><m><sg><aa>$ ^bla.<adv><aa>$
[/V2EDFiNTTVpe]
[V5JcKZYA2VWe#0] ^jeg<prn><pers><p1><mf><sg><nom><Aa>$ ^spise<vblex><pret><aa>$ ^mat<n><m><sg><def><aa>$
[/V5JcKZYA2VWe]
[VN_K8veu-6Ga#0] ^hun<prn><pers><p3><f><sg><nom><Aa>$ ^ta<vblex><pret><aa>$ ^seg<prn><ref><p3><un><sp><acc><aa>$ ^så nær<adv><aa>$ ^av<pr><aa>$ ^den<det><dem><nt><sg><aa>$
[/VN_K8veu-6Ga]
[ViZ0edJ5o6wn#0] ^en<det><qnt><m><sg><Aa>$ ^liten<adj><sint><pst><mf><sg><ind><aa>$ ^katt<n><m><sg><ind><gen><aa>$ ^snute<n><f><sg><ind><aa>$^.<sent><clb><aa>$
[/ViZ0edJ5o6wn]
[Vo2q3NRtQCxs#0] ^dets<det><pos><m><sg><Aa>$ ^måte<n><m><sg><ind><aa>$ ^å<part><aa>$ ^sykle<vblex><inf><aa>$
[/Vo2q3NRtQCxs]
[VpHYd_cwshPw#0] ^all<det><qnt><m><sg><aa>$ ^sivil<n><mf><sp><aa>$
[/VpHYd_cwshPw]
[W8VlMXfkaoEz#0] ^den<det><dem><m><sg><aa>$ ^stor<adj><sint><pst><un><sp><def><aa>$ ^bil<n><m><sg><def><aa>$
[/W8VlMXfkaoEz]
[WpPckupiggSt#0] ^en<det><qnt><f><sg><aa>$ ^åpen<adj><sint><pst><mf><sg><ind><aa>$ ^dø<vblex><pres><aa>$
[/WpPckupiggSt]
[WtLMLhlq8Ss1#0] ^Midt-Norge<np><top><AA>$^.<sent><clb><aa>$ ^Midt-Norge<np><top><Aa>$^.<sent><clb><aa>$
[/WtLMLhlq8Ss1]
[WuTl1Llg2sms#0] ^ku<n><m><pl><def><Aa>$ ^melke<vblex><pres><pasv><aa>$ ^tomme<n><m><sg><ind><aa>$^.<sent><clb><aa>$
[/WuTl1Llg2sms]
[Wvq_VdiyabBm#0] ^hun<prn><pers><p3><f><sg><nom><Aa>$ ^planlegge<vblex><pres><aa>$ ^å<part><aa>$ ^sette# i gang<vblex><inf><aa>$ ^arbeid<n><nt><sg><def><aa>$
[/Wvq_VdiyabBm]
[X5yyEOtGN8Sr#0] ^men<cnjcoo><clb><aa>$ ^si<vblex><pres><aa>$ ^de<prn><pers><p3><un><pl><nom><aa>$ ^ville<vblex><pres><aa>$ ^vente<vblex><inf><aa>$
[/X5yyEOtGN8Sr]
[X7ioKwyoxTn6#0] ^NRK<np><org><AA>$ ^Troms<np><cog><Aa>$ ^og<cnjcoo><aa>$ ^Finnmark<np><top><Aa>$
[/X7ioKwyoxTn6]
[XLM5UluVoPbo#0] ^en<det><qnt><m><sg><aa>$ ^fin<adj><sint><pst><mf><sg><ind><aa>$ ^viktig<adj><sint><pst><mf><sg><ind><aa>$ ^dag<n><m><sg><ind><aa>$
[/XLM5UluVoPbo]
[XMz7T4KLDxT7#0] ^til<pr><aa>$ ^antatt<adv><aa>$ ^bil<n><m><sg><ind><gen><aa>$
[/XMz7T4KLDxT7]
[XvohgPGjNEws#0] ^en<det><qnt><m><sg><aa>$ ^anta<adj><pp><mf><sg><ind><aa>$ ^bil<n><m><sg><ind><gen><aa>$
[/XvohgPGjNEws]
[YOXIdfukTRtm#0] ^den<det><dem><un><pl><Aa>$ ^stor<adj><sint><pst><un><sp><def><aa>$ ^barn<n><nt><pl><def><aa>$
[/YOXIdfukTRtm]
[YSpkdV6xMNXZ#0] ^den<det><dem><m><sg><Aa>$ ^høy<adj><sint><pst><un><sp><def><aa>$ ^kvinne<n><m><sg><def><aa>$
[/YSpkdV6xMNXZ]
[Z8qor3g_KwkF#0] ^han<prn><pers><p3><m><sg><nom><Aa>$ ^slå<vblex><pres><aa>$ ^seg<prn><ref><p3><un><sp><acc><aa>$
[/Z8qor3g_KwkF]
[ZSO2IQM2CtlG#0] ^barn<n><nt><pl><def><Aa>$ ^bli<vblex><pret><aa>$ ^finne<vblex><pp><aa>$ ^ved<pr><aa>$ ^god<adj><sint><pst><nt><sg><ind><aa>$ ^mot<pr><aa>$^.<sent><clb><aa>$
[/ZSO2IQM2CtlG]
[ZbkgIrPx1bFJ#0] ^en<det><qnt><nt><sg><aa>$ ^barn<n><nt><sg><ind><aa>$
[/ZbkgIrPx1bFJ]
[_3ZGYyppqG4M#0] ^en<det><qnt><nt><sg><aa>$ ^åpen<adj><sint><pst><nt><sg><ind><aa>$ ^hus<n><nt><sg><ind><aa>$
[/_3ZGYyppqG4M]
[_CO03dZWYv8w#0] ^lese<vblex><imp><Aa>$ ^også<adv><aa>$^:<sent><clb><aa>$
[/_CO03dZWYv8w]
[_F7CNxhv0Ziy#0] ^min<det><pos><m><sg><Aa>$ ^sort<adj><sint><pst><un><sp><def><aa>$ ^katt<n><m><sg><ind><gen><aa>$ ^snute<n><f><sg><ind><aa>$
[/_F7CNxhv0Ziy]
[_OXzjDTNFfYA#0] ^en<det><qnt><f><sg><aa>$ ^liten<adj><sint><pst><f><sg><ind><aa>$ ^bok<n><f><sg><ind><aa>$^.<sent><clb><aa>$
[/_OXzjDTNFfYA]
[aCruGuAVqDc8#0] ^god<adj><sint><comp><un><sp><aa>$ ^lønn<n><m><sg><ind><gen><aa>$
[/aCruGuAVqDc8]
[ahSjmMsXgIFD#0] ^her<adv><Aa>$ ^finnes<vblex><pstv><pres><aa>$ ^mange<det><qnt><un><pl><aa>$ ^mange<adj><sint><comp><un><sp><aa>$ ^rød<adj><sint><pst><un><pl><ind><aa>$ ^bilde<n><nt><pl><ind><aa>$
[/ahSjmMsXgIFD]
[amMxM081oJvR#0] ^nabo<n><m><sg><def><gen><Aa>$ ^katt<n><m><sg><ind><gen><aa>$ ^snute<n><f><sg><ind><aa>$
[/amMxM081oJvR]
[ammyw3TUaPCd#0] ^min<det><pos><un><pl><Aa>$ ^sort<adj><sint><pst><un><pl><ind><aa>$ ^katte<n><f><pl><ind><aa>$
[/ammyw3TUaPCd]
[b3pM5nJQHRGK#0] ^Boken/bok<n><m><sg><def><Aa>$ ^må/måtte<vblex><pres><aa>$ ^leses/lese<vblex><inf><pasv><aa>$^./.<sent><clb><aa>$
[/b3pM5nJQHRGK]
[b3rdbJ3jd2i-#0] ^ha<vblex><pres><Aa>$ ^du<prn><pers><p2><mf><sg><nom><aa>$ ^se<vblex><pp><aa>$ ^noe<det><qnt><un><neg><pl><aa>$ ^student<n><m><pl><ind><aa>$ ^i dag<adv><aa>$^?<sent><clb><aa>$
[/b3rdbJ3jd2i-]
[b8-sSQ9R4l85#0] ^Boken/bok<n><m><sg><def><Aa>$ ^ble/bli<vblex><pret><aa>$ ^lest/lese<adj><pp><mf><sg><ind><aa>$^./.<sent><clb><aa>$
[/b8-sSQ9R4l85]
[biR2TPU_R0ia#0] ^verd<n><m><sg><def><gen><Aa>$ ^rask<adj><sint><sup><un><sp><def><aa>$ ^17-åring<n><m><sg><ind><aa>$
[/biR2TPU_R0ia]
[byYUxjx2Ukbl#0] ^jeg<prn><pers><p1><mf><sg><nom><Aa>$ ^sykle<vblex><pret><aa>$
[/byYUxjx2Ukbl]
[cAoWvukuEaCn#0] ^den<det><dem><m><sg><Aa>$ ^norsk<adj><sint><pst><un><sp><def><aa>$ ^regjering<n><m><sg><ind><aa>$
[/cAoWvukuEaCn]
[cCexYSdz52rv#0] ^hvilken<det><itg><m><sg><Aa>$ ^katt<n><m><sg><ind><gen><aa>$ ^snute<n><f><sg><ind><aa>$^?<sent><clb><aa>$
[/cCexYSdz52rv]
[cJcUxzpYqnJY#0] ^jeg<prn><pers><p1><mf><sg><nom><AA>$^.<sent><clb><aa>$ ^jeg<prn><pers><p1><mf><sg><nom><Aa>$^.<sent><clb><aa>$ ^jeg<prn><pers><p1><mf><sg><nom><aa>$^.<sent><clb><aa>$ ^jeg<prn><pers><p1><mf><sg><nom><Aa>$^.<sent><clb><aa>$ ^jeg<prn><pers><p1><mf><sg><nom><aa>$^.<sent><clb><aa>$
[/cJcUxzpYqnJY]
[ce6qVTzIwCoO#0] ^den<prn><pers><p3><nt><sg><nom><Aa>$ ^måtte<vblex><pret><aa>$ ^være<vblex><inf><aa>$ ^slik<adv><aa>$ ^bukk<n><m><pl><def><aa>$ ^se<vblex><pret><aa>$ ^ut<pr><aa>$ ^på<pr><aa>$ ^dommedag<n><m><sg><ind><aa>$
[/ce6qVTzIwCoO]
[cr_BZ81h4diK#0] ^nabo<n><m><sg><def><gen><Aa>$ ^bil<n><m><sg><ind><aa>$
[/cr_BZ81h4diK]
[d6LKbHmiGCtu#0] ^en<det><qnt><m><sg><aa>$ ^hel<adj><sint><pst><nt><sg><ind><aa>$ ^åpen<adj><sint><pst><mf><sg><ind><aa>$ ^dø<vblex><pres><aa>$
[/d6LKbHmiGCtu]
[dZEwWj1nquGV#0] ^vår<det><pos><m><sg><Aa>$ ^måte<n><m><sg><ind><aa>$ ^å<part><aa>$ ^sykle<vblex><inf><aa>$
[/dZEwWj1nquGV]
[daELAlAubBcr#0] ^hvilken<det><itg><m><sg><aa>$ ^kvinne<n><m><sg><ind><aa>$
[/daELAlAubBcr]
[dgiSiFLvBBUK#0] ^sette<vblex><pret><Aa>$ ^ny<adj><sint><pst><mf><sg><ind><aa>$ ^rekord<n><m><sg><ind><aa>$ ^med<pr><aa>$ ^tall<n><nt><sg><def><aa>$ ^pi<n><m><sg><ind><aa>$
[/dgiSiFLvBBUK]
[dhQgN8mdS9cm#0] ^bcg-vaksine<n><m><sg><def><gen><Aa>$ ^virkning<n><m><sg><ind><aa>$^.<sent><clb><aa>$
[/dhQgN8mdS9cm]
[diWAS-eJvoSq#0] ^jeg<prn><pers><p1><mf><sg><nom><Aa>$ ^ha<vblex><pres><aa>$ ^hvile<vblex><pp><aa>$
[/diWAS-eJvoSq]
[dnISLXcSAUIp#0] ^melke<vblex><inf><pasv><Aa>$ ^skulle<vblex><pres><aa>$ ^de<prn><pers><p3><un><pl><nom><aa>$^.<sent><clb><aa>$
[/dnISLXcSAUIp]
[e5vQiXS1IDr1#0] ^en<det><qnt><m><sg><Aa>$ ^sort<adj><sint><pst><mf><sg><ind><aa>$ ^katt<n><m><sg><ind><gen><aa>$ ^snute<n><f><sg><ind><aa>$^.<sent><clb><aa>$
[/e5vQiXS1IDr1]
[eT6kNkBxBroI#0] ^den<det><dem><m><sg><aa>$ ^forrige<det><dem><m><sp><def><aa>$ ^Lamaen<np><cgguess><gen><Aa>$ ^bil<n><m><sg><ind><aa>$
[/eT6kNkBxBroI]
[eh4coPqTg3-s#0] ^en<det><qnt><m><sg><aa>$ ^forbudt<adj><pst><mf><sg><ind><aa>$ ^bok<n><f><sg><ind><aa>$
[/eh4coPqTg3-s]
[ehB-FcOUf5KJ#0] ^katt<n><m><sg><def><Aa>$ ^sitte<vblex><pret><aa>$ ^der<adv><aa>$^,<cm><aa>$ ^mens<cnjsub><aa>$ ^jeg<prn><pers><p1><mf><sg><nom><aa>$ ^sitte<vblex><pret><aa>$ ^her<adv><aa>$
[/ehB-FcOUf5KJ]
[erHCknBCwSZg#0] ^god<adj><sint><pst><mf><sg><ind><aa>$ ^lønn<n><m><sg><ind><gen><aa>$
[/erHCknBCwSZg]
[f-LEVpE8Ui2D#0] ^en<det><qnt><m><sg><Aa>$ ^kvinne<n><m><sg><ind><aa>$ ^være<vblex><pres><aa>$ ^høy<adj><sint><pst><mf><sg><ind><aa>$
[/f-LEVpE8Ui2D]
[fK8h-5Wn_fJP#0] ^du<prn><pers><p2><mf><sg><nom><Aa>$ ^slå<vblex><pret><aa>$ ^du<prn><pers><p2><mf><sg><acc><aa>$
[/fK8h-5Wn_fJP]
[fXrzKs1n7Qoc#0] ^jeg<prn><pers><p1><mf><sg><nom><Aa>$ ^ha<vblex><pres><aa>$ ^spise<vblex><pp><aa>$ ^mat<n><m><sg><def><aa>$
[/fXrzKs1n7Qoc]
[g3yAuJZycdfR#0] ^den<det><dem><m><sg><aa>$ ^gammel<adj><sint><pst><un><sp><def><aa>$ ^liten<adj><sint><pst><un><sp><def><aa>$ ^bil<n><m><sg><def><aa>$^.<sent><clb><aa>$
[/g3yAuJZycdfR]
[gCGu0t_UWzPR#0] ^han<prn><pers><p3><m><sg><nom><Aa>$ ^se<vblex><pres><aa>$ ^på<pr><aa>$ ^karpe<n><m><sg><def><aa>$ ^og<cnjcoo><clb><aa>$ ^like<vblex><pres><aa>$ ^dens<det><pos><m><sg><aa>$ ^måte<n><m><sg><ind><aa>$ ^å<part><aa>$ ^sykle<vblex><inf><aa>$ ^på<pr><aa>$
[/gCGu0t_UWzPR]
[gOhMu02_zQBJ#0] ^hjemme<adv><Aa>$^,<cm><aa>$ ^hvor<cnjsub><aa>$ ^du<prn><pers><p2><mf><sg><nom><aa>$ ^være<vblex><pres><aa>$^,<cm><clb><aa>$ ^ville<vblex><pres><aa>$ ^jeg<prn><pers><p1><mf><sg><nom><aa>$ ^være<vblex><inf><aa>$^.<sent><clb><aa>$
[/gOhMu02_zQBJ]
[geFAqAdA2uMX#0] ^Boken/bok<n><m><sg><def><Aa>$ ^leses/lese<vblex><pres><pasv><aa>$ ^ikke/ikke<adv><aa>$^./.<sent><clb><aa>$
[/geFAqAdA2uMX]
[hDJASc0vCwhH#0] ^en<det><qnt><nt><sg><aa>$ ^hel<adj><sint><pst><nt><sg><ind><aa>$ ^sort<adj><sint><pst><nt><sg><ind><aa>$ ^hus<n><nt><sg><ind><aa>$
[/hDJASc0vCwhH]
[h_XJTxdEpujM#0] ^hvor<adv><aa>$ ^høy<adj><sint><pst><mf><sg><ind><aa>$ ^fart<n><m><sg><def><aa>$ ^være<vblex><pret><aa>$^.<sent><clb><aa>$
[/h_XJTxdEpujM]
[hiBwPin3EyYF#0] ^han<prn><pers><p3><m><sg><nom><Aa>$ ^slå<vblex><pres><aa>$ ^han<prn><pers><p3><m><sg><acc><aa>$
[/hiBwPin3EyYF]
[iI0eg-YfNc1x#0] ^sjekke<vblex><imp><Aa>$ ^vær<n><nt><sg><def><aa>$ ^der<cnjsub><aa>$ ^du<prn><pers><p2><mf><sg><nom><aa>$ ^bo<vblex><pres><aa>$
[/iI0eg-YfNc1x]
[iS3MJWcuGgUi#0] ^kaffe<n><m><sg><ind><cmp>+ytelse<n><m><sg><def><gen><aa>$ ^gammel<adj><sint><pst><un><sp><def><aa>$ ^lukte<adj><pprs><aa>$ ^hastighet<n><m><sg><ind><cmp>+kake<n><m><sg><ind><aa>$ ^ødelegge<vblex><pres><pasv><aa>$ ^av<pr><aa>$ ^rød<adj><sint><pst><mf><sg><ind><aa>$ ^karaffel<n><m><sg><ind><cmp>+kjærlighet<n><m><sg><ind><aa>$
[/iS3MJWcuGgUi]
[iWBqbkCEqNnR#0] ^en<det><qnt><m><sg><Aa>$ ^sort<adj><sint><pst><mf><sg><ind><aa>$ ^katt<n><m><sg><ind><aa>$
[/iWBqbkCEqNnR]
[jMeuyYzqrcvB#0] ^hver<det><qnt><m><sg><aa>$ ^en<det><qnt><m><sg><aa>$ ^Lama<np><cgguess><gen><Aa>$ ^bil<n><m><sg><ind><aa>$
[/jMeuyYzqrcvB]
[jzUY7_gzKTXQ#0] ^selv om<cnjsub><Aa>$ ^den<det><dem><nt><sg><aa>$ ^dag<n><m><sg><def><aa>$ ^etter<pr><aa>$ ^valg<n><nt><sg><def><aa>$ ^herske<vblex><pres><aa>$ ^politisk<adj><pst><nt><sg><ind><aa>$ ^kaos<n><nt><sg><ind><aa>$ ^i<pr><aa>$ ^land<n><nt><sg><def><aa>$
[/jzUY7_gzKTXQ]
[k38kvEs42DmU#0] ^kvinne<n><m><sg><def><Aa>$ ^være<vblex><pres><aa>$ ^høy<adj><sint><pst><mf><sg><ind><aa>$
[/k38kvEs42DmU]
[kYJsscrPNv2h#0] ^den<prn><pers><p3><nt><sg><nom><Aa>$ ^være<vblex><pret><aa>$ ^en<det><qnt><m><sg><aa>$ ^gang<n><m><sg><ind><aa>$
[/kYJsscrPNv2h]
[kfu3yKUmvY-q#0] ^skulle<vblex><pres><Aa>$ ^nå<vblex><inf><aa>$ ^ungdom<n><m><sg><def><aa>$^.<sent><clb><aa>$
[/kfu3yKUmvY-q]
[khYU-ZeZ9H2L#0] ^med<pr><aa>$ ^indisk<adj><pst><mf><sg><ind><aa>$ ^IT-<np><cgguess><cmp><guio>+industri<n><m><sg><ind><Aa>$
[/khYU-ZeZ9H2L]
[kt65rxs5mjDf#0] ^Toppen<np><top><gen><Aa>$ ^mange<det><qnt><un><pl><aa>$ ^hund<n><m><pl><ind><aa>$
[/kt65rxs5mjDf]
[l9HmVjknVfnU#0] ^hans<det><pos><m><sg><Aa>$ ^måte<n><m><sg><ind><aa>$ ^å<part><aa>$ ^sykle<vblex><inf><aa>$
[/l9HmVjknVfnU]
[lbhlXrSvk5-N#0] ^en<det><qnt><m><sg><aa>$ ^kvinne<n><m><sg><ind><aa>$
[/lbhlXrSvk5-N]
[lwd4DzNGCTqI#0] ^jeg<prn><pers><p1><mf><sg><nom><Aa>$ ^ville<vblex><pres><aa>$ ^gå<vblex><inf><aa>$ ^en<det><qnt><m><sg><aa>$ ^tur<n><m><sg><ind><aa>$
[/lwd4DzNGCTqI]
[mGbbcbTEbM5C#0] ^ville<vblex><pres><aa>$ ^anmode<vblex><inf><aa>$ ^om<pr><aa>$ ^å<part><aa>$ ^endre<vblex><inf><aa>$ ^deres¹<det><pos><m><sg><Aa>$ ^måte<n><m><sg><ind><aa>$ ^å<part><aa>$ ^sykle<vblex><inf><aa>$
[/mGbbcbTEbM5C]
[m_lAL3VG6xy6#0] ^å<part><aa>$ ^finne<vblex><inf><aa>$ ^noe<det><qnt><m><sg><aa>$ ^han<prn><pers><p3><m><sg><nom><aa>$ ^kunne<vblex><pres><aa>$ ^leke<vblex><inf><aa>$ ^med<adv><aa>$
[/m_lAL3VG6xy6]
[mgONGbB6KQb5#0] ^hvilket<cnjsub><aa>$
[/mgONGbB6KQb5]
[mtpGuTZAj-6i#0] ^grunnlov<n><m><sg><def><gen><aa>$ ^1<det><qnt><un><sg><aa>$ ^ny<adj><sint><pst><un><sp><def><aa>$ ^setning<n><m><sg><ind><aa>$
[/mtpGuTZAj-6i]
[n8SAx1-RdPvX#0] ^en<det><qnt><m><sg><Aa>$ ^katt<n><m><sg><ind><gen><aa>$ ^gammel<adj><sint><pst><un><sp><def><aa>$ ^snute<n><f><sg><ind><aa>$^.<sent><clb><aa>$
[/n8SAx1-RdPvX]
[n958R_MwR1tO#0] ^kvinne<n><m><sg><def><Aa>$ ^se<vblex><pret><aa>$ ^to<det><qnt><un><pl><aa>$ ^måne<n><m><pl><ind><aa>$ ^som<cnjsub><aa>$ ^være<vblex><pret><aa>$ ^ta<adj><pp><pl><aa>$ ^rett<adj><sint><pst><nt><sg><ind><aa>$ ^ut av<pr><aa>$ ^bok<n><m><sg><def><aa>$^.<sent><clb><aa>$
[/n958R_MwR1tO]
[nSeIOcBI_nLG#0] ^Den himmelske freds plass<np><top><Aa>$
[/nSeIOcBI_nLG]
[nicf6rYDpx-9#0] ^hennes<det><pos><m><sg><Aa>$ ^måte<n><m><sg><ind><aa>$ ^å<part><aa>$ ^sykle<vblex><inf><aa>$
[/nicf6rYDpx-9]
[nnV5IWcXElHD#0] ^*asdlj$ ^sin<det><pos><m><sg><aa>$ ^måte<n><m><sg><ind><aa>$ ^å<part><aa>$ ^referere<vblex><inf><aa>$ ^på<pr><aa>$
[/nnV5IWcXElHD]
[nuCjvX23rEZB#0] ^skip<n><nt><sg><def><gen><Aa>$ ^kaptein<n><m><sg><ind><aa>$
[/nuCjvX23rEZB]
[nyb9ZnrA7151#0] ^den<prn><pers><p3><nt><sg><nom><Aa>$ ^være<vblex><pret><aa>$ ^likevel<adv><aa>$ ^far<n><m><pl><def><aa>$ ^barn<n><nt><pl><def><aa>$ ^så<adv><aa>$ ^opp til<pr><aa>$^.<sent><clb><aa>$
[/nyb9ZnrA7151]
[oA8PLwiD7Z6R#0] ^den<prn><pers><p3><nt><sg><nom><Aa>$ ^være<vblex><pres><aa>$ ^ikke<adv><aa>$ ^tillate<vblex><pp><aa>$ ^å<part><aa>$ ^røke<vblex><inf><aa>$ ^her<pr><aa>$
[/oA8PLwiD7Z6R]
[oF51I3vyESAA#0] ^egen<det><emph><m><sg><aa>$ ^bil<n><m><sg><ind><aa>$
[/oF51I3vyESAA]
[on2Zt51jWm6f#0] ^Per<np><ant><m><Aa>$ ^stå<vblex><pret><aa>$ ^på<pr><aa>$ ^stol<n><m><sg><def><aa>$^,<cm><aa>$ ^men<cnjcoo><clb><aa>$ ^den<prn><pers><p3><mf><sg><acc><aa>$ ^knekke<vblex><pret><aa>$^.<sent><clb><aa>$
[/on2Zt51jWm6f]
[p6py3ZlSu2iU#0] ^mann<n><m><sg><def><Aa>$ ^som<cnjsub><aa>$ ^være<vblex><pres><aa>$ ^her<pr><aa>$
[/p6py3ZlSu2iU]
[pBsqrHbBBdlc#0] ^den<det><dem><m><sg><Aa>$ ^sort<adj><sint><pst><un><sp><def><aa>$ ^katt<n><m><sg><def><aa>$
[/pBsqrHbBBdlc]
[p_S83Z5DgKY9#0] ^en<det><qnt><nt><sg><Aa>$ ^stor<adj><sint><pst><nt><sg><ind><aa>$ ^barn<n><nt><sg><ind><aa>$
[/p_S83Z5DgKY9]
[pjX82Ic0WdVb#0] ^han<prn><pers><p3><m><sg><nom><Aa>$ ^slå<vblex><pres><aa>$ ^han<prn><pers><p3><m><sg><acc><aa>$
[/pjX82Ic0WdVb]
[q7jGjzIbrwjx#0] ^din<det><pos><un><pl><aa>$ ^glass<n><nt><pl><ind><aa>$^.<sent><clb><aa>$
[/q7jGjzIbrwjx]
[qDnFzDFhcW8H#0] ^all<det><qnt><nt><sg><Aa>$ ^for<pr><aa>$ ^mange<det><qnt><un><pl><aa>$ ^henge¹<vblex><pres><aa>$ ^seg<prn><ref><p3><un><sp><acc><aa>$ ^så<adv><aa>$ ^opp<adv><aa>$ ^i<pr><aa>$ ^å<part><aa>$ ^rette<vblex><inf><aa>$ ^feil<n><m><sg><ind><aa>$^.<sent><clb><aa>$
[/qDnFzDFhcW8H]
[qMumUsc81-s2#0] ^han<prn><pers><p3><m><sg><nom><Aa>$ ^spise<vblex><pres><aa>$ ^sin<det><pos><m><sg><aa>$ ^mat<n><m><sg><ind><aa>$
[/qMumUsc81-s2]
[qdoNXLLBCqSe#0] ^Barnet<np><top><Aa>$ ^være<vblex><pres><aa>$ ^stort<adv><aa>$
[/qdoNXLLBCqSe]
[r1wrzl_j3Ac5#0] ^da<adv><aa>$ ^bli<vblex><pres><aa>$ ^den<prn><pers><p3><nt><sg><acc><aa>$ ^uansett<pr><aa>$ ^sånn<adv><aa>$^,<cm><aa>$ ^så<cnjcoo><clb><aa>$ ^den<prn><pers><p3><nt><sg><nom><aa>$ ^være<vblex><pres><aa>$ ^ikke<adv><aa>$ ^anbefale<vblex><pp><aa>$
[/r1wrzl_j3Ac5]
[rdqnpWAj0VIM#0] ^hans<det><pos><m><sg><Aa>$ ^sist<adj><sint><sup><un><sp><def><aa>$ ^stor<adj><sint><comp><un><sp><aa>$ ^prosess<n><m><sg><ind><aa>$
[/rdqnpWAj0VIM]
[rp9IGiJH5QJf#0] ^god morgen<ij><Aa>$^,<cm><aa>$ ^Troms<np><cog><Aa>$ ^06.03<det><qnt><un><pl><aa>$
[/rp9IGiJH5QJf]
[rweZKhkoEEFS#0] ^hvilken<det><itg><m><sg><aa>$
[/rweZKhkoEEFS]
[sTKj63VT0pP5#0] ^300<det><qnt><un><pl><aa>$ ^meter<n><m><pl><ind><gen><aa>$ ^dyp<n><nt><sg><ind><aa>$
[/sTKj63VT0pP5]
[sVT3F6myr2U6#0] ^han<prn><pers><p3><m><sg><nom><Aa>$ ^dra<vblex><pret><aa>$ ^avsted<pr><aa>$^,<cm><aa>$ ^først<adv><aa>$ ^Venezuela<np><top><Aa>$ ^og<cnjcoo><aa>$ ^så<adv><aa>$ ^til<pr><aa>$ ^USA<np><top><AA>$
[/sVT3F6myr2U6]
[sY5utqtfsT9v#0] ^en<det><qnt><m><sg><aa>$ ^hel<adj><sint><pst><nt><sg><ind><aa>$ ^svart<adj><sint><pst><mf><sg><ind><aa>$ ^katt<n><m><sg><ind><aa>$
[/sY5utqtfsT9v]
[slKto0RiU5Sl#0] ^barn<n><nt><pl><ind><Aa>$ ^være<vblex><pres><aa>$ ^stor<adj><sint><pst><un><pl><ind><aa>$
[/slKto0RiU5Sl]
[svNiGEM2xLPH#0] ^hele<det><emph><un><sp><def><aa>$ ^dag<n><m><sg><def><gen><aa>$ ^region<n><m><sg><ind><aa>$
[/svNiGEM2xLPH]
[tZUzuaRvRBfw#0] ^Boken/bok<n><m><sg><def><Aa>$ ^ble/bli<vblex><pret><aa>$ ^ofte/ofte<adv><aa>$ ^lest/lese<adj><pp><mf><sg><ind><aa>$^./.<sent><clb><aa>$
[/tZUzuaRvRBfw]
[tbw-XKXIwI15#0] ^en<det><qnt><m><sg><aa>$ ^bok<n><m><sg><ind><aa>$^.<sent><clb><aa>$
[/tbw-XKXIwI15]
[tsJwscJGwWnt#0] ^kaffe<n><m><sg><ind><cmp>+ytelse<n><m><sg><ind><aa>$ ^karaffel<n><m><sg><ind><cmp>+kjærlighet<n><m><sg><ind><aa>$ ^hastighet<n><m><sg><ind><cmp>+kake<n><m><sg><ind><aa>$
[/tsJwscJGwWnt]
[u3ik41hABINo#0] ^en<det><qnt><m><sg><aa>$ ^åpen<adj><sint><pst><mf><sg><ind><aa>$ ^dø<vblex><pres><aa>$
[/u3ik41hABINo]
[uI4h1tKnKKBx#0] ^en<det><qnt><m><sg><aa>$ ^forbudt<adj><pst><mf><sg><ind><aa>$
[/uI4h1tKnKKBx]
[uQIJZASk9rWw#0] ^ved<pr><Aa>$ ^god<adj><sint><pst><nt><sg><ind><aa>$ ^mot<pr><aa>$ ^bli<vblex><pret><aa>$ ^barn<n><nt><pl><def><aa>$ ^finne<vblex><pp><aa>$^.<sent><clb><aa>$
[/uQIJZASk9rWw]
[uR4rsEppClfq#0] ^mange<det><qnt><un><pl><aa>$ ^tvibrent<n><mf><sp><aa>$
[/uR4rsEppClfq]
[uYrBeciSm-xr#0] ^fra<pr><Aa>$ ^Wikipedia<np><org><Aa>$^,<cm><aa>$ ^den<det><dem><m><sg><aa>$ ^fri<adj><sint><pst><un><sp><def><aa>$ ^encyklopedi<n><m><sg><ind><aa>$
[/uYrBeciSm-xr]
[uadwCisqOigh#0] ^vi<prn><pers><p1><un><pl><nom><Aa>$ ^slå<vblex><pret><aa>$ ^vi<prn><pers><p1><un><pl><acc><aa>$
[/uadwCisqOigh]
[v8e4wB4-zA5Z#0] ^hun<prn><pers><p3><f><sg><nom><Aa>$ ^se<vblex><pret><aa>$ ^på<pr><aa>$ ^bord<n><nt><sg><def><aa>$ ^som<cnjsub><aa>$ ^katt<n><m><sg><def><aa>$ ^ligge<vblex><pret><aa>$ ^på<pr><aa>$
[/v8e4wB4-zA5Z]
[vXzRRxIYysQj#0] ^samme<det><dem><nt><sp><def><aa>$ ^år<n><nt><sg><ind><aa>$
[/vXzRRxIYysQj]
[vcajXO9qNSoi#0] ^en<det><qnt><m><sg><aa>$ ^forbudt<adj><pst><mf><sg><ind><aa>$ ^bil<n><m><sg><ind><aa>$
[/vcajXO9qNSoi]
[vjGg46hl7HQ4#0] ^kvinne<n><m><pl><ind><Aa>$ ^være<vblex><pres><aa>$ ^høy<adj><sint><pst><un><pl><ind><aa>$
[/vjGg46hl7HQ4]
[vkyzyBr6BFcX#0] ^den<det><dem><un><pl><aa>$ ^menneske<n><nt><pl><ind><aa>$
[/vkyzyBr6BFcX]
[vnIvBn40JS21#0] ^hun<prn><pers><p3><f><sg><nom><Aa>$ ^bruke<vblex><pres><aa>$ ^selv<det><emph><un><sp><aa>$ ^ord<n><nt><sg><def><aa>$
[/vnIvBn40JS21]
[vrWMkbGkkVZd#0] ^barn<n><nt><pl><def><Aa>$ ^være<vblex><pres><aa>$ ^stor<adj><sint><pst><un><pl><ind><aa>$
[/vrWMkbGkkVZd]
[wGsMJFw4jd-z#0] ^jeg<prn><pers><p1><mf><sg><nom><Aa>$ ^hvile<vblex><pret><aa>$
[/wGsMJFw4jd-z]
[wh4FBrrrCDom#0] ^bcg-vaksine<n><m><sg><def><gen><aa>$ ^virkning<n><m><sg><ind><aa>$^.<sent><clb><aa>$
[/wh4FBrrrCDom]
[wyUnWa5LrdAa#0] ^jente<n><m><sg><def><aa>$ ^min<det><pos><m><sg><aa>$
[/wyUnWa5LrdAa]
[xWjmp_aiYQTd#0] ^forby<vblex><pp><aa>$
[/xWjmp_aiYQTd]
[yXXxO-Os-Oqo#0] ^de<prn><pers><p3><un><pl><nom><Aa>$ ^bli<vblex><pret><aa>$ ^hente<adj><pp><pl><aa>$ ^i<pr><aa>$ ^sin<det><pos><un><pl><aa>$ ^hjem<n><nt><pl><ind><aa>$ ^midt på<pr><aa>$ ^natt<n><m><sg><def><aa>$
[/yXXxO-Os-Oqo]
[ya1chv2U4s-Z#0] ^Boken/bok<n><m><sg><def><Aa>$ ^leses/lese<vblex><pres><pasv><aa>$^./.<sent><clb><aa>$
[/ya1chv2U4s-Z]
[z5zfq6us54E5#0] ^vår<det><pos><m><sg><aa>$ ^liten<adj><sint><pst><mf><sg><ind><aa>$ ^bok<n><f><sg><ind><aa>$
[/z5zfq6us54E5]
[zKrRHAh7FnaW#0] ^hans<det><pos><m><sg><Aa>$ ^katt<n><m><sg><ind><aa>$
[/zKrRHAh7FnaW]
[zXiWhYJ01YMl#0] ^du<prn><pers><p2><mf><sg><nom><Aa>$ ^liten<adj><sint><pst><un><sp><def><aa>$ ^menneske<n><nt><sg><ind><aa>$
[/zXiWhYJ01YMl]
