[0-3E2ZcAjolY#0] ^verdenskjent<adj><pst><nt><sg><ind><Aa>$ ^kalle<vblex><pres><aa>$ ^han<prn><pers><p3><m><sg><acc><aa>$ ^de<prn><pers><p3><un><pl><acc><aa>$^.<sent><clb><aa>$
[/0-3E2ZcAjolY]
[2oIgkf_G1MEg#0] ^båt<n><m><sg><def><Aa>$ ^som<cnjsub><aa>$ ^vi<prn><pers><p1><un><pl><nom><aa>$ ^male<vblex><pres><aa>$ ^lekker<adj><sint><pst><mf><sg><ind><aa>$
[/2oIgkf_G1MEg]
[ANikIYqPU94C#0] ^ledelse<n><m><sg><def><Aa>$ ^like<vblex><pres><aa>$ ^dårlig<adj><sint><pst><nt><sg><ind><aa>$ ^fokus<n><nt><sg><def><aa>$ ^på<pr><aa>$ ^utøver<n><m><pl><ind><aa>$ ^som<pr><aa>$ ^Tommy<np><ant><m><Aa>$ ^Ingebrigtsen<np><cog><Aa>$
[/ANikIYqPU94C]
[AZxnRsPHWX86#0] ^kråke<n><m><pl><def><Aa>$ ^fly<vblex><pret><aa>$ ^skremme<vblex><pp><aa>$ ^bort<adv><aa>$^.<sent><clb><aa>$
[/AZxnRsPHWX86]
[B8TIKzJZDZCu#0] ^forelder<n><m><pl><def><Aa>$ ^min<det><pos><un><pl><aa>$ ^være<vblex><pres><aa>$ ^skille<adj><pp><pl><aa>$
[/B8TIKzJZDZCu]
[BibEwKkY4vAK#0] ^om<pr><Aa>$ ^vinter<n><m><sg><def><aa>$ ^selge<vblex><pres><pasv><aa>$ ^nok<adv><aa>$ ^ku<n><f><pl><def><aa>$^.<sent><clb><aa>$
[/BibEwKkY4vAK]
[BnluB9LAf1JL#0] ^skremme<vblex><pp><Aa>$ ^fly<vblex><pret><aa>$ ^kråke<n><f><pl><def><aa>$ ^bort<pr><aa>$^.<sent><clb><aa>$
[/BnluB9LAf1JL]
[Bu_kX3ZtDT8R#0] ^hun<prn><pers><p3><f><sg><nom><aa>$ ^bekjempe<vblex><pret><aa>$ ^ofte<adj><sint><pst><un><pl><ind><aa>$ ^fiende<n><m><pl><ind><aa>$
[/Bu_kX3ZtDT8R]
[DOF-mkgqCsBR#0] ^vis<n><nt><sg><ind><aa>$ ^hvilken<det><itg><un><pl><aa>$ ^lenke<n><m><pl><ind><aa>$
[/DOF-mkgqCsBR]
[EZwrNUi1hzSQ#0] ^all<det><qnt><un><pl><Aa>$ ^parti<n><nt><pl><ind><aa>$ ^hvis<cnjsub><aa>$ ^leder<n><m><pl><ind><aa>$ ^være<vblex><pres><aa>$ ^representere<adj><pp><pl><aa>$ ^på<pr><aa>$ ^Stortinget<np><org><nt><Aa>$^,<cm><clb><aa>$ ^være<vblex><pres><aa>$ ^mot<pr><aa>$ ^direktiv<n><nt><sg><def><aa>$^.<sent><clb><aa>$
[/EZwrNUi1hzSQ]
[FO_vuYx7FXBk#0] ^Toppen<np><top><gen><Aa>$ ^mange<adj><sint><pst><un><pl><ind><aa>$ ^besøkende<n><m><sg><def><aa>$
[/FO_vuYx7FXBk]
[HHBbu-j6FG0G#0] ^den gang<adv><Aa>$ ^da<cnjsub><aa>$
[/HHBbu-j6FG0G]
[OXMMBMz0vgXy#0] ^hvor<adv><Aa>$ ^bo<vblex><pres><aa>$ ^du<prn><pers><p2><mf><sg><nom><aa>$^?<sent><clb><aa>$
[/OXMMBMz0vgXy]
[OmxzUj8TdLiS#0] ^bcg-vaksine<n><m><sg><ind><Aa>$
[/OmxzUj8TdLiS]
[OzNaWYqbcC_B#0] ^tomme<n><m><sg><ind><Aa>$ ^melke<vblex><pres><pasv><aa>$ ^ku<n><f><pl><def><aa>$^.<sent><clb><aa>$
[/OzNaWYqbcC_B]
[RbWzpjShozou#0] ^denne<det><dem><m><sg><Aa>$ ^kunne<vblex><pres><aa>$ ^lese<vblex><inf><aa>$ ^enhver<det><qnt><nt><sg><aa>$ ^antall<n><nt><sg><ind><aa>$ ^mellomrom<n><nt><sg><ind><aa>$
[/RbWzpjShozou]
[S715ORqwY2O5#0] ^bok<n><m><sg><def><Aa>$ ^hans<det><pos><m><sg><aa>$ ^leste<vblex><pres><pasv><aa>$
[/S715ORqwY2O5]
[Tq52siv1VBx5#0] ^dame<n><m><sg><def><Aa>$^,<cm><aa>$ ^*hvems$ ^hund<n><m><sg><ind><aa>$ ^hete<vblex><pret><aa>$ ^*Bella$^,<cm><clb><aa>$ ^eie<vblex><pret><aa>$ ^en<det><qnt><m><sg><aa>$ ^villa<n><m><sg><ind><aa>$^.<sent><clb><aa>$
[/Tq52siv1VBx5]
[VQpYd6wfbvcE#0] ^den<prn><pers><p3><nt><sg><nom><Aa>$ ^være<vblex><pres><aa>$ ^by<n><m><sg><def><aa>$ ^hvor<adv><aa>$ ^jeg<prn><pers><p1><mf><sg><nom><aa>$ ^være<vblex><pres><aa>$ ^god<adj><sint><sup><un><sp><ind><aa>$ ^kjent<adj><pst><mf><sg><ind><aa>$^.<sent><clb><aa>$
[/VQpYd6wfbvcE]
[V_Q8-2h8HHVw#0] ^han<prn><pers><p3><m><sg><nom><Aa>$ ^kalle<vblex><pres><aa>$ ^de<prn><pers><p3><un><pl><acc><aa>$ ^verdenskjent<adj><pst><mf><sg><ind><aa>$^.<sent><clb><aa>$
[/V_Q8-2h8HHVw]
[_Fr3w5CGmjr7#0] ^i dag<adv><Aa>$ ^anse<vblex><pres><pasv><aa>$ ^denne<prn><dem><nt><sg><nom><aa>$ ^ikke<adv><aa>$ ^lenger<adv><aa>$ ^som<pr><aa>$ ^noe<det><qnt><nt><sg><aa>$ ^reell<adj><pst><nt><sg><ind><aa>$ ^mål<n><nt><sg><ind><aa>$
[/_Fr3w5CGmjr7]
[a1GFZF8gIoDn#0] ^mann<n><m><sg><def><Aa>$ ^som<pr><aa>$ ^jeg<prn><pers><p1><mf><sg><nom><aa>$ ^se<vblex><pret><aa>$
[/a1GFZF8gIoDn]
[af1lsSK7f5VZ#0] ^en<det><qnt><m><sg><Aa>$ ^lærer<n><m><sg><ind><aa>$ ^lære<vblex><pres><aa>$ ^bort<adv><aa>$ ^like<adv><aa>$ ^mye<adj><sint><pst><nt><sg><ind><aa>$ ^som<cnjsub><aa>$ ^elev<n><m><pl><def><aa>$ ^kunne<vblex><pres><aa>$^.<sent><clb><aa>$
[/af1lsSK7f5VZ]
[aiI4rYkyc2u5#0] ^bort<adv><Aa>$ ^fly<vblex><pret><aa>$ ^kråke<n><f><pl><def><aa>$ ^skremme<vblex><pp><aa>$^.<sent><clb><aa>$
[/aiI4rYkyc2u5]
[bCpA9zw4pMIG#0] ^bok<n><m><sg><def><Aa>$ ^leste<vblex><pres><pasv><aa>$
[/bCpA9zw4pMIG]
[bOxuOOUuV7lk#0] ^for<pr><aa>$ ^min<det><pos><m><sg><aa>$ ^del<n><m><sg><ind><aa>$
[/bOxuOOUuV7lk]
[cf8IcPczd2_H#0] ^den<det><dem><un><pl><Aa>$ ^to<det><qnt><un><pl><aa>$ ^ku<n><m><pl><def><aa>$ ^skulle<vblex><pres><aa>$ ^ha<vblex><inf><aa>$ ^bli<vblex><pp><aa>$ ^slå<vblex><pp><aa>$ ^helse<n><m><sg><ind><cmp>+løs<adj><sint><pst><un><pl><ind><aa>$^.<sent><clb><aa>$
[/cf8IcPczd2_H]
[ebGbfyCDglJj#0] ^den<prn><pers><p3><nt><sg><nom><aa>$ ^være<vblex><pres><aa>$ ^en<det><qnt><nt><sg><aa>$ ^ønske<n><nt><sg><ind><aa>$ ^vi<prn><pers><p1><un><pl><nom><aa>$ ^dele<vblex><pres><aa>$
[/ebGbfyCDglJj]
[fdMaD0JM37sZ#0] ^dame<n><m><sg><def><Aa>$^,<cm><aa>$ ^hvis<cnjsub><aa>$ ^hund<n><m><sg><ind><aa>$ ^hete<vblex><pret><aa>$ ^*Bella$^,<cm><clb><aa>$ ^eie<vblex><pret><aa>$ ^en<det><qnt><m><sg><aa>$ ^villa<n><m><sg><ind><aa>$^.<sent><clb><aa>$
[/fdMaD0JM37sZ]
[fkZpNI7cKMc5#0] ^mann<n><m><sg><def><Aa>$ ^i<pr><aa>$ ^gate<n><f><sg><def><gen><aa>$ ^mening<n><f><sg><ind><aa>$
[/fkZpNI7cKMc5]
[gof_TU9VxwKD#0] ^Kristoffer<np><ant><m><gen><Aa>$ ^katt<n><m><sg><ind><aa>$
[/gof_TU9VxwKD]
[iR1xrpZ3yodT#0] ^all<det><qnt><nt><sg><Aa>$ ^for<pr><aa>$ ^mange<det><qnt><un><pl><aa>$ ^henge¹<vblex><pres><aa>$ ^seg<prn><ref><p3><un><sp><acc><aa>$ ^så<adv><aa>$ ^opp<adv><aa>$ ^i<pr><aa>$ ^å<part><aa>$ ^*tilfredstille$ ^publikum<n><nt><sg><ind><aa>$ ^at<cnjsub><aa>$ ^musikk<n><m><sg><ind><aa>$ ^nesten<adv><aa>$ ^bli<vblex><pres><aa>$ ^en<det><qnt><m><sg><aa>$ ^*annenrangs$ ^greie<n><m><sg><ind><aa>$
[/iR1xrpZ3yodT]
[kpxqvmF7UfXC#0] ^en<det><qnt><m><sg><Aa>$ ^gutt<n><m><sg><ind><aa>$ ^og<cnjcoo><aa>$ ^en<det><qnt><m><sg><aa>$ ^jente<n><m><sg><ind><aa>$ ^være<vblex><pret><aa>$ ^stikke# av<vblex><pp><aa>$ ^veps<n><m><sg><def><aa>$^.<sent><clb><aa>$
[/kpxqvmF7UfXC]
[mbi1mbzcrA1d#0] ^båt<n><m><sg><def><Aa>$ ^som<cnjsub><aa>$ ^vi<prn><pers><p1><un><pl><nom><aa>$ ^male<vblex><pres><aa>$ ^lekker<adj><sint><pst><mf><sg><ind><aa>$^.<sent><clb><aa>$
[/mbi1mbzcrA1d]
[p-jSJLv19g9Z#0] ^ville<vblex><pres><Aa>$ ^du<prn><pers><p2><mf><sg><nom><aa>$ ^låne<vblex><inf><aa>$ ^noe<det><qnt><un><neg><pl><aa>$ ^penge<n><m><pl><ind><aa>$ ^av<pr><aa>$ ^jeg<prn><pers><p1><mf><sg><acc><aa>$^?<sent><clb><aa>$
[/p-jSJLv19g9Z]
[qd2EKLs38dQ_#0] ^den<det><dem><m><sg><Aa>$ ^rar<adj><sint><pst><un><sp><def><aa>$ ^nabo<n><m><sg><def><gen><aa>$ ^måte<n><m><sg><ind><aa>$ ^å<part><aa>$ ^sykle<vblex><inf><aa>$
[/qd2EKLs38dQ_]
[raJrn-3eW0wP#0] ^på<pr><Aa>$ ^fredag<n><m><sg><ind><aa>$ ^selge<vblex><pres><pasv><aa>$ ^nok<adv><aa>$ ^ku<n><f><pl><def><aa>$^.<sent><clb><aa>$
[/raJrn-3eW0wP]
