[0-3E2ZcAjolY#0] ^Verdskjend<adj><pst><nt><sg><ind>$ ^kalle<vblex><pres>$ ^han<prn><pers><p3><m><sg><acc>$ ^dei<prn><pers><p3><un><pl><acc>$^.<sent><clb>$
[/0-3E2ZcAjolY]
[2oIgkf_G1MEg#0] ^Båt<n><m><sg><def>$ ^som<cnjsub>$ ^vi<prn><pers><p1><un><pl><nom>$ ^måle¹<vblex><pres>$ ^lekker<adj><sint><pst><mf><sg><ind>$
[/2oIgkf_G1MEg]
[ANikIYqPU94C#0] ^Leiing<n><f><sg><def>$ ^like<vblex><pres>$ ^dårleg<adj><sint><pst><nt><sg><ind>$ ^fokus<n><nt><sg><def>$ ^på<pr>$ ^utøvar<n><m><pl><ind>$ ^som<pr>$ ^Tommy<np><ant><m>$ ^Ingebrigtsen<np><cog>$
[/ANikIYqPU94C]
[AZxnRsPHWX86#0] ^Kråke<n><f><pl><def>$ ^flyge<vblex><pret>$ ^skremme<vblex><pp>$ ^bort<adv>$^.<sent><clb>$
[/AZxnRsPHWX86]
[B8TIKzJZDZCu#0] ^Forelder<n><m><pl><def>$ ^min<det><pos><un><pl>$ ^vere<vblex><pres>$ ^skilje<adj><pp><pl>$
[/B8TIKzJZDZCu]
[BibEwKkY4vAK#0] ^Om<pr>$ ^vinter<n><m><sg><def>$ ^bli<vblex><pres>$ ^nok<adv>$ ^selje<adj><pp><mf><sg><ind>$ ^ku<n><f><pl><def>$^.<sent><clb>$
[/BibEwKkY4vAK]
[BnluB9LAf1JL#0] ^Skremme<vblex><pp>$ ^flyge<vblex><pret>$ ^kråke<n><f><pl><def>$ ^bort<pr>$^.<sent><clb>$
[/BnluB9LAf1JL]
[Bu_kX3ZtDT8R#0] ^ho<prn><pers><p3><f><sg><nom>$ ^nedkjempe<vblex><pret>$ ^ofte<adj><sint><pst><un><pl><ind>$ ^fiende<n><m><pl><ind>$
[/Bu_kX3ZtDT8R]
[DOF-mkgqCsBR#0] ^vis<n><nt><sg><ind>$ ^kva<det><itg><un><pl>$ ^lenke<n><f><pl><ind>$
[/DOF-mkgqCsBR]
[EZwrNUi1hzSQ#0] ^All<det><qnt><un><pl>$ ^parti<n><nt><pl><ind>$ ^viss<cnjsub>$ ^leiar<n><m><pl><ind>$ ^vere<vblex><pres>$ ^representere<adj><pp><pl>$ ^på<pr>$ ^Stortinget<np><org><nt>$^,<cm><clb>$ ^vere<vblex><pres>$ ^mot<pr>$ ^direktiv<n><nt><sg><def>$^.<sent><clb>$
[/EZwrNUi1hzSQ]
[FO_vuYx7FXBk#0] ^Toppen<np><top><gen>$ ^mange<adj><sint><pst><un><pl><ind>$ ^besøkjande<n><m><sg><def>$
[/FO_vuYx7FXBk]
[HHBbu-j6FG0G#0] ^Den gong<adv>$ ^då<cnjsub>$
[/HHBbu-j6FG0G]
[OXMMBMz0vgXy#0] ^Kvar<adv>$ ^bu<vblex><pres>$ ^du<prn><pers><p2><mf><sg><nom>$^?<sent><clb>$
[/OXMMBMz0vgXy]
[OmxzUj8TdLiS#0] ^Bcg-vaksine<n><m><sg><ind>$
[/OmxzUj8TdLiS]
[OzNaWYqbcC_B#0] ^Tomme<n><m><sg><ind>$ ^bli<vblex><pres>$ ^mjølke<adj><pp><pl>$ ^ku<n><f><pl><def>$^.<sent><clb>$
[/OzNaWYqbcC_B]
[RbWzpjShozou#0] ^Denne<det><dem><m><sg>$ ^kunne<vblex><pres>$ ^lese<vblex><inf>$ ^all<det><qnt><un><pl>$ ^talet på<n><nt><pl><ind>$ ^mellomrom<n><nt><sg><ind>$
[/RbWzpjShozou]
[S715ORqwY2O5#0] ^Bok<n><f><sg><def>$ ^hans<det><pos><f><sg>$ ^bli<vblex><pres>$ ^leste<adj><pp><mf><sg><ind>$
[/S715ORqwY2O5]
[Tq52siv1VBx5#0] ^Dame<n><f><sg><def>$^,<cm><aa>$ ^*hvems$ ^hund<n><m><sg><ind>$ ^heite<vblex><pret>$ ^Bella<np><ant><f>$^,<cm><clb><aa>$ ^eige<vblex><pret>$ ^ein<det><qnt><m><sg>$ ^villa<n><m><sg><ind>$^.<sent><clb><aa>$
[/Tq52siv1VBx5]
[VQpYd6wfbvcE#0] ^Den<prn><pers><p3><nt><sg><nom>$ ^vere<vblex><pres>$ ^by<n><m><sg><def>$ ^kvar<adv>$ ^eg<prn><pers><p1><mf><sg><nom>$ ^vere<vblex><pres>$ ^god<adj><sint><sup><un><sp><ind>$ ^kjend<adj><pst><mf><sg><ind>$^.<sent><clb>$
[/VQpYd6wfbvcE]
[V_Q8-2h8HHVw#0] ^Han<prn><pers><p3><m><sg><nom>$ ^kalle<vblex><pres>$ ^dei<prn><pers><p3><un><pl><acc>$ ^verdskjend<adj><pst><mf><sg><ind>$^.<sent><clb>$
[/V_Q8-2h8HHVw]
[_Fr3w5CGmjr7#0] ^I dag<adv>$ ^bli<vblex><pres>$ ^denne<prn><dem><nt><sg><nom>$ ^ikkje<adv>$ ^rekne<adj><pp><nt><sg><ind>$ ^lenger<adv>$ ^som<pr>$ ^noko<det><qnt><nt><sg>$ ^reell<adj><pst><nt><sg><ind>$ ^mål<n><nt><sg><ind>$
[/_Fr3w5CGmjr7]
[a1GFZF8gIoDn#0] ^Mann<n><m><sg><def>$ ^som<pr>$ ^eg<prn><pers><p1><mf><sg><nom>$ ^sjå<vblex><pret>$
[/a1GFZF8gIoDn]
[af1lsSK7f5VZ#0] ^Ein<det><qnt><m><sg>$ ^lærar<n><m><sg><ind>$ ^lære<vblex><pres>$ ^bort<adv>$ ^like<adv>$ ^mykje<adj><sint><pst><nt><sg><ind>$ ^som<cnjsub>$ ^elev<n><m><pl><def>$ ^kunne<vblex><pres>$^.<sent><clb>$
[/af1lsSK7f5VZ]
[aiI4rYkyc2u5#0] ^Bort<adv>$ ^flyge<vblex><pret>$ ^kråke<n><f><pl><def>$ ^skremme<vblex><pp>$^.<sent><clb>$
[/aiI4rYkyc2u5]
[bCpA9zw4pMIG#0] ^Bok<n><f><sg><def>$ ^bli<vblex><pres>$ ^leste<adj><pp><mf><sg><ind>$
[/bCpA9zw4pMIG]
[bOxuOOUuV7lk#0] ^for<pr>$ ^min<det><pos><m><sg>$ ^del<n><m><sg><ind>$
[/bOxuOOUuV7lk]
[cf8IcPczd2_H#0] ^Den<det><dem><un><pl>$ ^to<det><qnt><un><pl>$ ^ku<n><f><pl><def>$ ^skulle<vblex><pres>$ ^ha<vblex><inf>$ ^bli<vblex><pp>$ ^slå<vblex><pp>$ ^helse<n><f><sg><ind><cmp>$^laus<adj><sint><pst><un><pl><ind>$^.<sent><clb><aa>$
[/cf8IcPczd2_H]
[ebGbfyCDglJj#0] ^den<prn><pers><p3><nt><sg><nom>$ ^vere<vblex><pres>$ ^ein<det><qnt><nt><sg>$ ^ønske<n><nt><sg><ind>$ ^vi<prn><pers><p1><un><pl><nom>$ ^dele<vblex><pres>$
[/ebGbfyCDglJj]
[fdMaD0JM37sZ#0] ^Dame<n><f><sg><def>$^,<cm><aa>$ ^viss<cnjsub>$ ^hund<n><m><sg><ind>$ ^heite<vblex><pret>$ ^Bella<np><ant><f>$^,<cm><clb><aa>$ ^eige<vblex><pret>$ ^ein<det><qnt><m><sg>$ ^villa<n><m><sg><ind>$^.<sent><clb><aa>$
[/fdMaD0JM37sZ]
[fkZpNI7cKMc5#0] ^Mann<n><m><sg><def>$ ^i<pr>$ ^meining<n><f><sg><def>$ ^til<pr>$ ^gate<n><f><sg><def>$
[/fkZpNI7cKMc5]
[gof_TU9VxwKD#0] ^Kristoffer<np><ant><m><gen>$ ^katt<n><m><sg><ind>$
[/gof_TU9VxwKD]
[iR1xrpZ3yodT#0] ^All<det><qnt><nt><sg>$ ^for<pr>$ ^mange<det><qnt><un><pl>$ ^henge¹<vblex><pres>$ ^seg<prn><ref><p3><un><sp><acc>$ ^så<adv>$ ^opp<adv>$ ^i<pr>$ ^å<part>$ ^*tilfredstille$ ^publikum<n><nt><sg><ind>$ ^at<cnjsub>$ ^musikk<n><m><sg><ind>$ ^nesten<adv>$ ^bli<vblex><pres>$ ^ein<det><qnt><m><sg>$ ^andre<n><m><sg><ind><cmp>$^rang<n><m><sg><ind><gen>$ ^greie<n><f><sg><ind>$
[/iR1xrpZ3yodT]
[kpxqvmF7UfXC#0] ^Ein<det><qnt><m><sg>$ ^gut<n><m><sg><ind>$ ^og<cnjcoo>$ ^ein<det><qnt><f><sg>$ ^jente<n><f><sg><ind>$ ^vere<vblex><pret>$ ^stikke<vblex><pp># av$ ^veps<n><m><sg><def>$^.<sent><clb>$
[/kpxqvmF7UfXC]
[mbi1mbzcrA1d#0] ^Båt<n><m><sg><def>$ ^som<cnjsub>$ ^vi<prn><pers><p1><un><pl><nom>$ ^måle¹<vblex><pres>$ ^lekker<adj><sint><pst><mf><sg><ind>$^.<sent><clb>$
[/mbi1mbzcrA1d]
[p-jSJLv19g9Z#0] ^Vilje<vblex><pres>$ ^du<prn><pers><p2><mf><sg><nom>$ ^låne<vblex><inf>$ ^noko<det><qnt><un><neg><pl>$ ^penge<n><m><pl><ind>$ ^av<pr>$ ^eg<prn><pers><p1><mf><sg><acc>$^?<sent><clb>$
[/p-jSJLv19g9Z]
[qd2EKLs38dQ_#0] ^Måte<n><m><sg><def>$ ^til<pr>$ ^den<det><dem><m><sg>$ ^rar<adj><sint><pst><un><sp><def>$ ^nabo<n><m><sg><def>$ ^å<part>$ ^sykle<vblex><inf>$
[/qd2EKLs38dQ_]
[raJrn-3eW0wP#0] ^På<pr>$ ^fredag<n><m><sg><ind>$ ^bli<vblex><pres>$ ^nok<adv>$ ^selje<adj><pp><mf><sg><ind>$ ^ku<n><f><pl><def>$^.<sent><clb><aa>$
[/raJrn-3eW0wP]
