[7A69MRQRN-5W#0] ^Eg<prn><pers><p1><mf><sg><nom>/Eg$ ^ha<vblex><pres>/har$ ^ål<n><m><pl><ind>/ålar$ ^i<pr>/i$ ^luftputebåt<n><m><sg><def>/luftputebåten$ ^min<det><pos><m><sg>/min$^.<sent><clb>/.$ ^Den<prn><pers><p3><nt><sg><nom>/Det$ ^vere<vblex><pres>/er$ ^medviten<adj><pst><nt><sg><ind>/medvite$^.<sent><clb>/.$ ^Vi<prn><pers><p1><un><pl><nom>/Me/Vi<v:me_vi>$ ^kunne<vblex><pres>/kan$ ^søke<vblex><inf>/søkja/søkje<v:infa_infe>/søka<v:kj_k>/søke<v:infa_infe><v:kj_k>$ ^styresmakt<n><f><pl><def>/styresmaktene$^.<sent><clb>/.$
[/7A69MRQRN-5W]
