[7A69MRQRN-5W#0] ^Jeg<prn><pers><p1><mf><sg><nom>/Eg<prn><pers><p1><mf><sg><nom>$ ^ha<vblex><pres>/ha<vblex><pres>$ ^ål<n><m><pl><ind>/ål<n><m><pl><ind>$ ^i<pr>/i<pr>$ ^min<det><pos><m><sg>/min<det><pos><m><sg>$ ^luftputebåt<n><m><sg><ind>/luftputebåt<n><m><sg><ind>$^.<sent><clb>/.<sent><clb>$ ^Den<prn><pers><p3><nt><sg><nom>/Den<prn><pers><p3><nt><sg><nom>$ ^være<vblex><pres>/vere<vblex><pres>/ha<vblex><pres>$ ^bevisst<adj><pst><nt><sg><ind>/medviten<adj><pst><nt><sg><ind>$^.<sent><clb>/.<sent><clb>$ ^Vi<prn><pers><p1><un><pl><nom>/Vi<prn><pers><p1><un><pl><nom>$ ^kunne<vblex><pres>/kunne<vblex><pres>$ ^søke<vblex><inf>/søke<vblex><inf>$ ^myndighet<n><f><pl><def>/mynde<n><m><pl><def>/makt<n><f><pl><def>/fullmakt<n><f><pl><def>/autoritet<n><m><pl><def>/myndigheit<n><f><pl><def>/styresmakt<n><f><pl><def>$^.<sent><clb>/.<sent><clb>$
[/7A69MRQRN-5W]
