[0-3E2ZcAjolY#0] ^Verdenskjent/verdenskjent<adj><pst><nt><sg><ind>/verdenskjent<adj><pst><mf><sg><ind>$ ^kaller/kalle<vblex><pres>/kall<n><m><pl><ind>/kall<n><m><pl><ind>$ ^han/han<prn><pers><p3><m><sg><acc>/han<prn><pers><p3><m><sg><nom>$ ^dem/demme<vblex><imp>/de<prn><pers><p3><un><pl><acc>$^./.<sent><clb>$
[/0-3E2ZcAjolY]
[2oIgkf_G1MEg#0] ^Båten/båt<n><m><sg><def>/båt<n><m><sg><def>$ ^som/som<pr>/som<cnjsub>$ ^vi/vie<vblex><imp>/vi<prn><pers><p1><un><pl><nom>$ ^maler/male<vblex><pres>/mal<n><m><pl><ind>/maler<n><m><sg><ind>/maler<n><m><sg><ind>$ ^lekker/lekke<vblex><pres>/lekk<n><m><pl><ind>/lekk<n><m><pl><ind>/lekker<adj><sint><pst><mf><sg><ind>$
[/2oIgkf_G1MEg]
[ANikIYqPU94C#0] ^Ledelsen/ledelse<n><m><sg><def>/ledelse<n><m><sg><def>$ ^liker/like<vblex><pres>/like<n><m><pl><ind>/like<n><m><pl><ind>$ ^dårlig/dårlig<adj><sint><pst><nt><sg><ind>/dårlig<adj><sint><pst><mf><sg><ind>$ ^fokuset/fokus<n><nt><sg><def>/fokus<n><nt><sg><def>$ ^på/på<pr>$ ^utøvere/utøver<n><m><pl><ind>/utøver<n><m><pl><ind>$ ^som/som<pr>/som<cnjsub>$ ^Tommy/Tommy<np><ant><m>/Tommy<np><ant><m>$ ^Ingebrigtsen/Ingebrigtsen<np><cog>/Ingebrigtsen<np><cog>$
[/ANikIYqPU94C]
[AZxnRsPHWX86#0] ^Kråkene/kråke<n><f><pl><def>/kråke<n><m><pl><def>/kråke<n><f><pl><def>/kråke<n><m><pl><def>$ ^fløy/fly<vblex><pret>/flyge<vblex><pret>/fløy<n><m><sg><ind>/fløy<n><f><sg><ind>/fløy<n><m><sg><ind>/fløy<n><f><sg><ind>$ ^skremt/skremme<vblex><pp>/skremme<adj><pp><pl>/skremme<adj><pp><nt><sg><ind>/skremme<adj><pp><mf><sg><ind>$ ^bort/bort<pr>/bort<adv>$^./.<sent><clb>$
[/AZxnRsPHWX86]
[B8TIKzJZDZCu#0] ^Foreldrene/forelder<n><m><pl><def>/forelder<n><m><pl><def>$ ^mine/mine<vblex><inf>/min<det><pos><un><pl>/min<prn><pos><un><pl>/mine<n><m><sg><ind>/mine<n><f><sg><ind>/mine<n><m><sg><ind>/mine<n><f><sg><ind>$ ^er/være<vblex><pres>$ ^skilte/skilte<vblex><inf>/skille<vblex><pret>/skille<adj><pp><pl>/skilt<adj><pst><un><sp><def>/skilt<adj><pst><un><pl><ind>/skille<adj><pp><sg><def>$
[/B8TIKzJZDZCu]
[BibEwKkY4vAK#0] ^Om/om<pr>/om<cnjsub>/om<n><m><sg><ind>$ ^vinteren/vinter<n><m><sg><def>$ ^selges/selge<vblex><inf><pasv>/selge<vblex><pres><pasv>$ ^nok/nok<adv>$ ^kuene/ku<n><m><pl><def>/ku<n><f><pl><def>$^./.<sent><clb>$
[/BibEwKkY4vAK]
[BnluB9LAf1JL#0] ^Skremt/skremme<vblex><pp>/skremme<adj><pp><pl>/skremme<adj><pp><nt><sg><ind>/skremme<adj><pp><mf><sg><ind>$ ^fløy/fly<vblex><pret>/flyge<vblex><pret>/fløy<n><m><sg><ind>/fløy<n><f><sg><ind>/fløy<n><m><sg><ind>/fløy<n><f><sg><ind>$ ^kråkene/kråke<n><f><pl><def>/kråke<n><m><pl><def>/kråke<n><f><pl><def>/kråke<n><m><pl><def>$ ^bort/bort<pr>/bort<adv>$^./.<sent><clb>$
[/BnluB9LAf1JL]
[Bu_kX3ZtDT8R#0] ^hun/hun<prn><pers><p3><f><sg><nom>$ ^bekjempet/bekjempe<vblex><pp>/bekjempe<vblex><pret>/bekjempe<adj><pp><pl>/bekjempe<adj><pp><nt><sg><ind>/bekjempe<adj><pp><mf><sg><ind>$ ^ofte/ofte<adv>/ofte<adj><sint><pst><nt><sg><ind>/ofte<adj><sint><pst><un><sp><def>/ofte<adj><sint><pst><un><pl><ind>/ofte<adj><sint><pst><mf><sg><ind>$ ^fiender/fiende<n><m><pl><ind>$
[/Bu_kX3ZtDT8R]
[DOF-mkgqCsBR#0] ^vis/vise<vblex><imp>/vis<n><nt><sg><ind>/vis<n><nt><pl><ind>/vis<n><m><sg><ind>/vis<n><m><pl><ind>/vis<n><f><sg><ind>/vis<n><f><pl><ind>/vis<adj><sint><pst><mf><sg><ind>$ ^hvilke/hvilken<det><itg><un><pl>$ ^lenker/lenke<vblex><pres>/lenke<n><m><pl><ind>/lenke<n><f><pl><ind>/lenke<n><m><pl><ind>/lenke<n><f><pl><ind>$
[/DOF-mkgqCsBR]
[EZwrNUi1hzSQ#0] ^Alle/all<det><qnt><un><pl>/allé<n><m><sg><ind>/allé<n><m><sg><ind>$ ^parti/parti<n><nt><sg><ind>/parti<n><nt><pl><ind>/parti<n><nt><sg><ind>/parti<n><nt><pl><ind>$ ^hvis/hvis<cnjsub>$ ^ledere/leder<n><m><pl><ind>/leder<n><m><pl><ind>$ ^er/være<vblex><pres>$ ^representert/representere<vblex><pp>/representere<adj><pp><pl>/representere<adj><pp><nt><sg><ind>/representere<adj><pp><mf><sg><ind>$ ^på/på<pr>$ ^Stortinget/storting<n><nt><sg><def>/Stortinget<np><org><nt>/storting<n><nt><sg><def>/Stortinget<np><org><nt>$^,/,<cm>/,<cm><clb>$ ^er/være<vblex><pres>$ ^mot/mot<pr>/mot<n><nt><sg><ind>/mot<n><nt><pl><ind>$ ^direktivet/direktiv<n><nt><sg><def>/direktiv<n><nt><sg><def>$^./.<sent><clb>$
[/EZwrNUi1hzSQ]
[FO_vuYx7FXBk#0] ^Toppens/Toppen<np><top><gen>/topp<n><m><sg><def><gen>/Toppen<np><top><gen>/topp<n><m><sg><def><gen>$ ^mange/mange<det><qnt><un><pl>/mange<adj><sint><pst><un><pl><ind>$ ^besøkende/besøke<adj><pprs>/besøkende<n><m><sg><ind>/besøkende<n><m><sg><def>/besøkende<n><m><pl><ind>/besøkende<n><m><pl><def>/besøkende<n><m><sg><ind>/besøkende<n><m><sg><def>/besøkende<n><m><pl><ind>/besøkende<n><m><pl><def>/besøkende<adj><pst><nt><sg><ind>/besøkende<adj><pst><un><sp><def>/besøkende<adj><pst><un><pl><ind>/besøkende<adj><pst><mf><sg><ind>$
[/FO_vuYx7FXBk]
[HHBbu-j6FG0G#0] ^Den gang/den gang<adv>$ ^da/da<adv>/da<cnjsub>$
[/HHBbu-j6FG0G]
[OXMMBMz0vgXy#0] ^Hvor/hvor<adv>/hvor<cnjsub>$ ^bor/bo<vblex><pres>/bore<vblex><imp>/bor<n><nt><sg><ind>/bor<n><nt><pl><ind>/bor<n><m><sg><ind>/bor<n><m><pl><ind>$ ^du/du<prn><pers><p2><mf><sg><nom>$^?/?<sent><clb>$
[/OXMMBMz0vgXy]
[OmxzUj8TdLiS#0] ^BCG-Vaksine/bcg-vaksine<n><m><sg><ind>/bcg-vaksine<n><m><sg><ind>$
[/OmxzUj8TdLiS]
[OzNaWYqbcC_B#0] ^Tomme/tomme<n><m><sg><ind>/tom<adj><sint><pst><un><sp><def>/tom<adj><sint><pst><un><pl><ind>/tomme<n><m><sg><ind>$ ^melkes/melke<n><m><sg><ind><gen>/melke<n><m><sg><ind><gen>/melke<vblex><inf><pasv>/melke<vblex><pres><pasv>$ ^kyrne/ku<n><f><pl><def>/ku<n><m><pl><def>$^./.<sent><clb>$
[/OzNaWYqbcC_B]
[RbWzpjShozou#0] ^Denne/denne<det><dem><m><sg>/denne<det><dem><f><sg>/denne<prn><dem><f><sg><acc>/denne<prn><dem><f><sg><nom>/denne<prn><dem><mf><sg><acc>/denne<prn><dem><mf><sg><nom>$ ^kan/kunne<vblex><pres>$ ^lese/lese<vblex><inf>$ ^ethvert/enhver<det><qnt><nt><sg>$ ^antall/antall<n><nt><sg><ind>/antall<n><nt><pl><ind>/antall<n><nt><sg><ind>/antall<n><nt><pl><ind>$ ^mellomrom/mellomrom<n><nt><sg><ind>/mellomrom<n><nt><pl><ind>/mellomrom<n><nt><sg><ind>/mellomrom<n><nt><pl><ind>$
[/RbWzpjShozou]
[S715ORqwY2O5#0] ^Boken/bok<n><m><sg><def>/bok<n><m><sg><def>$ ^hans/hanse<vblex><imp>/hans<det><pos><nt><sg>/hans<det><pos><m><sg>/hans<det><pos><f><sg>/hans<det><pos><un><pl>/hans<prn><pos><nt><sg>/hans<prn><pos><m><sg>/hans<prn><pos><f><sg>/hans<prn><pos><un><pl>$ ^lestes/leste<vblex><inf><pasv>/leste<vblex><pres><pasv>$
[/S715ORqwY2O5]
[Tq52siv1VBx5#0] ^Damen/dame<n><m><sg><def>/dame<n><m><sg><def>$^,/,<cm>/,<cm><clb>$ ^hvems/*hvems$ ^hund/hund<n><m><sg><ind>/hund<n><m><sg><ind>$ ^het/hete<vblex><imp>/hete<vblex><pret>/het<adj><sint><pst><mf><sg><ind>/het<adj><sint><pst><mf><sg><ind>$ ^Bella/Bella<np><ant><f>/Bella<np><ant><f>$^,/,<cm>/,<cm><clb>$ ^eide/eie<vblex><pret>/eie<adj><pp><pl>/eie<adj><pp><sg><def>/eie<adj><pp><pl>/eie<adj><pp><sg><def>$ ^en/en<adv>/ene<vblex><imp>/en<det><qnt><m><sg>/én<det><qnt><m><sg>/man<prn><pers><p3><un><sg><acc>/man<prn><pers><p3><un><sg><nom>$ ^villa/villa<n><m><sg><ind>/ville<n><f><sg><def>/villa<n><m><sg><ind>/ville<n><f><sg><def>$^./.<sent><clb>$
[/Tq52siv1VBx5]
[VQpYd6wfbvcE#0] ^Det/den<det><dem><nt><sg>/den<det><dem><nt><sg><expl>/den<prn><pers><p3><nt><sg><acc>/den<prn><pers><p3><nt><sg><nom>$ ^er/være<vblex><pres>$ ^byen/by<n><m><sg><def>$ ^hvor/hvor<adv>/hvor<cnjsub>$ ^jeg/jeg<n><nt><sg><ind>/jeg<n><nt><pl><ind>/jeg<prn><pers><p1><mf><sg><nom>$ ^er/være<vblex><pres>$ ^best/best<n><nt><sg><ind>/best<n><nt><pl><ind>/best<n><nt><sg><ind>/best<n><nt><pl><ind>/god<adj><sint><sup><un><sp><ind>$ ^kjent/kjenne<vblex><pp>/kjenne<adj><pp><pl>/kjent<adj><pst><nt><sg><ind>/kjent<adj><pst><mf><sg><ind>/kjenne<adj><pp><nt><sg><ind>/kjenne<adj><pp><mf><sg><ind>$^./.<sent><clb>$
[/VQpYd6wfbvcE]
[V_Q8-2h8HHVw#0] ^Han/Han<np><cog>/Han<np><cog>/han<prn><pers><p3><m><sg><acc>/han<prn><pers><p3><m><sg><nom>$ ^kaller/kalle<vblex><pres>/kall<n><m><pl><ind>/kall<n><m><pl><ind>$ ^dem/demme<vblex><imp>/de<prn><pers><p3><un><pl><acc>$ ^verdenskjent/verdenskjent<adj><pst><nt><sg><ind>/verdenskjent<adj><pst><mf><sg><ind>$^./.<sent><clb>$
[/V_Q8-2h8HHVw]
[_Fr3w5CGmjr7#0] ^Idag/i dag<adv>$ ^anses/anse<vblex><inf><pasv>/anse<vblex><pres><pasv>$ ^dette/dette<vblex><inf>/denne<det><dem><nt><sg>/denne<prn><dem><nt><sg><acc>/denne<prn><dem><nt><sg><nom>$ ^ikke/ikke<adv>$ ^lenger/lenger<adv>/lenge<vblex><pres>/lenge<n><m><pl><ind>/lenge<n><f><pl><ind>/lang<adj><sint><comp><un><sp>/lenge<n><m><pl><ind>/lenge<n><f><pl><ind>/lenge<adj><sint><comp><un><sp>$ ^som/som<pr>/som<cnjsub>$ ^noe/noe<adv>/noe<det><qnt><nt><sg>/noe<prn><ind><nt><sg><acc>/noe<prn><ind><nt><sg><nom>$ ^reelt/reell<adj><pst><nt><sg><ind>$ ^mål/måle<vblex><imp>/mål<n><nt><sg><ind>/mål<n><nt><pl><ind>/mål<n><nt><sg><ind>/mål<n><nt><pl><ind>$
[/_Fr3w5CGmjr7]
[a1GFZF8gIoDn#0] ^Mannen/mann<n><m><sg><def>/mann<n><m><sg><def>$ ^som/som<pr>/som<cnjsub>$ ^jeg/jeg<n><nt><sg><ind>/jeg<n><nt><pl><ind>/jeg<prn><pers><p1><mf><sg><nom>$ ^så/så<adv>/så<cnjsub>/så<vblex><imp>/så<vblex><inf>/så<cnjcoo><clb>/se<vblex><pret>/så<n><m><sg><ind>/så<n><f><sg><ind>$
[/a1GFZF8gIoDn]
[af1lsSK7f5VZ#0] ^En/en<adv>/ene<vblex><imp>/en<det><qnt><m><sg>/én<det><qnt><m><sg>/man<prn><pers><p3><un><sg><acc>/man<prn><pers><p3><un><sg><nom>$ ^lærer/lære<vblex><pres>/lære<n><nt><pl><ind>/lære<n><m><pl><ind>/lære<n><f><pl><ind>/lærer<n><m><sg><ind>/lærer<n><m><sg><ind>$ ^lærer/lære<vblex><pres>/lære<n><nt><pl><ind>/lære<n><m><pl><ind>/lære<n><f><pl><ind>/lærer<n><m><sg><ind>/lærer<n><m><sg><ind>$ ^bort/bort<pr>/bort<adv>$ ^like/like<adv>/like<vblex><inf>/like<n><m><sg><ind>/like<n><m><pl><ind>/like<n><m><sg><ind>/like<n><m><pl><ind>/lik<adj><sint><pst><un><sp><def>/lik<adj><sint><pst><un><pl><ind>$ ^mye/mye<adj><sint><pst><nt><sg><ind>/mye<adj><sint><pst><un><sp><def>/mye<adj><sint><pst><un><pl><ind>/mye<adj><sint><pst><mf><sg><ind>/mange<det><qnt><un><pl><unc>$ ^som/som<pr>/som<cnjsub>$ ^elevene/elev<n><m><pl><def>/elev<n><m><pl><def>$ ^kan/kunne<vblex><pres>$^./.<sent><clb>$
[/af1lsSK7f5VZ]
[aiI4rYkyc2u5#0] ^Bort/bort<pr>/bort<adv>$ ^fløy/fly<vblex><pret>/flyge<vblex><pret>/fløy<n><m><sg><ind>/fløy<n><f><sg><ind>/fløy<n><m><sg><ind>/fløy<n><f><sg><ind>$ ^kråkene/kråke<n><f><pl><def>/kråke<n><m><pl><def>/kråke<n><f><pl><def>/kråke<n><m><pl><def>$ ^skremt/skremme<vblex><pp>/skremme<adj><pp><pl>/skremme<adj><pp><nt><sg><ind>/skremme<adj><pp><mf><sg><ind>$^./.<sent><clb>$
[/aiI4rYkyc2u5]
[bCpA9zw4pMIG#0] ^Boken/bok<n><m><sg><def>/bok<n><m><sg><def>$ ^lestes/leste<vblex><inf><pasv>/leste<vblex><pres><pasv>$
[/bCpA9zw4pMIG]
[bOxuOOUuV7lk#0] ^for/for<pr>/for<adv>/for<cnjcoo><clb>/fare<vblex><pret>/fôre<vblex><imp>/fòr<n><m><sg><ind>/fòr<n><f><sg><ind>/fôr<n><nt><sg><ind>/fôr<n><nt><pl><ind>$ ^min/mine<vblex><imp>/min<det><pos><m><sg>/min<prn><pos><m><sg>$ ^del/del<np><attr>/dele<vblex><imp>/del<n><m><sg><ind>/del<n><m><sg><ind>$
[/bOxuOOUuV7lk]
[cf8IcPczd2_H#0] ^De/de<pr>/De<np><cog>/de<np><attr>/De<np><cog>/den<det><dem><un><pl>/de<prn><pers><p3><un><pl><acc>/de<prn><pers><p3><un><pl><nom>$ ^to/toe<vblex><imp>/to<det><qnt><un><pl>$ ^kuene/ku<n><f><pl><def>/ku<n><m><pl><def>$ ^skal/skulle<vblex><pres>$ ^ha/ha<vblex><imp>/ha<vblex><inf>$ ^blitt/bli<vblex><pp>/bli<adj><pp><pl>/bli<adj><pp><pl>/blive<vblex><pp>/bli<adj><pp><nt><sg><ind>/bli<adj><pp><mf><sg><ind>/blive<adj><pp><pl>/bli<adj><pp><nt><sg><ind>/bli<adj><pp><mf><sg><ind>/blive<adj><pp><pl>/blive<adj><pp><nt><sg><ind>/blive<adj><pp><mf><sg><ind>/blive<adj><pp><nt><sg><ind>/blive<adj><pp><mf><sg><ind>$ ^slått/slå<vblex><pp>/slå<adj><pp><pl>/slå<adj><pp><pl>/slå<adj><pp><nt><sg><ind>/slå<adj><pp><mf><sg><ind>/slått<n><m><sg><ind>/slå<adj><pp><nt><sg><ind>/slå<adj><pp><mf><sg><ind>/slått<n><m><sg><ind>$ ^helseløse/helse<n><m><sg><ind><cmp>+løs<adj><sint><pst><un><sp><def>/helse<n><m><sg><ind><cmp>+løs<adj><sint><pst><un><pl><ind>/helse<n><f><sg><ind><cmp>+løs<adj><sint><pst><un><sp><def>/helse<n><f><sg><ind><cmp>+løs<adj><sint><pst><un><pl><ind>$^./.<sent><clb>$
[/cf8IcPczd2_H]
[ebGbfyCDglJj#0] ^det/den<det><dem><nt><sg>/den<det><dem><nt><sg><expl>/den<prn><pers><p3><nt><sg><acc>/den<prn><pers><p3><nt><sg><nom>$ ^er/være<vblex><pres>$ ^et/ete<vblex><imp>/en<det><qnt><nt><sg>$ ^ønske/ønske<vblex><inf>/ønske<n><nt><sg><ind>/ønske<n><nt><sg><ind>$ ^vi/vie<vblex><imp>/vi<prn><pers><p1><un><pl><nom>$ ^deler/dele<vblex><pres>/del<n><m><pl><ind>/delere<vblex><imp>/del<n><m><pl><ind>/deler<n><m><sg><ind>/deler<n><m><sg><ind>$
[/ebGbfyCDglJj]
[fdMaD0JM37sZ#0] ^Damen/dame<n><m><sg><def>/dame<n><m><sg><def>$^,/,<cm>/,<cm><clb>$ ^hvis/hvis<cnjsub>$ ^hund/hund<n><m><sg><ind>/hund<n><m><sg><ind>$ ^het/hete<vblex><imp>/hete<vblex><pret>/het<adj><sint><pst><mf><sg><ind>/het<adj><sint><pst><mf><sg><ind>$ ^Bella/Bella<np><ant><f>/Bella<np><ant><f>$^,/,<cm>/,<cm><clb>$ ^eide/eie<vblex><pret>/eie<adj><pp><pl>/eie<adj><pp><sg><def>/eie<adj><pp><pl>/eie<adj><pp><sg><def>$ ^en/en<adv>/ene<vblex><imp>/en<det><qnt><m><sg>/én<det><qnt><m><sg>/man<prn><pers><p3><un><sg><acc>/man<prn><pers><p3><un><sg><nom>$ ^villa/villa<n><m><sg><ind>/ville<n><f><sg><def>/villa<n><m><sg><ind>/ville<n><f><sg><def>$^./.<sent><clb>$
[/fdMaD0JM37sZ]
[fkZpNI7cKMc5#0] ^Mannen/mann<n><m><sg><def>/mann<n><m><sg><def>$ ^i/i<pr>/ialphabet<n><m><sg><ind>$ ^gatas/gate<n><f><sg><def><gen>/gate<n><f><sg><def><gen>$ ^mening/mening<n><m><sg><ind>/mening<n><f><sg><ind>/mening<n><m><sg><ind>/mening<n><f><sg><ind>$
[/fkZpNI7cKMc5]
[gof_TU9VxwKD#0] ^Kristoffers/Kristoffer<np><ant><m><gen>/Kristoffer<np><ant><m><gen>$ ^katt/katte<vblex><imp>/katt<n><m><sg><ind>/katt<n><m><sg><ind>$
[/gof_TU9VxwKD]
[iR1xrpZ3yodT#0] ^Alt/alt<adv>/ale<vblex><pp>/ale<adj><pp><pl>/alt<n><nt><sg><ind>/alt<n><nt><pl><ind>/alt<n><m><sg><ind>/ale<adj><pp><pl>/all<det><qnt><nt><sg>/ale<adj><pp><nt><sg><ind>/ale<adj><pp><mf><sg><ind>/ale<adj><pp><nt><sg><ind>/ale<adj><pp><mf><sg><ind>$ ^for/for<pr>/for<adv>/for<cnjcoo><clb>/fare<vblex><pret>/fôre<vblex><imp>/fòr<n><m><sg><ind>/fòr<n><f><sg><ind>/fôr<n><nt><sg><ind>/fôr<n><nt><pl><ind>/fôr<n><nt><sg><ind>/fôr<n><nt><pl><ind>$ ^mange/mange<det><qnt><un><pl>/mange<adj><sint><pst><un><pl><ind>/mange<adj><sint><pst><un><pl><ind>$ ^henger/henge<vblex><pres>/henge¹<vblex><pres>/henger<n><m><sg><ind>/henger<n><m><sg><ind>$ ^seg/sige<vblex><pret>/seg<prn><ref><p3><un><sp><acc>$ ^så/så<adv>/så<cnjsub>/så<vblex><imp>/så<vblex><inf>/så<cnjcoo><clb>/se<vblex><pret>/så<n><m><sg><ind>/så<n><f><sg><ind>$ ^opp/opp<pr>/opp<adv>/oppe<vblex><imp>$ ^i/i<pr>/ialphabet<n><m><sg><ind>$ ^å/å<part>/å<n><m><sg><ind>/å<n><f><sg><ind>/åalphabet<n><m><sg><ind>$ ^tilfredstille/*tilfredstille$ ^publikum/publikum<n><nt><sg><ind>/publikum<n><nt><pl><ind>/publikum<n><nt><sg><ind>/publikum<n><nt><pl><ind>$ ^at/at<adv>/at<cnjsub>/at<cnjcoo><clb>$ ^musikk/musikk<n><m><sg><ind>/musikk<n><m><sg><ind>$ ^nesten/nesten<adv>/neste<n><m><sg><def>/neste<n><m><sg><def>$ ^blir/bli<vblex><pres>$ ^en/en<adv>/ene<vblex><imp>/en<det><qnt><m><sg>/én<det><qnt><m><sg>/man<prn><pers><p3><un><sg><acc>/man<prn><pers><p3><un><sg><nom>$ ^annenrangs/annen<n><m><sg><ind><cmp>+rang<n><m><sg><ind><gen>$ ^greie/greie<vblex><inf>/greie<n><nt><sg><ind>/greie<n><m><sg><ind>/greie<n><f><sg><ind>/greie<n><nt><sg><ind>/greie<n><m><sg><ind>/greie<n><f><sg><ind>/grei<adj><sint><pst><un><sp><def>/grei<adj><sint><pst><un><pl><ind>/grei<adj><sint><pst><un><sp><def>/grei<adj><sint><pst><un><pl><ind>$
[/iR1xrpZ3yodT]
[kpxqvmF7UfXC#0] ^En/en<adv>/ene<vblex><imp>/en<det><qnt><m><sg>/én<det><qnt><m><sg>/man<prn><pers><p3><un><sg><acc>/man<prn><pers><p3><un><sg><nom>$ ^gutt/gutt<n><m><sg><ind>/gutt<n><m><sg><ind>$ ^og/og<cnjcoo>/òg<adv>/og<cnjcoo><clb>$ ^en/en<adv>/ene<vblex><imp>/en<det><qnt><m><sg>/én<det><qnt><m><sg>/man<prn><pers><p3><un><sg><acc>/man<prn><pers><p3><un><sg><nom>$ ^jente/jente<n><m><sg><ind>/jente<n><f><sg><ind>/jente<n><m><sg><ind>/jente<n><f><sg><ind>$ ^var/va<vblex><pres>/vare<vblex><imp>/være<vblex><pret>/var<n><nt><sg><ind>/var<n><nt><pl><ind>/var<n><m><sg><ind>/var<adj><sint><pst><mf><sg><ind>$ ^stukket av/stikke<vblex><pp># av/stikke<adj><pp><nt><sg><ind># av/stikke<adj><pp><mf><sg><ind># av$ ^vepsen/veps<n><m><sg><def>/veps<n><m><sg><def>$^./.<sent><clb>$
[/kpxqvmF7UfXC]
[mbi1mbzcrA1d#0] ^Båten/båt<n><m><sg><def>/båt<n><m><sg><def>$ ^som/som<pr>/som<cnjsub>$ ^vi/vie<vblex><imp>/vi<prn><pers><p1><un><pl><nom>$ ^maler/male<vblex><pres>/mal<n><m><pl><ind>/maler<n><m><sg><ind>/maler<n><m><sg><ind>$ ^lekker/lekke<vblex><pres>/lekk<n><m><pl><ind>/lekk<n><m><pl><ind>/lekker<adj><sint><pst><mf><sg><ind>$^./.<sent><clb>$
[/mbi1mbzcrA1d]
[p-jSJLv19g9Z#0] ^Vil/ville<vblex><pres>$ ^du/du<prn><pers><p2><mf><sg><nom>$ ^låne/låne<vblex><inf>$ ^noen/noe<det><qnt><m><sg>/noe<det><qnt><f><sg>/noe<det><qnt><un><pl>/noe<prn><ind><f><sg><acc>/noe<prn><ind><f><sg><nom>/noe<prn><ind><un><pl><acc>/noe<prn><ind><un><pl><nom>/noe<prn><ind><mf><sg><acc>/noe<prn><ind><mf><sg><nom>/noe<prn><neg><ind><pl><acc>/noe<prn><neg><ind><pl><nom>/noe<det><qnt><un><neg><pl>$ ^penger/penge<n><m><pl><ind>/penge<n><m><pl><ind>$ ^av/av<pr>$ ^meg/jeg<prn><pers><p1><mf><sg><acc>$^?/?<sent><clb>$
[/p-jSJLv19g9Z]
[qd2EKLs38dQ_#0] ^Den/Den<np><ant><m>/Den<np><ant><m>/den<det><dem><m><sg>/den<det><dem><f><sg>/den<prn><pers><p3><mf><sg><acc>/den<prn><pers><p3><mf><sg><nom>/den¹<prn><pers><p3><mf><sg><acc>/den¹<prn><pers><p3><mf><sg><nom>$ ^rare/rar<adj><sint><pst><un><sp><def>/rar<adj><sint><pst><un><pl><ind>$ ^naboens/nabo<n><m><sg><def><gen>/nabo<n><m><sg><def><gen>$ ^måte/måte<vblex><inf>/måte<n><m><sg><ind>/måte<n><m><sg><ind>$ ^å/å<part>/å<n><m><sg><ind>/å<n><f><sg><ind>/åalphabet<n><m><sg><ind>$ ^sykle/sykle<vblex><imp>/sykle<vblex><inf>$
[/qd2EKLs38dQ_]
[raJrn-3eW0wP#0] ^På/på<pr>$ ^fredag/fredag<n><m><sg><ind>$ ^selges/selge<vblex><inf><pasv>/selge<vblex><pres><pasv>$ ^nok/nok<adv>$ ^kuene/ku<n><m><pl><def>/ku<n><f><pl><def>$^./.<sent><clb>$
[/raJrn-3eW0wP]
