[0-3E2ZcAjolY#0] ^Adj<adj><pst><nt><sg><ind>{^verdskjend<adj><pst><nt><sg><ind>$}$ ^vblex<vblex><pres>{^kalle<vblex><pres>$}$ ^prn<prn><pers><p3><m><sg><acc>{^han<prn><pers><p3><m><sg><acc>$}$ ^prn<prn><pers><p3><un><pl><acc>{^dei<prn><pers><p3><un><pl><acc>$}$^sent<sent><clb>{^.<sent><clb>$}$
[/0-3E2ZcAjolY]
[2oIgkf_G1MEg#0] ^N<n><m><sg><def><sl-m>{^båt<n><m><sg><def>$}$ ^cnjsub<cnjsub><som>{^som<cnjsub>$}$ ^prn<prn><pers><p1><un><pl><nom>{^vi<prn><pers><p1><un><pl><nom>$}$ ^vblex<vblex><pres>{^måle¹<vblex><pres>$}$ ^adj<adj><sint><pst><mf><sg><ind>{^lekker<adj><sint><pst><mf><sg><ind>$}$
[/2oIgkf_G1MEg]
[ANikIYqPU94C#0] ^N<n><f><sg><def><sl-m>{^leiing<n><f><sg><def>$}$ ^vblex<vblex><pres>{^like<vblex><pres>$}$ ^adj<adj><sint><pst><nt><sg><ind>{^dårleg<adj><sint><pst><nt><sg><ind>$}$ ^n<n><nt><sg><def><sl-nt>{^fokus<n><nt><sg><def>$}$ ^pr<pr><på>{^på<pr>$}$ ^n<n><m><pl><ind><sl-m>{^utøvar<n><m><pl><ind>$}$ ^pr<pr><som>{^som<pr>$}$ ^n<np><ant><m>{^Tommy<np><ant><m>$}$ ^n<np><cog>{^Ingebrigtsen<np><cog>$}$
[/ANikIYqPU94C]
[AZxnRsPHWX86#0] ^N<n><f><pl><def><sl-m>{^kråke<n><f><pl><def>$}$ ^vblex<vblex><pret>{^flyge<vblex><pret>$}$ ^vblex<vblex><pp>{^skremme<vblex><pp>$}$ ^adv<adv>{^bort<adv>$}$^sent<sent><clb>{^.<sent><clb>$}$
[/AZxnRsPHWX86]
[B8TIKzJZDZCu#0] ^N<n><m><pl><def><sl-m>{^forelder<n><m><pl><def>$}$ ^det<det><pos><un><pl>{^min<det><pos><un><pl>$}$ ^aux<vblex><pres>{^vere<vblex><pres>$}$ ^adj<adj><pp><pl>{^skilje<adj><pp><pl>$}$
[/B8TIKzJZDZCu]
[BibEwKkY4vAK#0] ^Pr<pr><om>{^om<pr>$}$ ^n<n><m><sg><def><sl-m>{^vinter<n><m><sg><def>$}$ ^aux<vblex><pres><pasv>{^bli<vblex><pres>$}$ ^adj2vblex<adj><pp><nt><sg><ind><np-movable>{^selje<adj><pp><nt><sg><ind>$}$ ^adv<adv><movable>{^nok<adv>$}$ ^n<n><f><pl><def><sl-f>{^ku<n><f><pl><def>$}$^sent<sent><clb>{^.<sent><clb>$}$
[/BibEwKkY4vAK]
[BnluB9LAf1JL#0] ^Vblex<vblex><pp>{^skremme<vblex><pp>$}$ ^vblex<vblex><pret>{^flyge<vblex><pret>$}$ ^n<n><f><pl><def><sl-f>{^kråke<n><f><pl><def>$}$ ^pr<pr><bort>{^bort<pr>$}$^sent<sent><clb>{^.<sent><clb>$}$
[/BnluB9LAf1JL]
[Bu_kX3ZtDT8R#0] ^prn<prn><pers><p3><f><sg><nom>{^ho<prn><pers><p3><f><sg><nom>$}$ ^vblex<vblex><pret>{^nedkjempe<vblex><pret>$}$ ^adj_n<n><m><pl><ind><sl-m>{^ofte<adj><sint><pst><un><pl><ind>$ ^fiende<n><m><pl><ind>$}$
[/Bu_kX3ZtDT8R]
[DOF-mkgqCsBR#0] ^n<n><nt><sg><ind><sl-nt>{^vis<n><nt><sg><ind>$}$ ^det<det><itg><un><pl>{^kva<det><itg><un><pl>$}$ ^n<n><f><pl><ind><sl-m>{^lenke<n><f><pl><ind>$}$
[/DOF-mkgqCsBR]
[EZwrNUi1hzSQ#0] ^Detall<det><qnt><un><pl>{^all<det><qnt><un><pl>$}$ ^n<n><nt><pl><ind><sl-nt>{^parti<n><nt><pl><ind>$}$ ^cnjsub<cnjsub><viss>{^viss<cnjsub>$}$ ^n<n><m><pl><ind><sl-m>{^leiar<n><m><pl><ind>$}$ ^aux<vblex><pres>{^vere<vblex><pres>$}$ ^adj<adj><pp><pl>{^representere<adj><pp><pl>$}$ ^pr<pr><på>{^på<pr>$}$ ^n<np><org><nt>{^Stortinget<np><org><nt>$}$^cm<cm><clb>{^,<cm><clb>$}$ ^aux<vblex><pres>{^vere<vblex><pres>$}$ ^pr<pr><mot>{^mot<pr>$}$ ^n<n><nt><sg><def><sl-nt>{^direktiv<n><nt><sg><def>$}$^sent<sent><clb>{^.<sent><clb>$}$
[/EZwrNUi1hzSQ]
[FO_vuYx7FXBk#0] ^N<np><top><gen>{^Toppen<np><top><gen>$}$ ^adj<adj><sint><pst><un><pl><ind>{^mange<adj><sint><pst><un><pl><ind>$}$ ^n<n><m><sg><def><sl-m>{^besøkjande<n><m><sg><def>$}$
[/FO_vuYx7FXBk]
[HHBbu-j6FG0G#0] ^Adv<adv><movable>{^den gong<adv>$}$ ^cnjsub<cnjsub><då>{^då<cnjsub>$}$
[/HHBbu-j6FG0G]
[OXMMBMz0vgXy#0] ^Adv<adv><movable>{^kvar<adv>$}$ ^vblex<vblex><pres>{^bu<vblex><pres>$}$ ^prn<prn><pers><p2><mf><sg><nom>{^du<prn><pers><p2><mf><sg><nom>$}$^sent<sent><clb>{^?<sent><clb>$}$
[/OXMMBMz0vgXy]
[OmxzUj8TdLiS#0] ^N<n><m><sg><ind><sl-m>{^Bcg-vaksine<n><m><sg><ind>$}$
[/OmxzUj8TdLiS]
[OzNaWYqbcC_B#0] ^N<n><m><sg><ind><sl-m>{^tomme<n><m><sg><ind>$}$ ^aux<vblex><pres><pasv>{^bli<vblex><pres>$}$ ^adj2vblex<adj><pp><nt><sg><ind><np-movable>{^mjølke<adj><pp><nt><sg><ind>$}$ ^n<n><f><pl><def><sl-f>{^ku<n><f><pl><def>$}$^sent<sent><clb>{^.<sent><clb>$}$
[/OzNaWYqbcC_B]
[RbWzpjShozou#0] ^Detdd<det><dem><m><sg>{^denne<det><dem><m><sg>$}$ ^vblex<vblex><pres>{^kunne<vblex><pres>$}$ ^vblex<vblex><inf>{^lese<vblex><inf>$}$ ^detenhver<det><qnt><un><pl>{^all<det><qnt><un><pl>$}$ ^n<n><nt><sg><ind><sl-nt>{^talet på<n><nt><sg><ind>$}$ ^n<n><nt><sg><ind><sl-nt>{^mellomrom<n><nt><sg><ind>$}$
[/RbWzpjShozou]
[S715ORqwY2O5#0] ^N<n><f><sg><def><sl-m>{^bok<n><f><sg><def>$}$ ^det<det><pos><m><sg>{^hans<det><pos><m><sg>$}$ ^aux<vblex><pres><pasv>{^bli<vblex><pres>$}$ ^adj2vblex<adj><pp><nt><sg><ind><np-movable>{^leste<adj><pp><nt><sg><ind>$}$
[/S715ORqwY2O5]
[Tq52siv1VBx5#0] ^Nn<n><f><sg><def><sl-m>{^dame<n><f><sg><def>$}$^cm<cm><aa>{^,<cm><aa>$}$ ^unknown<unknown>{^*hvems$}$ ^nn<n><m><sg><ind><sl-m>{^hund<n><m><sg><ind>$}$ ^vblex<vblex><pret>{^heite<vblex><pret>$}$ ^nn<np><ant><f>{^Bella<np><ant><f>$}$^cm<cm><clb><aa>{^,<cm><clb><aa>$}$ ^vblex<vblex><pret>{^eige<vblex><pret>$}$ ^det<det><qnt><GD><sg>{^ein<det><qnt><GD><sg>$}$ ^nn<n><m><sg><ind><sl-m>{^villa<n><m><sg><ind>$}$^sent<sent><clb><aa>{^.<sent><clb><aa>$}$
[/Tq52siv1VBx5]
[VQpYd6wfbvcE#0] ^Prn<prn><pers><p3><nt><sg><nom>{^den<prn><pers><p3><nt><sg><nom>$}$ ^aux<vblex><pres>{^vere<vblex><pres>$}$ ^n<n><m><sg><def><sl-m>{^by<n><m><sg><def>$}$ ^adv<adv><movable>{^kvar<adv>$}$ ^prn<prn><pers><p1><mf><sg><nom>{^eg<prn><pers><p1><mf><sg><nom>$}$ ^aux<vblex><pres>{^vere<vblex><pres>$}$ ^adj_adj<adj><pst><mf><sg><ind>{^god<adj><sint><sup><un><sp><ind>$ ^kjend<adj><pst><mf><sg><ind>$}$^sent<sent><clb>{^.<sent><clb>$}$
[/VQpYd6wfbvcE]
[V_Q8-2h8HHVw#0] ^Prn<prn><pers><p3><m><sg><nom>{^han<prn><pers><p3><m><sg><nom>$}$ ^vblex<vblex><pres>{^kalle<vblex><pres>$}$ ^prn<prn><pers><p3><un><pl><acc>{^dei<prn><pers><p3><un><pl><acc>$}$ ^adj<adj><pst><mf><sg><ind>{^verdskjend<adj><pst><mf><sg><ind>$}$^sent<sent><clb>{^.<sent><clb>$}$
[/V_Q8-2h8HHVw]
[_Fr3w5CGmjr7#0] ^Adv<adv><movable>{^i dag<adv>$}$ ^aux<vblex><pres><pasv>{^bli<vblex><pres>$}$ ^adj2vblex<adj><pp><nt><sg><ind><np-movable>{^rekne<adj><pp><nt><sg><ind>$}$ ^prn<prn><dem><nt><sg><nom>{^denne<prn><dem><nt><sg><nom>$}$ ^adv<adv><movable>{^ikkje<adv>$}$ ^adv<adv><movable>{^lenger<adv>$}$ ^pr<pr><som>{^som<pr>$}$ ^det<det><qnt><nt><sg>{^noko<det><qnt><nt><sg>$}$ ^adj_n<n><nt><sg><ind><sl-nt>{^reell<adj><pst><nt><sg><ind>$ ^mål<n><nt><sg><ind>$}$
[/_Fr3w5CGmjr7]
[a1GFZF8gIoDn#0] ^N<n><m><sg><def><sl-m>{^mann<n><m><sg><def>$}$ ^pr<pr><som>{^som<pr>$}$ ^prn<prn><pers><p1><mf><sg><nom>{^eg<prn><pers><p1><mf><sg><nom>$}$ ^vblex<vblex><pret>{^sjå<vblex><pret>$}$
[/a1GFZF8gIoDn]
[af1lsSK7f5VZ#0] ^Det<det><qnt><GD><sg>{^ein<det><qnt><GD><sg>$}$ ^n<n><m><sg><ind><sl-m>{^lærar<n><m><sg><ind>$}$ ^vblex<vblex><pres>{^lære<vblex><pres>$}$ ^adv<adv>{^bort<adv>$}$ ^adv<adv>{^like<adv>$}$ ^adj<adj><sint><pst><nt><sg><ind>{^mykje<adj><sint><pst><nt><sg><ind>$}$ ^cnjsub<cnjsub><som>{^som<cnjsub>$}$ ^n<n><m><pl><def><sl-m>{^elev<n><m><pl><def>$}$ ^vblex<vblex><pres>{^kunne<vblex><pres>$}$^sent<sent><clb>{^.<sent><clb>$}$
[/af1lsSK7f5VZ]
[aiI4rYkyc2u5#0] ^Adv<adv>{^bort<adv>$}$ ^vblex<vblex><pret>{^flyge<vblex><pret>$}$ ^n<n><f><pl><def><sl-f>{^kråke<n><f><pl><def>$}$ ^vblex<vblex><pp>{^skremme<vblex><pp>$}$^sent<sent><clb>{^.<sent><clb>$}$
[/aiI4rYkyc2u5]
[bCpA9zw4pMIG#0] ^N<n><f><sg><def><sl-m>{^bok<n><f><sg><def>$}$ ^aux<vblex><pres><pasv>{^bli<vblex><pres>$}$ ^adj2vblex<adj><pp><nt><sg><ind><np-movable>{^leste<adj><pp><nt><sg><ind>$}$
[/bCpA9zw4pMIG]
[bOxuOOUuV7lk#0] ^pr<pr><for>{^for<pr>$}$ ^det<det><pos><m><sg>{^min<det><pos><m><sg>$}$ ^n<n><m><sg><ind><sl-m><keep-sin><keepgenx>{^del<n><m><sg><ind>$}$
[/bOxuOOUuV7lk]
[cf8IcPczd2_H#0] ^Detdd<det><dem><un><pl>{^den<det><dem><un><pl>$}$ ^det<det><qnt><un><pl>{^to<det><qnt><un><pl>$}$ ^nn<n><f><pl><def><sl-m>{^ku<n><f><pl><def>$}$ ^vblex<vblex><pres>{^skulle<vblex><pres>$}$ ^aux<vblex><inf>{^ha<vblex><inf>$}$ ^aux<vblex><pp>{^bli<vblex><pp>$}$ ^vblex<vblex><pp>{^slå<vblex><pp>$}$ ^n_adj<adj><sint><pst><un><pl><ind>{^helse<n><f><sg><ind><cmp>$^laus<adj><sint><pst><un><pl><ind>$}$^sent<sent><clb><aa>{^.<sent><clb><aa>$}$
[/cf8IcPczd2_H]
[ebGbfyCDglJj#0] ^prn<prn><pers><p3><nt><sg><nom>{^den<prn><pers><p3><nt><sg><nom>$}$ ^aux<vblex><pres>{^vere<vblex><pres>$}$ ^det<det><qnt><nt><sg>{^ein<det><qnt><nt><sg>$}$ ^n<n><nt><sg><ind><sl-nt>{^ønske<n><nt><sg><ind>$}$ ^prn<prn><pers><p1><un><pl><nom>{^vi<prn><pers><p1><un><pl><nom>$}$ ^vblex<vblex><pres>{^dele<vblex><pres>$}$
[/ebGbfyCDglJj]
[fdMaD0JM37sZ#0] ^Nn<n><f><sg><def><sl-m>{^dame<n><f><sg><def>$}$^cm<cm><aa>{^,<cm><aa>$}$ ^cnjsub<cnjsub><viss>{^viss<cnjsub>$}$ ^nn<n><m><sg><ind><sl-m>{^hund<n><m><sg><ind>$}$ ^vblex<vblex><pret>{^heite<vblex><pret>$}$ ^nn<np><ant><f>{^Bella<np><ant><f>$}$^cm<cm><clb><aa>{^,<cm><clb><aa>$}$ ^vblex<vblex><pret>{^eige<vblex><pret>$}$ ^det<det><qnt><GD><sg>{^ein<det><qnt><GD><sg>$}$ ^nn<n><m><sg><ind><sl-m>{^villa<n><m><sg><ind>$}$^sent<sent><clb><aa>{^.<sent><clb><aa>$}$
[/fdMaD0JM37sZ]
[fkZpNI7cKMc5#0] ^N<n><m><sg><def><sl-m>{^mann<n><m><sg><def>$}$ ^pr<pr><i>{^i<pr>$}$ ^gen-prep<pr>{^til<pr>$}$ ^n<n><f><sg><def><gen><casedrop><sl-f>{^gate<n><f><sg><def><gen>$}$ ^n<n><f><sg><ind><sl-f><keep-sin>{^meining<n><f><sg><ind>$}$
[/fkZpNI7cKMc5]
[gof_TU9VxwKD#0] ^N<np><ant><m><gen>{^Kristoffer<np><ant><m><gen>$}$ ^n<n><m><sg><ind><sl-m>{^katt<n><m><sg><ind>$}$
[/gof_TU9VxwKD]
[iR1xrpZ3yodT#0] ^Detall<det><qnt><nt><sg>{^all<det><qnt><nt><sg>$}$ ^pr<pr><for>{^for<pr>$}$ ^det<det><qnt><un><pl>{^mange<det><qnt><un><pl>$}$ ^vblex<vblex><pres>{^henge¹<vblex><pres>$}$ ^prn<prn><ref><p3><un><sp><acc>{^seg<prn><ref><p3><un><sp><acc>$}$ ^adv<adv>{^så<adv>$}$ ^adv<adv>{^opp<adv>$}$ ^pr<pr><i>{^i<pr>$}$ ^infm<part>{^å<part>$}$ ^unknown<unknown>{^*tilfredstille$}$ ^nn<n><nt><sg><ind><sl-nt>{^publikum<n><nt><sg><ind>$}$ ^cnjsub<cnjsub><at>{^at<cnjsub>$}$ ^nn<n><m><sg><ind><sl-m>{^musikk<n><m><sg><ind>$}$ ^adv<adv><movable>{^nesten<adv>$}$ ^aux<vblex><pres>{^bli<vblex><pres>$}$ ^det<det><qnt><GD><sg>{^ein<det><qnt><GD><sg>$}$ ^n_n<n><m><sg><ind><gen><sl-m>{^andre<n><m><sg><ind><cmp>$^rang<n><m><sg><ind><gen>$}$ ^nn<n><f><sg><ind><sl-m>{^greie<n><f><sg><ind>$}$
[/iR1xrpZ3yodT]
[kpxqvmF7UfXC#0] ^Det<det><qnt><GD><sg>{^ein<det><qnt><GD><sg>$}$ ^n<n><m><sg><ind><sl-m>{^gut<n><m><sg><ind>$}$ ^cnjcoo<cnjcoo>{^og<cnjcoo>$}$ ^det<det><qnt><GD><sg>{^ein<det><qnt><GD><sg>$}$ ^n<n><f><sg><ind><sl-m>{^jente<n><f><sg><ind>$}$ ^aux<vblex><pret>{^vere<vblex><pret>$}$ ^vblex<vblex><pp>{^stikke<vblex><pp># av$}$ ^n<n><m><sg><def><sl-m><pr_til>{^veps<n><m><sg><def>$}$^sent<sent><clb>{^.<sent><clb>$}$
[/kpxqvmF7UfXC]
[mbi1mbzcrA1d#0] ^N<n><m><sg><def><sl-m>{^båt<n><m><sg><def>$}$ ^cnjsub<cnjsub><som>{^som<cnjsub>$}$ ^prn<prn><pers><p1><un><pl><nom>{^vi<prn><pers><p1><un><pl><nom>$}$ ^vblex<vblex><pres>{^måle¹<vblex><pres>$}$ ^adj<adj><sint><pst><mf><sg><ind>{^lekker<adj><sint><pst><mf><sg><ind>$}$^sent<sent><clb>{^.<sent><clb>$}$
[/mbi1mbzcrA1d]
[p-jSJLv19g9Z#0] ^Vblex<vblex><pres>{^vilje<vblex><pres>$}$ ^prn<prn><pers><p2><mf><sg><nom>{^du<prn><pers><p2><mf><sg><nom>$}$ ^vblex<vblex><inf>{^låne<vblex><inf>$}$ ^det<det><qnt><un><neg><pl>{^noko<det><qnt><un><neg><pl>$}$ ^n<n><m><pl><ind><sl-m>{^penge<n><m><pl><ind>$}$ ^pr<pr><av>{^av<pr>$}$ ^prn<prn><pers><p1><mf><sg><acc>{^eg<prn><pers><p1><mf><sg><acc>$}$^sent<sent><clb>{^?<sent><clb>$}$
[/p-jSJLv19g9Z]
[qd2EKLs38dQ_#0] ^Detdd<det><dem><m><sg>{^den<det><dem><m><sg>$}$ ^gen-prep<pr>{^til<pr>$}$ ^adj_n<n><m><sg><def><gen><casedrop><sl-m>{^rar<adj><sint><pst><un><sp><def>$ ^nabo<n><m><sg><def><gen>$}$ ^n<n><m><sg><ind><sl-m><keep-sin><pr_til>{^måte<n><m><sg><ind>$}$ ^infm<part>{^å<part>$}$ ^vblex<vblex><inf>{^sykle<vblex><inf>$}$
[/qd2EKLs38dQ_]
[raJrn-3eW0wP#0] ^Pr<pr><på>{^på<pr>$}$ ^nn<adv><n><m><sg><ind>{^fredag<n><m><sg><ind>$}$ ^aux<vblex><pres><pasv>{^bli<vblex><pres>$}$ ^adj2vblex<adj><pp><nt><sg><ind><np-movable>{^selje<adj><pp><nt><sg><ind>$}$ ^adv<adv><movable>{^nok<adv>$}$ ^nn<n><f><pl><def><sl-f>{^ku<n><f><pl><def>$}$^sent<sent><clb><aa>{^.<sent><clb><aa>$}$
[/raJrn-3eW0wP]
